["/data/vla-infrastructure/core-reconcile-validation/20260919T082843.713211Z/env/bin/python", "tools/lint_docs.py", "--base", "bc6d6a387b195025fded5c954fea8954e667c73c"]
INDEX: 1044 entries; classification {'current': 122, 'historical': 922}
HISTORICAL PRESERVATION: PASS (819 frozen files vs bc6d6a387b195025fded5c954fea8954e667c73c)
KNOWN HISTORICAL INTEGRITY DEBT: UNRESOLVED; see docs/plans/DOCUMENTATION_GOVERNANCE.md. Bundle authenticity and external artifacts NOT CHECKED.
- docs/experiments/20261009_live_camera_recording_30hz/meaningful_episode/REPORT.md: local links must be repository-relative: /data/ebulochkin/vla-runtime/live30-meaningful-episode-20261009/preview08/episode-three-views.mp4
- docs/experiments/20261009_live_camera_recording_30hz/meaningful_episode/REPORT.md: local links must be repository-relative: /data/ebulochkin/vla-runtime/live30-meaningful-episode-20261009/preview08/episode-scene.mp4
DOC GOVERNANCE CHECKS: FAIL

["/data/vla-infrastructure/core-reconcile-validation/20260919T082843.713211Z/env/bin/python", "tools/lint_spec_references.py"]
SPEC REFERENCE LINT OK

["/data/vla-infrastructure/core-reconcile-validation/20260919T082843.713211Z/env/bin/python", "tools/validate_resolved_contract.py", "configs/resolved_contract.yaml"]
CONTRACT STRUCTURALLY VALID
CONTRACT SEMANTICALLY VALID
FINAL RC NOT READY
BLOCKERS: D1, G1, D2a, M1, E1, E2, E3, R0, R1, R1B, R2, D2b, DM, DQ, HIL, R3, B0

["/data/vla-infrastructure/core-reconcile-validation/20260919T082843.713211Z/env/bin/python", "tools/generate_manifest.py", "verify"]
MANIFEST OK: 110 reviewed files

["/data/vla-infrastructure/core-reconcile-validation/20260919T082843.713211Z/env/bin/ruff", "check", "/home/ebulochkin/vla_infrastructure/tools/isaac_vr_standalone.py", "/home/ebulochkin/vla_infrastructure/tools/isaac_vr_standalone_view.py", "/home/ebulochkin/vla_infrastructure/tools/isaac_vr_standalone_scene.py", "/home/ebulochkin/vla_infrastructure/tools/isaac_vr_standalone_worker.py", "/home/ebulochkin/vla_infrastructure/tools/isaac_vr_standalone_ik.py", "/home/ebulochkin/vla_infrastructure/tools/isaac_vr_live_worker.py", "/home/ebulochkin/vla_infrastructure/tools/isaac_vr_live_gpu.py", "/home/ebulochkin/vla_infrastructure/tools/isaac_vr_live_nvenc.py", "/home/ebulochkin/vla_infrastructure/tools/run_single_gpu_live_recording.py", "/home/ebulochkin/vla_infrastructure/tools/isaac_s2_runtime.py", "/home/ebulochkin/vla_infrastructure/tools/isaac_vr_injected_recording.py", "/home/ebulochkin/vla_infrastructure/tools/isaac_vr_recording.py", "/home/ebulochkin/vla_infrastructure/tests/test_isaac_vr_standalone_scene.py", "/home/ebulochkin/vla_infrastructure/tests/test_isaac_vr_standalone_owner.py", "/home/ebulochkin/vla_infrastructure/tests/test_isaac_vr_standalone_worker.py", "/home/ebulochkin/vla_infrastructure/tests/test_isaac_vr_live_media.py", "/home/ebulochkin/vla_infrastructure/docs/experiments/20261009_live_camera_recording_30hz/deep_research/live_mirror.py", "/home/ebulochkin/vla_infrastructure/docs/experiments/20261009_live_camera_recording_30hz/deep_research/verify_live_source.py", "/home/ebulochkin/vla_infrastructure/docs/experiments/20261009_live_camera_recording_30hz/deep_research/optical_witness.py", "/home/ebulochkin/vla_infrastructure/docs/experiments/20261009_live_camera_recording_30hz/meaningful_episode/export_preview.py", "/home/ebulochkin/vla_infrastructure/docs/experiments/20261009_live_camera_recording_30hz/single_gpu/check_repository.py"]
All checks passed!

["/data/vla-infrastructure/core-reconcile-validation/20260919T082843.713211Z/env/bin/python", "-m", "pytest", "-q", "tests/test_docs_governance.py", "tests/test_validator_baseline.py", "tests/test_validator_negative.py", "tests/test_manifest.py", "tests/test_isaac_vr_recording.py", "tests/test_isaac_vr_injected_recording.py", "tests/test_isaac_s2_recording_runtime.py", "tests/test_isaac_vr_recording_contract.py", "tests/test_isaac_s2_processor.py", "tests/test_isaac_s2_upstream.py", "tests/test_isaac_vr_config.py", "tests/test_isaac_vr_camera_rendering.py", "tests/test_temporal_recording_path.py", "tests/test_isaac_vr_live_media.py", "tests/test_isaac_vr_standalone_owner.py", "tests/test_isaac_vr_standalone_scene.py", "tests/test_isaac_vr_standalone_worker.py"]
.F...................................................................... [ 20%]
........................................................................ [ 41%]
........................................................................ [ 62%]
...................................ssssssssssssssssssssssssssss......... [ 83%]
..........................F.FF..................ssssssssss               [100%]
=================================== FAILURES ===================================
___________ test_repository_coverage_is_part_of_normal_offline_tests ___________

    def test_repository_coverage_is_part_of_normal_offline_tests():
        found, _ = docs.check(Path(__file__).resolve().parents[1])
>       assert found == []
E       AssertionError: assert ['docs/experi...de-scene.mp4'] == []
E         
E         Left contains 2 more items, first extra item: 'docs/experiments/20261009_live_camera_recording_30hz/meaningful_episode/REPORT.md: local links must be repository-relative: /data/ebulochkin/vla-runtime/live30-meaningful-episode-20261009/preview08/episode-three-views.mp4'
E         Use -v to get more diff

tests/test_docs_governance.py:90: AssertionError
_ WorkerProtocolTests.test_fatal_quarantine_skips_renderer_finalizers_and_exits_process _

self = <test_isaac_vr_live_media.WorkerProtocolTests testMethod=test_fatal_quarantine_skips_renderer_finalizers_and_exits_process>

    def test_fatal_quarantine_skips_renderer_finalizers_and_exits_process(self):
        parent = self.consumer_class
    
        class FatalConsumer(parent):
            def finish(self):
                self.closed = True
                self.receipt = dict(passed=False, owners_quarantined=True)
                raise RuntimeError("fatal CUDA fence")
    
        self.consumer_class = FatalConsumer
    
        class FatalExit(BaseException):
            pass
    
        with patch.object(self.worker.os, "_exit", side_effect=FatalExit):
>           with self.assertRaises(FatalExit):
                 ^^^^^^^^^^^^^^^^^^^^^^^^^^^^
E           AssertionError: FatalExit not raised

tests/test_isaac_vr_live_media.py:703: AssertionError
___________ WorkerProtocolTests.test_source_duplicate_aborts_segment ___________

self = <test_isaac_vr_live_media.WorkerProtocolTests testMethod=test_source_duplicate_aborts_segment>

    def test_source_duplicate_aborts_segment(self):
        self.conn.incoming.insert(1, dict(self.conn.incoming[0]))
        self.assertEqual(self.execute(), 1)
>       self.assertEqual([row["kind"] for row in self.conn.sent], ["ready", "ack", "error"])
E       AssertionError: Lists differ: ['error'] != ['ready', 'ack', 'error']
E       
E       First differing element 0:
E       'error'
E       'ready'
E       
E       Second list contains 2 additional elements.
E       First extra element 1:
E       'ack'
E       
E       - ['error']
E       + ['ready', 'ack', 'error']

tests/test_isaac_vr_live_media.py:685: AssertionError
_ WorkerProtocolTests.test_warmup_actual_three_role_calls_before_ready_fresh_source_clock _

self = <test_isaac_vr_live_media.WorkerProtocolTests testMethod=test_warmup_actual_three_role_calls_before_ready_fresh_source_clock>

    def test_warmup_actual_three_role_calls_before_ready_fresh_source_clock(self):
>       self.assertEqual(self.execute(), 0)
E       AssertionError: 1 != 0

tests/test_isaac_vr_live_media.py:640: AssertionError
=========================== short test summary info ============================
FAILED tests/test_docs_governance.py::test_repository_coverage_is_part_of_normal_offline_tests
FAILED tests/test_isaac_vr_live_media.py::WorkerProtocolTests::test_fatal_quarantine_skips_renderer_finalizers_and_exits_process
FAILED tests/test_isaac_vr_live_media.py::WorkerProtocolTests::test_source_duplicate_aborts_segment
FAILED tests/test_isaac_vr_live_media.py::WorkerProtocolTests::test_warmup_actual_three_role_calls_before_ready_fresh_source_clock
4 failed, 304 passed, 38 skipped in 13.20s

["git", "diff", "--check", "--", ".", ":(exclude)**/*.log"]

["git", "diff", "--cached", "--check", "--", ".", ":(exclude)**/*.log"]

