VR output: /tmp/vr-physics-rtf-20260924/old/runs/20260924T161742870770Z-run-dual_cube_to_matching_plates-hud-off
Quest WebXR client: https://nvidia.github.io/IsaacTeleop/client/release-1.4.x/
Quest client setup: Open the exact URL in the headset, select Isaac Lab, press Reset to defaults, then select the Quest 3 device profile before connecting.
VR command: /data/vla-infrastructure/isaac61_production/env/bin/python /home/ebulochkin/vla_infrastructure/tools/run_isaac_s1.py --config /tmp/vr-physics-rtf-20260924/old/runs/20260924T161742870770Z-run-dual_cube_to_matching_plates-hud-off/runtime.yaml --s2-config /home/ebulochkin/vla_infrastructure/configs/isaac61_s2_runtime.yaml --vr-runtime --s2-mode run --s2-teleop --demo-profile dual_cube_to_matching_plates --device cuda:0 --kit_args --portable-root /tmp/vr-physics-rtf-20260924/old/kit --/renderer/scenePartitioning/enabled=true --/rtx/scenePartitioning/showAllPartitionsByDefault=true --enable omni.kit.scene_view.xr --demo-preview-isolation scene-partitions --report /tmp/vr-physics-rtf-20260924/old/runs/20260924T161742870770Z-run-dual_cube_to_matching_plates-hud-off/result.json --s2-max-control-steps 330 --viz kit --demo-preview-scene --s2-cloudxr-profile standalone --no-s2-require-session --s2-reset-step 30
Loading user config located at: '/tmp/vr-physics-rtf-20260924/old/kit/data/Kit/IsaacLab/3.0/user.config.json'
2026-09-24T16:17:49Z [Info] [carb] Logging to file: /tmp/vr-physics-rtf-20260924/old/kit/logs/Kit/IsaacLab/3.0/kit_20260924_191749.log
2026-09-24T16:17:49Z [3ms] [Warning] [omni.ext.plugin] [ext: isaaclab_ovphysx] Extensions config 'extension.toml' doesn't exist '/data/vla-infrastructure/isaac61_production/IsaacLab/source/isaaclab_ovphysx' or '/data/vla-infrastructure/isaac61_production/IsaacLab/source/isaaclab_ovphysx/config'
2026-09-24T16:17:49Z [3ms] [Warning] [omni.ext.plugin] [ext: isaaclab_teleop] Extensions config 'extension.toml' doesn't exist '/data/vla-infrastructure/isaac61_production/IsaacLab/source/isaaclab_teleop' or '/data/vla-infrastructure/isaac61_production/IsaacLab/source/isaaclab_teleop/config'
2026-09-24T16:17:49Z [3ms] [Warning] [omni.ext.plugin] [ext: isaaclab] Extensions config 'extension.toml' doesn't exist '/data/vla-infrastructure/isaac61_production/IsaacLab/source/isaaclab' or '/data/vla-infrastructure/isaac61_production/IsaacLab/source/isaaclab/config'
2026-09-24T16:17:49Z [3ms] [Warning] [omni.ext.plugin] [ext: isaaclab_newton] Extensions config 'extension.toml' doesn't exist '/data/vla-infrastructure/isaac61_production/IsaacLab/source/isaaclab_newton' or '/data/vla-infrastructure/isaac61_production/IsaacLab/source/isaaclab_newton/config'
2026-09-24T16:17:49Z [3ms] [Warning] [omni.ext.plugin] [ext: isaaclab_mimic] Extensions config 'extension.toml' doesn't exist '/data/vla-infrastructure/isaac61_production/IsaacLab/source/isaaclab_mimic' or '/data/vla-infrastructure/isaac61_production/IsaacLab/source/isaaclab_mimic/config'
2026-09-24T16:17:49Z [4ms] [Warning] [omni.ext.plugin] [ext: isaaclab_ov] Extensions config 'extension.toml' doesn't exist '/data/vla-infrastructure/isaac61_production/IsaacLab/source/isaaclab_ov' or '/data/vla-infrastructure/isaac61_production/IsaacLab/source/isaaclab_ov/config'
2026-09-24T16:17:49Z [4ms] [Warning] [omni.ext.plugin] [ext: isaaclab_ppisp] Extensions config 'extension.toml' doesn't exist '/data/vla-infrastructure/isaac61_production/IsaacLab/source/isaaclab_ppisp' or '/data/vla-infrastructure/isaac61_production/IsaacLab/source/isaaclab_ppisp/config'
2026-09-24T16:17:49Z [7ms] [Warning] [omni.ext.plugin] [ext: isaaclab_assets] Extensions config 'extension.toml' doesn't exist '/data/vla-infrastructure/isaac61_production/IsaacLab/source/isaaclab_assets' or '/data/vla-infrastructure/isaac61_production/IsaacLab/source/isaaclab_assets/config'
2026-09-24T16:17:49Z [7ms] [Warning] [omni.ext.plugin] [ext: isaaclab_contrib] Extensions config 'extension.toml' doesn't exist '/data/vla-infrastructure/isaac61_production/IsaacLab/source/isaaclab_contrib' or '/data/vla-infrastructure/isaac61_production/IsaacLab/source/isaaclab_contrib/config'
2026-09-24T16:17:49Z [7ms] [Warning] [omni.ext.plugin] [ext: isaaclab_tasks] Extensions config 'extension.toml' doesn't exist '/data/vla-infrastructure/isaac61_production/IsaacLab/source/isaaclab_tasks' or '/data/vla-infrastructure/isaac61_production/IsaacLab/source/isaaclab_tasks/config'
2026-09-24T16:17:49Z [8ms] [Warning] [omni.ext.plugin] [ext: isaaclab_physx] Extensions config 'extension.toml' doesn't exist '/data/vla-infrastructure/isaac61_production/IsaacLab/source/isaaclab_physx' or '/data/vla-infrastructure/isaac61_production/IsaacLab/source/isaaclab_physx/config'
2026-09-24T16:17:49Z [8ms] [Warning] [omni.ext.plugin] [ext: isaaclab_rl] Extensions config 'extension.toml' doesn't exist '/data/vla-infrastructure/isaac61_production/IsaacLab/source/isaaclab_rl' or '/data/vla-infrastructure/isaac61_production/IsaacLab/source/isaaclab_rl/config'
2026-09-24T16:17:49Z [8ms] [Warning] [omni.ext.plugin] [ext: isaaclab_visualizers] Extensions config 'extension.toml' doesn't exist '/data/vla-infrastructure/isaac61_production/IsaacLab/source/isaaclab_visualizers' or '/data/vla-infrastructure/isaac61_production/IsaacLab/source/isaaclab_visualizers/config'
2026-09-24T16:17:49Z [8ms] [Warning] [omni.ext.plugin] [ext: isaaclab_experimental] Extensions config 'extension.toml' doesn't exist '/data/vla-infrastructure/isaac61_production/IsaacLab/source/isaaclab_experimental' or '/data/vla-infrastructure/isaac61_production/IsaacLab/source/isaaclab_experimental/config'
WARNING: All log messages before absl::InitializeLog() is called are written to STDERR
E0000 00:00:1790266670.002201 2782744 descriptor_database.cc:633] File already exists in database: grpc/health/v1/health.proto
W0000 00:00:1790266670.002222 2782744 message.cc:301] Protobuf GeneratedMessageFactory: File is already registered: grpc/health/v1/health.proto
2026-09-24T16:17:49Z [8ms] [Warning] [omni.ext.plugin] [ext: isaaclab_tasks_experimental] Extensions config 'extension.toml' doesn't exist '/data/vla-infrastructure/isaac61_production/IsaacLab/source/isaaclab_tasks_experimental' or '/data/vla-infrastructure/isaac61_production/IsaacLab/source/isaaclab_tasks_experimental/config'
2026-09-24T16:17:50Z [276ms] [Warning] [omni.platforminfo.plugin] failed to open the default display.  Can't verify X Server version.
2026-09-24T16:17:50Z [405ms] [Warning] [carb.windowing-glfw.plugin] GLFW initialization failed.
2026-09-24T16:17:50Z [405ms] [Warning] [carb] Failed to startup plugin carb.windowing-glfw.plugin (interfaces: [carb::windowing::IGLContext v1.0],[carb::windowing::IWindowing v1.5]) (impl: carb.windowing-glfw.plugin)
2026-09-24T16:17:50Z [472ms] [Warning] [omni.rtx] Skipping unsupported non-NVIDIA GPU: Intel(R) Graphics (RPL-S)
2026-09-24T16:17:50Z [472ms] [Warning] [omni.rtx] Skipping unsupported non-NVIDIA GPU: Intel(R) Graphics (RPL-S)

|---------------------------------------------------------------------------------------------|
| Driver Version: 580.159.03    | Graphics API: Vulkan
|=============================================================================================|
| GPU | Name                             | Active | LDA | GPU Memory | Vendor-ID | LUID       |
|     |                                  |        |     |            | Device-ID | UUID       |
|     |                                  |        |     |            | Bus-ID    |            |
|---------------------------------------------------------------------------------------------|
| 0   | NVIDIA GeForce RTX 4090          | Yes: 0 |     | 24564   MB | 10de      | 0          |
|     |                                  |        |     |            | 2684      | 0b554a02.. |
|     |                                  |        |     |            | 1         |            |
|---------------------------------------------------------------------------------------------|
| 1   | Intel(R) Graphics (RPL-S)        |        |     | 23894   MB | 8086      | 0          |
|     |                                  |        |     |            | a780      | 868080a7.. |
|     |                                  |        |     |            | 0         |            |
|=============================================================================================|
| OS: 22.04.5 LTS (Jammy Jellyfish) ubuntu, Version: 22.04.5, Kernel: 6.8.0-124-generic
| Processor: 13th Gen Intel(R) Core(TM) i7-13700K
| Bare Metal Cores: 16 | Bare Metal Logical Cores: 32
| Available Cores:  24
|---------------------------------------------------------------------------------------------|
| Total Memory (MB): 31859 | Free Memory: 26362
| Total Page/Swap (MB): 67583 | Free Page/Swap: 64539
|---------------------------------------------------------------------------------------------|
2026-09-24T16:17:50Z [747ms] [Warning] [omni.rtx] CPU performance profile is set to powersave. This profile sets the CPU to the lowest frequency reducing performance.
2026-09-24T16:17:50Z [749ms] [Warning] [omni.rtx] IOMMU is enabled.
2026-09-24T16:17:51Z [1,345ms] [Warning] [carb.windowing-glfw.plugin] GLFW initialization failed.
2026-09-24T16:17:51Z [1,345ms] [Warning] [carb] Failed to startup plugin carb.windowing-glfw.plugin (interfaces: [carb::windowing::IGLContext v1.0],[carb::windowing::IWindowing v1.5]) (impl: carb.windowing-glfw.plugin)
2026-09-24T16:17:51Z [1,409ms] [Warning] [omni.log] Source: omni.hydra was already registered.
2026-09-24T16:17:51Z [1,428ms] [Warning] [carb.windowing-glfw.plugin] GLFW initialization failed.
2026-09-24T16:17:51Z [1,428ms] [Warning] [carb] Failed to startup plugin carb.windowing-glfw.plugin (interfaces: [carb::windowing::IGLContext v1.0],[carb::windowing::IWindowing v1.5]) (impl: carb.windowing-glfw.plugin)
2026-09-24T16:17:51Z [1,430ms] [Warning] [carb.windowing-glfw.plugin] GLFW initialization failed.
2026-09-24T16:17:51Z [1,430ms] [Warning] [carb] Failed to startup plugin carb.windowing-glfw.plugin (interfaces: [carb::windowing::IGLContext v1.0],[carb::windowing::IWindowing v1.5]) (impl: carb.windowing-glfw.plugin)
[ISAACLAB] AppLauncher initialization complete
[ISAACLAB] Kit version: 110.3.0+feature.371399.00c488ae.gl
[ISAACLAB] Kit kernel:  210.3.2+release.14366.2926fc80.gl
[ISAACLAB] Kit hash:    00c488ae
[S1] loading checked configuration
[VR] profile=dual_cube_to_matching_plates physical_human_gate=required
[INFO]: Registered backend 'physx' for factory RigidObject.
[INFO]: Registered backend 'physx' for factory Articulation.
[INFO]: Created new renderer for simulation: IsaacRtxRenderer
[INFO]: Using renderer: IsaacRtxRenderer
[INFO]: Using renderer: IsaacRtxRenderer
[INFO]: Using renderer: IsaacRtxRenderer
[INFO]: Registered backend 'physx' for factory ContactSensor.
[INFO]: Simulation parameters for joints in /World/LeftPiper:
+---------------------------------------------------------------------------------------------------------------------------------------------------------------------+
|                                                      Simulation Joint Information (Prim path: /World/LeftPiper)                                                     |
+-------+----------------+-----------+---------+----------+-----------------+------------------+------------------+-----------------+-----------------+---------------+
| Index | Name           | Stiffness | Damping | Armature | Static Friction | Dynamic Friction | Viscous Friction | Position Limits | Velocity Limits | Effort Limits |
+-------+----------------+-----------+---------+----------+-----------------+------------------+------------------+-----------------+-----------------+---------------+
|   0   | joint1         |  400.000  |  40.000 |  0.000   |      0.000      |      0.000       |      0.000       | [-2.618, 2.618] |      5.000      |    100.000    |
|   1   | joint2         |  400.000  |  40.000 |  0.000   |      0.000      |      0.000       |      0.000       |  [0.000, 3.142] |      5.000      |    100.000    |
|   2   | joint3         |  400.000  |  40.000 |  0.000   |      0.000      |      0.000       |      0.000       | [-2.967, 0.000] |      5.000      |    100.000    |
|   3   | joint4         |  400.000  |  40.000 |  0.000   |      0.000      |      0.000       |      0.000       | [-1.553, 1.553] |      5.000      |    100.000    |
|   4   | joint5         |  400.000  |  40.000 |  0.000   |      0.000      |      0.000       |      0.000       | [-1.553, 1.553] |      5.000      |    100.000    |
|   5   | joint6         |  400.000  |  40.000 |  0.000   |      0.000      |      0.000       |      0.000       | [-2.094, 2.094] |      5.000      |    100.000    |
|   6   | gripper        |  400.000  |  40.000 |  0.000   |      0.000      |      0.000       |      0.000       |  [0.000, 0.100] |      3.000      |     2.000     |
|   7   | gripper_joint1 |   0.000   |  0.000  |  0.000   |      0.000      |      0.000       |      0.000       |  [0.000, 0.050] |      3.000      |     1.000     |
|   8   | gripper_joint2 |   0.000   |  0.000  |  0.000   |      0.000      |      0.000       |      0.000       | [-0.050, 0.000] |      3.000      |     1.000     |
+-------+----------------+-----------+---------+----------+-----------------+------------------+------------------+-----------------+-----------------+---------------+
[INFO]: Simulation parameters for joints in /World/RightPiper:
+---------------------------------------------------------------------------------------------------------------------------------------------------------------------+
|                                                     Simulation Joint Information (Prim path: /World/RightPiper)                                                     |
+-------+----------------+-----------+---------+----------+-----------------+------------------+------------------+-----------------+-----------------+---------------+
| Index | Name           | Stiffness | Damping | Armature | Static Friction | Dynamic Friction | Viscous Friction | Position Limits | Velocity Limits | Effort Limits |
+-------+----------------+-----------+---------+----------+-----------------+------------------+------------------+-----------------+-----------------+---------------+
|   0   | joint1         |  400.000  |  40.000 |  0.000   |      0.000      |      0.000       |      0.000       | [-2.618, 2.618] |      5.000      |    100.000    |
|   1   | joint2         |  400.000  |  40.000 |  0.000   |      0.000      |      0.000       |      0.000       |  [0.000, 3.142] |      5.000      |    100.000    |
|   2   | joint3         |  400.000  |  40.000 |  0.000   |      0.000      |      0.000       |      0.000       | [-2.967, 0.000] |      5.000      |    100.000    |
|   3   | joint4         |  400.000  |  40.000 |  0.000   |      0.000      |      0.000       |      0.000       | [-1.553, 1.553] |      5.000      |    100.000    |
|   4   | joint5         |  400.000  |  40.000 |  0.000   |      0.000      |      0.000       |      0.000       | [-1.553, 1.553] |      5.000      |    100.000    |
|   5   | joint6         |  400.000  |  40.000 |  0.000   |      0.000      |      0.000       |      0.000       | [-2.094, 2.094] |      5.000      |    100.000    |
|   6   | gripper        |  400.000  |  40.000 |  0.000   |      0.000      |      0.000       |      0.000       |  [0.000, 0.100] |      3.000      |     2.000     |
|   7   | gripper_joint1 |   0.000   |  0.000  |  0.000   |      0.000      |      0.000       |      0.000       |  [0.000, 0.050] |      3.000      |     1.000     |
|   8   | gripper_joint2 |   0.000   |  0.000  |  0.000   |      0.000      |      0.000       |      0.000       | [-0.050, 0.000] |      3.000      |     1.000     |
+-------+----------------+-----------+---------+----------+-----------------+------------------+------------------+-----------------+-----------------+---------------+
[INFO]: Registered backend 'physx' for factory FrameView.
/home/ebulochkin/vla_infrastructure/tools/isaac_vr_runtime.py:843: UserWarning: PhysX does not return a total contact force. This is a known limitation in PhysX and we are fixing it for the next release. Returning 'net_normal_forces_w'.
  float(np.linalg.norm(_cpu(sensor.data.net_forces_w), axis=-1).max(initial=0.0))
[DEMO] validation={'candidate_home_used': True, 'maximum_home_error_deg_or_mm': 8.281654473307754e-09, 'finite_state': True, 'maximum_arm_contact_force_n': {'left': 0.0, 'right': 0.0}, 'collision_free_at_home': True, 'home_tcp_world_m': {'left': [0.5789287686347961, 0.1740923523902893, 1.0264804363250732], 'right': [0.5789287090301514, -0.1740923523902893, 1.0264804363250732]}, 'home_tcp_separation_m': 0.3481847047805837, 'maximum_profile_reset_position_error_m': 0.002000272274017334, 'wrist_shapes': {'left_wrist': [480, 640, 3], 'right_wrist': [480, 640, 3]}, 'scene_camera': {'shape': [480, 640, 3], 'dtype': 'uint8', 'rgb_stddev': 45.8472900390625, 'frame': 30}, 'imported_prim_valid': {}, 'required_prim_valid': {'/World/RobosynDemo/Table': True, '/World/RobosynDemo/Backdrop': True, '/World/LeftPiper': True, '/World/RightPiper': True, '/World/RobosynDemo/SceneCamera': True, '/World/RobosynDemo/LeftCube': True, '/World/RobosynDemo/RightCube': True, '/World/RobosynDemo/LeftPlate': True, '/World/RobosynDemo/RightPlate': True}, 'table_collision_api': True, 'passed': True}
[S2] CloudXR 6.2.1 profile=standalone kit_xr_bridge=False
[INFO]: CloudXR auto-launch skipped (ISAACLAB_CXR_SKIP_AUTOLAUNCH=1)
LOG in xrCreateInstance: Instance created
	createInfo->applicationInfo.applicationName: IsaacLabTeleop
	createInfo->applicationInfo.applicationVersion: 0
	createInfo->applicationInfo.engineName: OXR_Tracking
	createInfo->applicationInfo.engineVersion: 0
	createInfo->applicationInfo.apiVersion: 1.1.53
	appinfo.detected.engine.name: (null)
	appinfo.detected.engine.version: 0.0.0
	quirks.disable_vulkan_format_depth: false
	quirks.disable_vulkan_format_depth_stencil: false
	quirks.disable_quad_views: false
	quirks.no_validation_error_in_create_ref_space: true
	quirks.skip_end_session: false
	quirks.parallel_views: false
	quirks.no_texture_source_alpha: false

2026-09-24T16:17:51Z [1,666ms] [Warning] [pxr.Semantics] pxr.Semantics is deprecated - please use Semantics instead
2026-09-24T16:17:51Z [1,713ms] [Warning] [omni.replicator.core.scripts.extension] No material configuration file, adding configuration to material settings directly.
2026-09-24T16:17:54Z [4,334ms] [Warning] [rtx.hydra] RenderDelegate : Warning /rtx/hydra/readTransformsFromFabricInRenderDelegate and geometry streaming are enabled together but this can cause issues with dynamic objects not streaming correctly due to problems in the transform update.
2026-09-24T16:21:45Z [235,184ms] [Warning] [isaaclab_teleop.camera_feed] XR camera PiP is unavailable because Kit SceneUI could not be loaded (ModuleNotFoundError: No module named 'omni.kit.scene_view.xr_utils'). Continuing without PiP.
2026-09-24T16:21:45Z [235,717ms] [Warning] [omni.usd] Encountered USD Warnings but USD Diagnostics are currently muted. To view USD Warnings, please set the '/persistent/app/usd/muteUsdDiagnostics' setting to false in Preferences page.
2026-09-24T16:21:45Z [235,967ms] [Warning] [omni.replicator.core.scripts.annotators] omni.hydra.engine.stats is not installed, assuming single GPU
2026-09-24T16:21:45Z [235,967ms] [Warning] [omni.replicator.core.scripts.annotators] omni.hydra.engine.stats is not installed, assuming single GPU
2026-09-24T16:21:45Z [235,974ms] [Warning] [omni.replicator.core.scripts.annotators] omni.hydra.engine.stats is not installed, assuming single GPU
2026-09-24T16:21:45Z [235,974ms] [Warning] [omni.replicator.core.scripts.annotators] omni.hydra.engine.stats is not installed, assuming single GPU
2026-09-24T16:21:45Z [236,007ms] [Warning] [omni.replicator.core.scripts.annotators] omni.hydra.engine.stats is not installed, assuming single GPU
2026-09-24T16:21:45Z [236,007ms] [Warning] [omni.replicator.core.scripts.annotators] omni.hydra.engine.stats is not installed, assuming single GPU
2026-09-24T16:21:45Z [236,012ms] [Warning] [omni.replicator.core.scripts.annotators] omni.hydra.engine.stats is not installed, assuming single GPU
2026-09-24T16:21:45Z [236,012ms] [Warning] [omni.replicator.core.scripts.annotators] omni.hydra.engine.stats is not installed, assuming single GPU
2026-09-24T16:21:45Z [236,039ms] [Warning] [omni.replicator.core.scripts.annotators] omni.hydra.engine.stats is not installed, assuming single GPU
2026-09-24T16:21:45Z [236,039ms] [Warning] [omni.replicator.core.scripts.annotators] omni.hydra.engine.stats is not installed, assuming single GPU
2026-09-24T16:21:45Z [236,043ms] [Warning] [omni.replicator.core.scripts.annotators] omni.hydra.engine.stats is not installed, assuming single GPU
2026-09-24T16:21:45Z [236,043ms] [Warning] [omni.replicator.core.scripts.annotators] omni.hydra.engine.stats is not installed, assuming single GPU
2026-09-24T16:21:50Z [240,216ms] [Warning] [omni.kit.material.library.material_extensions] Could not initialize context menu integration: No module named 'omni.kit.context_menu'
2026-09-24T16:21:53Z [243,446ms] [Warning] [isaaclab_teleop.session_lifecycle] Teleop workstation check: 1 requirement(s) below the recommended spec
See https://isaac-sim.github.io/IsaacLab/develop/source/how-to/cloudxr_teleoperation.html

  [  ok] CPU single-thread   1.15 of reference                       (need >= 0.80 of reference)
  [  ok] CPU governor        powersave                               (need performance (or single-thread >= 0.80))
  [  ok] CPU boost clock     5.0 GHz                                 (need >= 4.0 GHz)
  [  ok] CPU physical cores  16                                      (need >= 8)
  [  ok] GPU memory          25 GB (cuda:0 NVIDIA GeForce RTX 4090)  (need >= 24 GB)
  [  ok] GPU architecture    compute 8.9                             (need >= compute 8.9)
  [  ok] NVIDIA driver       580.159.03                              (need >= 580)
  [WARN] System memory       31 GiB                                  (need >= 60 GiB)
  [  ok] CPU architecture    x86_64                                  (need x86_64 or AMD64)
Created OpenXR instance
LOG in xrGetSystem: Selected devices
	Head: 'Head Device'
	Eyes: '<none>'
	Left: '<none>'
	Right: '<none>'
	Gamepad: '<none>'
	Hand-Tracking Left (unobstructed): 'Head Device'
	Hand-Tracking Right (unobstructed): 'Head Device'
	Hand-Tracking Left (conforming): '<none>'
	Hand-Tracking Right (conforming): '<none>'
Created OpenXR system
Created OpenXR session (headless mode)
  Session handle: 0x7eea2e3022f0
Created reference space
  Space handle: 0x7ed930a8e250
DeviceIOSession: Creating session with 2 trackers
ControllerTracker initialized (left + right) with action context
[INFO]: IsaacTeleop session started: IsaacLabTeleop
[INFO]: IsaacTeleop session ended
{"cameras": {"left_wrist": "640x480 uint8 RGB HWC", "right_wrist": "640x480 uint8 RGB HWC", "strictly_advanced_bimanual_frames": 330, "valid_bimanual_frames": 330}, "environment": {"cloudxr": "6.2.1", "cloudxr_profile": "standalone", "isaac_lab_commit": "0c2e2c64e51922d088b695d72ffe03faa5c6b95d", "isaac_lab_package": "17.0.2", "isaac_lab_release": "release/3.0.0", "isaac_sim": "6.1.0.0", "isaaclab_teleop": "0.9.0", "isaacteleop": "1.4.98rc1", "kit_xr_bridge": false, "python": "3.12.13"}, "execution": {"control_hz": 11.579128418055767, "control_steps": 330, "physics_hz": 46.31651367222307, "saturated_frames": 0, "stopped_by_user": false, "tracking_valid_frames": {"left": 0, "right": 0}, "wall_seconds": 28.49955437798053}, "gate": "S2", "mode": "run", "passed": true, "physical_human_gate": "required_not_implied_by_runtime_smoke", "processor": {"clutch": "independent squeeze > 0.5; release discards one delta", "gripper": "independent analog trigger [0,1] maps linearly and monotonically from 0.1 m open to 0.0 m closed", "revision": "piper_x_isaac_s2_bimanual_relative_v3", "sensitivity": {"center": {"rotation_scale": 4.0, "translation_scale": 4.0}, "control_mode": "slider", "input_control": "thumbstick_x", "input_range": [-1.0, 1.0], "mapping": "Piecewise linear and clamped; left is slower, center keeps the previous normal speed, right is faster.", "maximum": {"rotation_scale": 6.0, "translation_scale": 6.0}, "minimum": {"rotation_scale": 2.0, "translation_scale": 2.0}, "quest_control": "each controller's own horizontal thumbstick axis", "scope": "independent per arm"}, "source_timestamp_threshold": null, "tracking_recovery": "unusable pose invalidates upstream SE(3) baseline and smoothing; first recovered frame emits zero delta"}, "runtime_path": "Quest -> CloudXR/isaacteleop -> isaaclab_teleop -> one ControllersSource -> S2 processor -> DifferentialIKController -> accepted S1 native actuation", "session": {"action_frames": 330, "demo_backdrop_toggle_smoke_met": true, "demo_display_toggle_smoke_met": true, "demo_recenter_smoke_met": true, "require_physical_tracking": false, "require_session": false, "single_controller_source": true, "started_ever": true}, "status": "runtime_smoke_passed_physical_human_gate_required", "xr_presentation": {"anchor_pos_m": [-0.05, 0.0, -0.1], "anchor_rot_xyzw": [0.0, 0.0, -0.7071067811865475, 0.7071067811865476], "authoritative_scene_geometry_changed": false, "controller_transform_source": "XRCore.get_physical_to_virtual_world_transform", "near_plane_m": 0.1, "selected_vr_scene_geometry_applied": true}}
[S2] owned CloudXR stopped before Kit fast shutdown
2026-09-24T16:22:22Z [272,319ms] [Warning] [omni.replicator.core.scripts.annotators] omni.hydra.engine.stats is not installed, assuming single GPU
2026-09-24T16:22:22Z [272,321ms] [Warning] [omni.replicator.core.scripts.annotators] omni.hydra.engine.stats is not installed, assuming single GPU
2026-09-24T16:22:22Z [272,321ms] [Warning] [omni.replicator.core.scripts.annotators] omni.hydra.engine.stats is not installed, assuming single GPU
2026-09-24T16:22:22Z [272,321ms] [Warning] [omni.replicator.core.scripts.annotators] omni.hydra.engine.stats is not installed, assuming single GPU
2026-09-24T16:22:22Z [272,324ms] [Warning] [omni.replicator.core.scripts.annotators] omni.hydra.engine.stats is not installed, assuming single GPU
2026-09-24T16:22:22Z [272,325ms] [Warning] [omni.replicator.core.scripts.annotators] omni.hydra.engine.stats is not installed, assuming single GPU
2026-09-24T16:22:22Z [272,325ms] [Warning] [omni.replicator.core.scripts.annotators] omni.hydra.engine.stats is not installed, assuming single GPU
2026-09-24T16:22:22Z [272,325ms] [Warning] [omni.replicator.core.scripts.annotators] omni.hydra.engine.stats is not installed, assuming single GPU
2026-09-24T16:22:22Z [272,328ms] [Warning] [omni.replicator.core.scripts.annotators] omni.hydra.engine.stats is not installed, assuming single GPU
2026-09-24T16:22:22Z [272,329ms] [Warning] [omni.replicator.core.scripts.annotators] omni.hydra.engine.stats is not installed, assuming single GPU
2026-09-24T16:22:22Z [272,329ms] [Warning] [omni.replicator.core.scripts.annotators] omni.hydra.engine.stats is not installed, assuming single GPU
2026-09-24T16:22:22Z [272,329ms] [Warning] [omni.replicator.core.scripts.annotators] omni.hydra.engine.stats is not installed, assuming single GPU
