Recording directory: /tmp/vr-physics-rtf-20260924/current/recordings/20260924T161407476746Z-record-dual_cube_to_matching_plates-hud-off
VR output: /tmp/vr-physics-rtf-20260924/current/runs/20260924T161407476746Z-record-dual_cube_to_matching_plates-hud-off
VR result: /tmp/vr-physics-rtf-20260924/current/runs/20260924T161407476746Z-record-dual_cube_to_matching_plates-hud-off/result.json
VR command: /data/vla-infrastructure/isaac61_production/env/bin/python /home/ebulochkin/vla_infrastructure/.worktrees/vr-record-runtime-optimization-audit/tools/run_isaac_s1.py --config /tmp/vr-physics-rtf-20260924/current/runs/20260924T161407476746Z-record-dual_cube_to_matching_plates-hud-off/runtime.yaml --s2-config /home/ebulochkin/vla_infrastructure/.worktrees/vr-record-runtime-optimization-audit/configs/isaac61_s2_runtime.yaml --vr-runtime --s2-mode run --demo-profile dual_cube_to_matching_plates --device cuda:0 --kit_args --portable-root /tmp/vr-physics-rtf-20260924/current/kit --enable isaacsim.replicator.episode_recorder --demo-preview-isolation off --report /tmp/vr-physics-rtf-20260924/current/runs/20260924T161407476746Z-record-dual_cube_to_matching_plates-hud-off/result.json --s2-max-control-steps 1 --s2-record --s2-recording-dir /tmp/vr-physics-rtf-20260924/current/recordings/20260924T161407476746Z-record-dual_cube_to_matching_plates-hud-off --viz kit --no-s2-require-session --s2-reset-step 30
Loading user config located at: '/tmp/vr-physics-rtf-20260924/current/kit/data/Kit/IsaacLab/3.0/user.config.json'
2026-09-24T16:14:07Z [Info] [carb] Logging to file: /tmp/vr-physics-rtf-20260924/current/kit/logs/Kit/IsaacLab/3.0/kit_20260924_191407.log
2026-09-24T16:14:07Z [2ms] [Warning] [omni.ext.plugin] [ext: isaaclab_contrib] Extensions config 'extension.toml' doesn't exist '/data/vla-infrastructure/isaac61_production/IsaacLab/source/isaaclab_contrib' or '/data/vla-infrastructure/isaac61_production/IsaacLab/source/isaaclab_contrib/config'
2026-09-24T16:14:07Z [2ms] [Warning] [omni.ext.plugin] [ext: isaaclab_physx] Extensions config 'extension.toml' doesn't exist '/data/vla-infrastructure/isaac61_production/IsaacLab/source/isaaclab_physx' or '/data/vla-infrastructure/isaac61_production/IsaacLab/source/isaaclab_physx/config'
2026-09-24T16:14:07Z [3ms] [Warning] [omni.ext.plugin] [ext: isaaclab_visualizers] Extensions config 'extension.toml' doesn't exist '/data/vla-infrastructure/isaac61_production/IsaacLab/source/isaaclab_visualizers' or '/data/vla-infrastructure/isaac61_production/IsaacLab/source/isaaclab_visualizers/config'
2026-09-24T16:14:07Z [5ms] [Warning] [omni.ext.plugin] [ext: isaaclab_tasks] Extensions config 'extension.toml' doesn't exist '/data/vla-infrastructure/isaac61_production/IsaacLab/source/isaaclab_tasks' or '/data/vla-infrastructure/isaac61_production/IsaacLab/source/isaaclab_tasks/config'
2026-09-24T16:14:07Z [6ms] [Warning] [omni.ext.plugin] [ext: isaaclab] Extensions config 'extension.toml' doesn't exist '/data/vla-infrastructure/isaac61_production/IsaacLab/source/isaaclab' or '/data/vla-infrastructure/isaac61_production/IsaacLab/source/isaaclab/config'
2026-09-24T16:14:07Z [6ms] [Warning] [omni.ext.plugin] [ext: isaaclab_newton] Extensions config 'extension.toml' doesn't exist '/data/vla-infrastructure/isaac61_production/IsaacLab/source/isaaclab_newton' or '/data/vla-infrastructure/isaac61_production/IsaacLab/source/isaaclab_newton/config'
2026-09-24T16:14:07Z [6ms] [Warning] [omni.ext.plugin] [ext: isaaclab_ovphysx] Extensions config 'extension.toml' doesn't exist '/data/vla-infrastructure/isaac61_production/IsaacLab/source/isaaclab_ovphysx' or '/data/vla-infrastructure/isaac61_production/IsaacLab/source/isaaclab_ovphysx/config'
2026-09-24T16:14:07Z [6ms] [Warning] [omni.ext.plugin] [ext: isaaclab_mimic] Extensions config 'extension.toml' doesn't exist '/data/vla-infrastructure/isaac61_production/IsaacLab/source/isaaclab_mimic' or '/data/vla-infrastructure/isaac61_production/IsaacLab/source/isaaclab_mimic/config'
2026-09-24T16:14:07Z [6ms] [Warning] [omni.ext.plugin] [ext: isaaclab_ppisp] Extensions config 'extension.toml' doesn't exist '/data/vla-infrastructure/isaac61_production/IsaacLab/source/isaaclab_ppisp' or '/data/vla-infrastructure/isaac61_production/IsaacLab/source/isaaclab_ppisp/config'
2026-09-24T16:14:07Z [7ms] [Warning] [omni.ext.plugin] [ext: isaaclab_assets] Extensions config 'extension.toml' doesn't exist '/data/vla-infrastructure/isaac61_production/IsaacLab/source/isaaclab_assets' or '/data/vla-infrastructure/isaac61_production/IsaacLab/source/isaaclab_assets/config'
2026-09-24T16:14:07Z [7ms] [Warning] [omni.ext.plugin] [ext: isaaclab_tasks_experimental] Extensions config 'extension.toml' doesn't exist '/data/vla-infrastructure/isaac61_production/IsaacLab/source/isaaclab_tasks_experimental' or '/data/vla-infrastructure/isaac61_production/IsaacLab/source/isaaclab_tasks_experimental/config'
2026-09-24T16:14:07Z [7ms] [Warning] [omni.ext.plugin] [ext: isaaclab_teleop] Extensions config 'extension.toml' doesn't exist '/data/vla-infrastructure/isaac61_production/IsaacLab/source/isaaclab_teleop' or '/data/vla-infrastructure/isaac61_production/IsaacLab/source/isaaclab_teleop/config'
2026-09-24T16:14:07Z [7ms] [Warning] [omni.ext.plugin] [ext: isaaclab_rl] Extensions config 'extension.toml' doesn't exist '/data/vla-infrastructure/isaac61_production/IsaacLab/source/isaaclab_rl' or '/data/vla-infrastructure/isaac61_production/IsaacLab/source/isaaclab_rl/config'
2026-09-24T16:14:07Z [8ms] [Warning] [omni.ext.plugin] [ext: isaaclab_experimental] Extensions config 'extension.toml' doesn't exist '/data/vla-infrastructure/isaac61_production/IsaacLab/source/isaaclab_experimental' or '/data/vla-infrastructure/isaac61_production/IsaacLab/source/isaaclab_experimental/config'
WARNING: All log messages before absl::InitializeLog() is called are written to STDERR
E0000 00:00:1790266447.724215 2778993 descriptor_database.cc:633] File already exists in database: grpc/health/v1/health.proto
W0000 00:00:1790266447.724237 2778993 message.cc:301] Protobuf GeneratedMessageFactory: File is already registered: grpc/health/v1/health.proto
[ISAACLAB] AppLauncher initialization complete
[ISAACLAB] Kit version: 110.3.0+feature.371399.00c488ae.gl
[ISAACLAB] Kit kernel:  210.3.2+release.14366.2926fc80.gl
[ISAACLAB] Kit hash:    00c488ae
[S1] loading checked configuration
[VR] profile=dual_cube_to_matching_plates physical_human_gate=required
[INFO]: Registered backend 'physx' for factory RigidObject.
[INFO]: Registered backend 'physx' for factory Articulation.
[INFO]: Created new renderer for simulation: IsaacRtxRenderer
[INFO]: Using renderer: IsaacRtxRenderer
[INFO]: Using renderer: IsaacRtxRenderer
[INFO]: Using renderer: IsaacRtxRenderer
[INFO]: Registered backend 'physx' for factory ContactSensor.
[INFO]: Simulation parameters for joints in /World/LeftPiper:
+---------------------------------------------------------------------------------------------------------------------------------------------------------------------+
|                                                      Simulation Joint Information (Prim path: /World/LeftPiper)                                                     |
+-------+----------------+-----------+---------+----------+-----------------+------------------+------------------+-----------------+-----------------+---------------+
| Index | Name           | Stiffness | Damping | Armature | Static Friction | Dynamic Friction | Viscous Friction | Position Limits | Velocity Limits | Effort Limits |
+-------+----------------+-----------+---------+----------+-----------------+------------------+------------------+-----------------+-----------------+---------------+
|   0   | joint1         |  400.000  |  40.000 |  0.000   |      0.000      |      0.000       |      0.000       | [-2.618, 2.618] |      5.000      |    100.000    |
|   1   | joint2         |  400.000  |  40.000 |  0.000   |      0.000      |      0.000       |      0.000       |  [0.000, 3.142] |      5.000      |    100.000    |
|   2   | joint3         |  400.000  |  40.000 |  0.000   |      0.000      |      0.000       |      0.000       | [-2.967, 0.000] |      5.000      |    100.000    |
|   3   | joint4         |  400.000  |  40.000 |  0.000   |      0.000      |      0.000       |      0.000       | [-1.553, 1.553] |      5.000      |    100.000    |
|   4   | joint5         |  400.000  |  40.000 |  0.000   |      0.000      |      0.000       |      0.000       | [-1.553, 1.553] |      5.000      |    100.000    |
|   5   | joint6         |  400.000  |  40.000 |  0.000   |      0.000      |      0.000       |      0.000       | [-2.094, 2.094] |      5.000      |    100.000    |
|   6   | gripper        |  400.000  |  40.000 |  0.000   |      0.000      |      0.000       |      0.000       |  [0.000, 0.100] |      3.000      |     2.000     |
|   7   | gripper_joint1 |   0.000   |  0.000  |  0.000   |      0.000      |      0.000       |      0.000       |  [0.000, 0.050] |      3.000      |     1.000     |
|   8   | gripper_joint2 |   0.000   |  0.000  |  0.000   |      0.000      |      0.000       |      0.000       | [-0.050, 0.000] |      3.000      |     1.000     |
+-------+----------------+-----------+---------+----------+-----------------+------------------+------------------+-----------------+-----------------+---------------+
[INFO]: Simulation parameters for joints in /World/RightPiper:
+---------------------------------------------------------------------------------------------------------------------------------------------------------------------+
|                                                     Simulation Joint Information (Prim path: /World/RightPiper)                                                     |
+-------+----------------+-----------+---------+----------+-----------------+------------------+------------------+-----------------+-----------------+---------------+
| Index | Name           | Stiffness | Damping | Armature | Static Friction | Dynamic Friction | Viscous Friction | Position Limits | Velocity Limits | Effort Limits |
+-------+----------------+-----------+---------+----------+-----------------+------------------+------------------+-----------------+-----------------+---------------+
|   0   | joint1         |  400.000  |  40.000 |  0.000   |      0.000      |      0.000       |      0.000       | [-2.618, 2.618] |      5.000      |    100.000    |
|   1   | joint2         |  400.000  |  40.000 |  0.000   |      0.000      |      0.000       |      0.000       |  [0.000, 3.142] |      5.000      |    100.000    |
|   2   | joint3         |  400.000  |  40.000 |  0.000   |      0.000      |      0.000       |      0.000       | [-2.967, 0.000] |      5.000      |    100.000    |
|   3   | joint4         |  400.000  |  40.000 |  0.000   |      0.000      |      0.000       |      0.000       | [-1.553, 1.553] |      5.000      |    100.000    |
|   4   | joint5         |  400.000  |  40.000 |  0.000   |      0.000      |      0.000       |      0.000       | [-1.553, 1.553] |      5.000      |    100.000    |
|   5   | joint6         |  400.000  |  40.000 |  0.000   |      0.000      |      0.000       |      0.000       | [-2.094, 2.094] |      5.000      |    100.000    |
|   6   | gripper        |  400.000  |  40.000 |  0.000   |      0.000      |      0.000       |      0.000       |  [0.000, 0.100] |      3.000      |     2.000     |
|   7   | gripper_joint1 |   0.000   |  0.000  |  0.000   |      0.000      |      0.000       |      0.000       |  [0.000, 0.050] |      3.000      |     1.000     |
|   8   | gripper_joint2 |   0.000   |  0.000  |  0.000   |      0.000      |      0.000       |      0.000       | [-0.050, 0.000] |      3.000      |     1.000     |
+-------+----------------+-----------+---------+----------+-----------------+------------------+------------------+-----------------+-----------------+---------------+
[INFO]: Registered backend 'physx' for factory FrameView.
2026-09-24T16:14:07Z [8ms] [Warning] [omni.ext.plugin] [ext: isaaclab_ov] Extensions config 'extension.toml' doesn't exist '/data/vla-infrastructure/isaac61_production/IsaacLab/source/isaaclab_ov' or '/data/vla-infrastructure/isaac61_production/IsaacLab/source/isaaclab_ov/config'
2026-09-24T16:14:08Z [503ms] [Warning] [omni.rtx] Skipping unsupported non-NVIDIA GPU: Intel(R) Graphics (RPL-S)
2026-09-24T16:14:08Z [503ms] [Warning] [omni.rtx] Skipping unsupported non-NVIDIA GPU: Intel(R) Graphics (RPL-S)

|---------------------------------------------------------------------------------------------|
| Driver Version: 580.159.03    | Graphics API: Vulkan
|=============================================================================================|
| GPU | Name                             | Active | LDA | GPU Memory | Vendor-ID | LUID       |
|     |                                  |        |     |            | Device-ID | UUID       |
|     |                                  |        |     |            | Bus-ID    |            |
|---------------------------------------------------------------------------------------------|
| 0   | NVIDIA GeForce RTX 4090          | Yes: 0 |     | 24564   MB | 10de      | 0          |
|     |                                  |        |     |            | 2684      | 0b554a02.. |
|     |                                  |        |     |            | 1         |            |
|---------------------------------------------------------------------------------------------|
| 1   | Intel(R) Graphics (RPL-S)        |        |     | 23894   MB | 8086      | 0          |
|     |                                  |        |     |            | a780      | 868080a7.. |
|     |                                  |        |     |            | 0         |            |
|=============================================================================================|
| OS: 22.04.5 LTS (Jammy Jellyfish) ubuntu, Version: 22.04.5, Kernel: 6.8.0-124-generic
| XServer Vendor: The X.Org Foundation, XServer Version: 12101004 (1.21.1.4)
| Processor: 13th Gen Intel(R) Core(TM) i7-13700K
| Bare Metal Cores: 16 | Bare Metal Logical Cores: 32
| Available Cores:  24
|---------------------------------------------------------------------------------------------|
| Total Memory (MB): 31859 | Free Memory: 26720
| Total Page/Swap (MB): 67583 | Free Page/Swap: 64538
|---------------------------------------------------------------------------------------------|
2026-09-24T16:14:08Z [715ms] [Warning] [omni.rtx] CPU performance profile is set to powersave. This profile sets the CPU to the lowest frequency reducing performance.
2026-09-24T16:14:08Z [722ms] [Warning] [omni.rtx] IOMMU is enabled.
2026-09-24T16:14:08Z [1,211ms] [Warning] [omni.log] Source: omni.hydra was already registered.
2026-09-24T16:14:09Z [1,554ms] [Warning] [pxr.Semantics] pxr.Semantics is deprecated - please use Semantics instead
2026-09-24T16:14:09Z [1,602ms] [Warning] [omni.replicator.core.scripts.extension] No material configuration file, adding configuration to material settings directly.
2026-09-24T16:14:10Z [2,460ms] [Warning] [rtx.hydra] RenderDelegate : Warning /rtx/hydra/readTransformsFromFabricInRenderDelegate and geometry streaming are enabled together but this can cause issues with dynamic objects not streaming correctly due to problems in the transform update.
2026-09-24T16:14:12Z [5,124ms] [Warning] [isaaclab_teleop.camera_feed] XR camera PiP is unavailable because Kit SceneUI could not be loaded (ModuleNotFoundError: No module named 'omni.kit.scene_view'). Continuing without PiP.
2026-09-24T16:14:13Z [5,768ms] [Warning] [omni.usd] Encountered USD Warnings but USD Diagnostics are currently muted. To view USD Warnings, please set the '/persistent/app/usd/muteUsdDiagnostics' setting to false in Preferences page.
2026-09-24T16:14:13Z [6,078ms] [Warning] [omni.replicator.core.scripts.annotators] omni.hydra.engine.stats is not installed, assuming single GPU
2026-09-24T16:14:13Z [6,078ms] [Warning] [omni.replicator.core.scripts.annotators] omni.hydra.engine.stats is not installed, assuming single GPU
/home/ebulochkin/vla_infrastructure/.worktrees/vr-record-runtime-optimization-audit/tools/isaac_vr_runtime.py:917: UserWarning: PhysX does not return a total contact force. This is a known limitation in PhysX and we are fixing it for the next release. Returning 'net_normal_forces_w'.
  float(np.linalg.norm(_cpu(sensor.data.net_forces_w), axis=-1).max(initial=0.0))
[DEMO] validation={'observation_capture': {'producer': {'reset_epoch': 1, 'physics_step': 120, 'render_generation': 120}, 'capture_cycle': 2, 'cameras': ({'role': 'left_wrist', 'frame': 2, 'data_generation': 3}, {'role': 'right_wrist', 'frame': 2, 'data_generation': 3}, {'role': 'scene', 'frame': 2, 'data_generation': 3}), 'state': (-20.0, 90.0, -50.0, 1.979228780868425e-09, -7.067586071940468e-09, 5.756237708709477e-10, 50.0, 20.0, 90.0, -50.0, 1.7074684999229817e-09, -8.281654473307754e-09, 4.950707621631523e-10, 50.0), 'eligible': False}, 'candidate_home_used': True, 'maximum_home_error_deg_or_mm': 8.281654473307754e-09, 'finite_state': True, 'maximum_arm_contact_force_n': {'left': 0.0, 'right': 0.0}, 'collision_free_at_home': True, 'home_tcp_world_m': {'left': [0.5789287686347961, 0.1740923523902893, 1.0264804363250732], 'right': [0.5789287090301514, -0.1740923523902893, 1.0264804363250732]}, 'home_tcp_separation_m': 0.3481847047805837, 'maximum_profile_reset_position_error_m': 0.002000272274017334, 'wrist_shapes': {'left_wrist': [480, 640, 3], 'right_wrist': [480, 640, 3]}, 'scene_camera': {'shape': [480, 640, 3], 'dtype': 'uint8', 'rgb_stddev': 45.850894927978516, 'frame': 2}, 'imported_prim_valid': {}, 'required_prim_valid': {'/World/RobosynDemo/Table': True, '/World/RobosynDemo/Backdrop': True, '/World/LeftPiper': True, '/World/RightPiper': True, '/World/RobosynDemo/SceneCamera': True, '/World/RobosynDemo/LeftCube': True, '/World/RobosynDemo/RightCube': True, '/World/RobosynDemo/LeftPlate': True, '/World/RobosynDemo/RightPlate': True}, 'table_collision_api': True, 'passed': True}
2026-09-24T16:14:13Z [6,085ms] [Warning] [omni.replicator.core.scripts.annotators] omni.hydra.engine.stats is not installed, assuming single GPU
2026-09-24T16:14:13Z [6,085ms] [Warning] [omni.replicator.core.scripts.annotators] omni.hydra.engine.stats is not installed, assuming single GPU
2026-09-24T16:14:13Z [6,114ms] [Warning] [omni.replicator.core.scripts.annotators] omni.hydra.engine.stats is not installed, assuming single GPU
2026-09-24T16:14:13Z [6,114ms] [Warning] [omni.replicator.core.scripts.annotators] omni.hydra.engine.stats is not installed, assuming single GPU
2026-09-24T16:14:13Z [6,118ms] [Warning] [omni.replicator.core.scripts.annotators] omni.hydra.engine.stats is not installed, assuming single GPU
2026-09-24T16:14:13Z [6,118ms] [Warning] [omni.replicator.core.scripts.annotators] omni.hydra.engine.stats is not installed, assuming single GPU
2026-09-24T16:14:13Z [6,140ms] [Warning] [omni.replicator.core.scripts.annotators] omni.hydra.engine.stats is not installed, assuming single GPU
2026-09-24T16:14:13Z [6,140ms] [Warning] [omni.replicator.core.scripts.annotators] omni.hydra.engine.stats is not installed, assuming single GPU
2026-09-24T16:14:13Z [6,144ms] [Warning] [omni.replicator.core.scripts.annotators] omni.hydra.engine.stats is not installed, assuming single GPU
2026-09-24T16:14:13Z [6,145ms] [Warning] [omni.replicator.core.scripts.annotators] omni.hydra.engine.stats is not installed, assuming single GPU
2026-09-24T16:14:14Z [6,988ms] [Warning] [omni.kit.material.library.material_extensions] Could not initialize context menu integration: No module named 'omni.kit.context_menu'
2026-09-24T16:14:17Z [9,385ms] [Warning] [omni.replicator.core.scripts.annotators] omni.hydra.engine.stats is not installed, assuming single GPU
2026-09-24T16:14:17Z [9,386ms] [Warning] [omni.replicator.core.scripts.annotators] omni.hydra.engine.stats is not installed, assuming single GPU
2026-09-24T16:14:17Z [9,387ms] [Warning] [omni.replicator.core.scripts.annotators] omni.hydra.engine.stats is not installed, assuming single GPU
2026-09-24T16:14:17Z [9,387ms] [Warning] [omni.replicator.core.scripts.annotators] omni.hydra.engine.stats is not installed, assuming single GPU
2026-09-24T16:14:17Z [9,388ms] [Warning] [omni.replicator.core.scripts.annotators] omni.hydra.engine.stats is not installed, assuming single GPU
2026-09-24T16:14:17Z [9,389ms] [Warning] [omni.replicator.core.scripts.annotators] omni.hydra.engine.stats is not installed, assuming single GPU
2026-09-24T16:14:17Z [9,390ms] [Warning] [omni.replicator.core.scripts.annotators] omni.hydra.engine.stats is not installed, assuming single GPU
2026-09-24T16:14:17Z [9,390ms] [Warning] [omni.replicator.core.scripts.annotators] omni.hydra.engine.stats is not installed, assuming single GPU
2026-09-24T16:14:17Z [9,391ms] [Warning] [omni.replicator.core.scripts.annotators] omni.hydra.engine.stats is not installed, assuming single GPU
2026-09-24T16:14:17Z [9,393ms] [Warning] [omni.replicator.core.scripts.annotators] omni.hydra.engine.stats is not installed, assuming single GPU
2026-09-24T16:14:17Z [9,393ms] [Warning] [omni.replicator.core.scripts.annotators] omni.hydra.engine.stats is not installed, assuming single GPU
2026-09-24T16:14:17Z [9,393ms] [Warning] [omni.replicator.core.scripts.annotators] omni.hydra.engine.stats is not installed, assuming single GPU
2026-09-24T16:14:17Z [9,412ms] [Warning] [omni.physx.tensors.plugin] DEPRECATED: Please use getDofFrictionProperties instead.
2026-09-24T16:14:17Z [9,412ms] [Warning] [omni.physx.tensors.plugin] DEPRECATED: Please use getDofFrictionProperties instead.
VR output: /tmp/vr-physics-rtf-20260924/current/runs/20260924T161407476746Z-record-dual_cube_to_matching_plates-hud-off
VR result: /tmp/vr-physics-rtf-20260924/current/runs/20260924T161407476746Z-record-dual_cube_to_matching_plates-hud-off/result.json
Recording directory: /tmp/vr-physics-rtf-20260924/current/recordings/20260924T161407476746Z-record-dual_cube_to_matching_plates-hud-off
