Loading user config located at: '/data/vla-infrastructure/envs/isaac-s1-candidate-b/lib/python3.12/site-packages/isaacsim/kit/data/Kit/IsaacLab/3.0/user.config.json'
2026-09-15T13:51:10Z [Info] [carb] Logging to file: /data/vla-infrastructure/envs/isaac-s1-candidate-b/lib/python3.12/site-packages/isaacsim/kit/logs/Kit/IsaacLab/3.0/kit_20260915_165110.log
2026-09-15T13:51:10Z [11ms] [Warning] [omni.ext.plugin] [ext: isaaclab_ppisp] Extensions config 'extension.toml' doesn't exist '/data/vla-infrastructure/isaaclab_candidate_qualification/20260907/candidate_b_exact/source/isaaclab_ppisp' or '/data/vla-infrastructure/isaaclab_candidate_qualification/20260907/candidate_b_exact/source/isaaclab_ppisp/config'
2026-09-15T13:51:10Z [11ms] [Warning] [omni.ext.plugin] [ext: isaaclab_teleop] Extensions config 'extension.toml' doesn't exist '/data/vla-infrastructure/isaaclab_candidate_qualification/20260907/candidate_b_exact/source/isaaclab_teleop' or '/data/vla-infrastructure/isaaclab_candidate_qualification/20260907/candidate_b_exact/source/isaaclab_teleop/config'
2026-09-15T13:51:10Z [11ms] [Warning] [omni.ext.plugin] [ext: isaaclab_visualizers] Extensions config 'extension.toml' doesn't exist '/data/vla-infrastructure/isaaclab_candidate_qualification/20260907/candidate_b_exact/source/isaaclab_visualizers' or '/data/vla-infrastructure/isaaclab_candidate_qualification/20260907/candidate_b_exact/source/isaaclab_visualizers/config'
2026-09-15T13:51:10Z [12ms] [Warning] [omni.ext.plugin] [ext: isaaclab_ovphysx] Extensions config 'extension.toml' doesn't exist '/data/vla-infrastructure/isaaclab_candidate_qualification/20260907/candidate_b_exact/source/isaaclab_ovphysx' or '/data/vla-infrastructure/isaaclab_candidate_qualification/20260907/candidate_b_exact/source/isaaclab_ovphysx/config'
2026-09-15T13:51:10Z [12ms] [Warning] [omni.ext.plugin] [ext: isaaclab_contrib] Extensions config 'extension.toml' doesn't exist '/data/vla-infrastructure/isaaclab_candidate_qualification/20260907/candidate_b_exact/source/isaaclab_contrib' or '/data/vla-infrastructure/isaaclab_candidate_qualification/20260907/candidate_b_exact/source/isaaclab_contrib/config'
2026-09-15T13:51:10Z [12ms] [Warning] [omni.ext.plugin] [ext: isaaclab_experimental] Extensions config 'extension.toml' doesn't exist '/data/vla-infrastructure/isaaclab_candidate_qualification/20260907/candidate_b_exact/source/isaaclab_experimental' or '/data/vla-infrastructure/isaaclab_candidate_qualification/20260907/candidate_b_exact/source/isaaclab_experimental/config'
2026-09-15T13:51:10Z [12ms] [Warning] [omni.ext.plugin] [ext: isaaclab_ov] Extensions config 'extension.toml' doesn't exist '/data/vla-infrastructure/isaaclab_candidate_qualification/20260907/candidate_b_exact/source/isaaclab_ov' or '/data/vla-infrastructure/isaaclab_candidate_qualification/20260907/candidate_b_exact/source/isaaclab_ov/config'
2026-09-15T13:51:10Z [12ms] [Warning] [omni.ext.plugin] [ext: isaaclab_mimic] Extensions config 'extension.toml' doesn't exist '/data/vla-infrastructure/isaaclab_candidate_qualification/20260907/candidate_b_exact/source/isaaclab_mimic' or '/data/vla-infrastructure/isaaclab_candidate_qualification/20260907/candidate_b_exact/source/isaaclab_mimic/config'
2026-09-15T13:51:10Z [12ms] [Warning] [omni.ext.plugin] [ext: isaaclab_tasks] Extensions config 'extension.toml' doesn't exist '/data/vla-infrastructure/isaaclab_candidate_qualification/20260907/candidate_b_exact/source/isaaclab_tasks' or '/data/vla-infrastructure/isaaclab_candidate_qualification/20260907/candidate_b_exact/source/isaaclab_tasks/config'
2026-09-15T13:51:10Z [13ms] [Warning] [omni.ext.plugin] [ext: isaaclab_tasks_experimental] Extensions config 'extension.toml' doesn't exist '/data/vla-infrastructure/isaaclab_candidate_qualification/20260907/candidate_b_exact/source/isaaclab_tasks_experimental' or '/data/vla-infrastructure/isaaclab_candidate_qualification/20260907/candidate_b_exact/source/isaaclab_tasks_experimental/config'
2026-09-15T13:51:10Z [13ms] [Warning] [omni.ext.plugin] [ext: isaaclab] Extensions config 'extension.toml' doesn't exist '/data/vla-infrastructure/isaaclab_candidate_qualification/20260907/candidate_b_exact/source/isaaclab' or '/data/vla-infrastructure/isaaclab_candidate_qualification/20260907/candidate_b_exact/source/isaaclab/config'
WARNING: All log messages before absl::InitializeLog() is called are written to STDERR
E0000 00:00:1789480270.913671 2431587 descriptor_database.cc:633] File already exists in database: grpc/health/v1/health.proto
W0000 00:00:1789480270.913696 2431587 message.cc:301] Protobuf GeneratedMessageFactory: File is already registered: grpc/health/v1/health.proto
2026-09-15T13:51:10Z [13ms] [Warning] [omni.ext.plugin] [ext: isaaclab_physx] Extensions config 'extension.toml' doesn't exist '/data/vla-infrastructure/isaaclab_candidate_qualification/20260907/candidate_b_exact/source/isaaclab_physx' or '/data/vla-infrastructure/isaaclab_candidate_qualification/20260907/candidate_b_exact/source/isaaclab_physx/config'
2026-09-15T13:51:10Z [15ms] [Warning] [omni.ext.plugin] [ext: isaaclab_newton] Extensions config 'extension.toml' doesn't exist '/data/vla-infrastructure/isaaclab_candidate_qualification/20260907/candidate_b_exact/source/isaaclab_newton' or '/data/vla-infrastructure/isaaclab_candidate_qualification/20260907/candidate_b_exact/source/isaaclab_newton/config'
2026-09-15T13:51:10Z [15ms] [Warning] [omni.ext.plugin] [ext: isaaclab_rl] Extensions config 'extension.toml' doesn't exist '/data/vla-infrastructure/isaaclab_candidate_qualification/20260907/candidate_b_exact/source/isaaclab_rl' or '/data/vla-infrastructure/isaaclab_candidate_qualification/20260907/candidate_b_exact/source/isaaclab_rl/config'
2026-09-15T13:51:10Z [15ms] [Warning] [omni.ext.plugin] [ext: isaaclab_assets] Extensions config 'extension.toml' doesn't exist '/data/vla-infrastructure/isaaclab_candidate_qualification/20260907/candidate_b_exact/source/isaaclab_assets' or '/data/vla-infrastructure/isaaclab_candidate_qualification/20260907/candidate_b_exact/source/isaaclab_assets/config'
[0.070s] [ext: omni.assets.plugins-0.0.0] startup
[0.071s] [ext: omni.blobkey-1.1.2] startup
[0.071s] [ext: omni.kit.async_engine-0.0.3] startup
[0.106s] [ext: omni.client.lib-1.1.1] startup
[0.114s] [ext: omni.client-1.3.0] startup
[0.117s] [ext: omni.protobuf.lib-1.0.0] startup
[0.118s] [ext: omni.grpc.lib-1.0.0] startup
[0.121s] [ext: omni.metrics.core-0.0.3] startup
[0.121s] [ext: omni.datastore-0.0.0] startup
[0.122s] [ext: omni.gpu_foundation.shadercache.vulkan-1.0.0] startup
[0.123s] [ext: omni.hsscclient-1.1.4] startup
[0.124s] [ext: omni.stats-1.0.1] startup
[0.124s] [ext: omni.ujitso.default-1.0.0] startup
[0.127s] [ext: omni.gpu_foundation-0.0.0] startup
[0.303s] [ext: carb.windowing.plugins-1.0.1] startup
[0.303s] [ext: omni.kit.renderer.init-1.0.1] startup
2026-09-15T13:51:11Z [279ms] [Warning] [omni.platforminfo.plugin] failed to open the default display.  Can't verify X Server version.
2026-09-15T13:51:11Z [494ms] [Warning] [carb.windowing-glfw.plugin] GLFW initialization failed.
2026-09-15T13:51:11Z [494ms] [Warning] [carb] Failed to startup plugin carb.windowing-glfw.plugin (interfaces: [carb::windowing::IGLContext v1.0],[carb::windowing::IWindowing v1.5]) (impl: carb.windowing-glfw.plugin)
2026-09-15T13:51:11Z [573ms] [Warning] [omni.rtx] Skipping unsupported non-NVIDIA GPU: Intel(R) Graphics (RPL-S)
2026-09-15T13:51:11Z [573ms] [Warning] [omni.rtx] Skipping unsupported non-NVIDIA GPU: Intel(R) Graphics (RPL-S)

|---------------------------------------------------------------------------------------------|
| Driver Version: 580.159.03    | Graphics API: Vulkan
|=============================================================================================|
| GPU | Name                             | Active | LDA | GPU Memory | Vendor-ID | LUID       |
|     |                                  |        |     |            | Device-ID | UUID       |
|     |                                  |        |     |            | Bus-ID    |            |
|---------------------------------------------------------------------------------------------|
| 0   | NVIDIA GeForce RTX 4090          | Yes: 0 |     | 24564   MB | 10de      | 0          |
|     |                                  |        |     |            | 2684      | 0b554a02.. |
|     |                                  |        |     |            | 1         |            |
|---------------------------------------------------------------------------------------------|
| 1   | Intel(R) Graphics (RPL-S)        |        |     | 23894   MB | 8086      | 0          |
|     |                                  |        |     |            | a780      | 868080a7.. |
|     |                                  |        |     |            | 0         |            |
|=============================================================================================|
| OS: 22.04.5 LTS (Jammy Jellyfish) ubuntu, Version: 22.04.5, Kernel: 6.8.0-124-generic
| Processor: 13th Gen Intel(R) Core(TM) i7-13700K
| Bare Metal Cores: 16 | Bare Metal Logical Cores: 32
| Available Cores:  24 
|---------------------------------------------------------------------------------------------|
| Total Memory (MB): 31859 | Free Memory: 27603
| Total Page/Swap (MB): 67583 | Free Page/Swap: 64640
|---------------------------------------------------------------------------------------------|
2026-09-15T13:51:11Z [784ms] [Warning] [omni.rtx] CPU performance profile is set to powersave. This profile sets the CPU to the lowest frequency reducing performance.
2026-09-15T13:51:11Z [791ms] [Warning] [omni.rtx] PCIe link generation current (1) and maximum (4) for device 0 don't match.
2026-09-15T13:51:11Z [791ms] [Warning] [omni.rtx] IOMMU is enabled.
[0.948s] [ext: omni.kit.pipapi-0.0.0] startup
[0.948s] [ext: omni.kit.telemetry-0.5.2] startup
[0.965s] [ext: omni.kit.loop-isaac-1.6.0] startup
[0.966s] [ext: omni.kit.test-2.0.7] startup
[1.007s] [ext: omni.materialx.libs-1.0.9] startup
[1.013s] [ext: omni.gpucompute.plugins-0.0.0] startup
[1.013s] [ext: omni.usd.config-1.0.7] startup
[1.015s] [ext: omni.usd.libs-1.0.3] startup
[1.080s] [ext: omni.iray.libs-0.0.1] startup
[1.083s] [ext: omni.mdl-57.0.3] startup
[1.095s] [ext: omni.mdl.neuraylib-0.2.20] startup
[1.096s] [ext: omni.kit.usd.mdl-1.1.9] startup
[1.165s] [ext: omni.appwindow-1.2.2] startup
[1.166s] [ext: omni.kit.renderer.core-1.2.2] startup
2026-09-15T13:51:11Z [1,133ms] [Warning] [carb.windowing-glfw.plugin] GLFW initialization failed.
2026-09-15T13:51:11Z [1,133ms] [Warning] [carb] Failed to startup plugin carb.windowing-glfw.plugin (interfaces: [carb::windowing::IGLContext v1.0],[carb::windowing::IWindowing v1.5]) (impl: carb.windowing-glfw.plugin)
[1.189s] [ext: omni.kit.renderer.capture-2.0.1] startup
[1.191s] [ext: omni.kit.renderer.imgui-2.0.6] startup
2026-09-15T13:51:11Z [1,149ms] [Warning] [carb.windowing-glfw.plugin] GLFW initialization failed.
2026-09-15T13:51:11Z [1,149ms] [Warning] [carb] Failed to startup plugin carb.windowing-glfw.plugin (interfaces: [carb::windowing::IGLContext v1.0],[carb::windowing::IWindowing v1.5]) (impl: carb.windowing-glfw.plugin)
2026-09-15T13:51:11Z [1,150ms] [Warning] [carb.windowing-glfw.plugin] GLFW initialization failed.
2026-09-15T13:51:11Z [1,150ms] [Warning] [carb] Failed to startup plugin carb.windowing-glfw.plugin (interfaces: [carb::windowing::IGLContext v1.0],[carb::windowing::IWindowing v1.5]) (impl: carb.windowing-glfw.plugin)
[1.229s] [ext: omni.ui-3.2.0] startup
[1.235s] [ext: omni.kit.mainwindow-1.0.3] startup
[1.236s] [ext: carb.audio-0.1.0] startup
[1.238s] [ext: omni.uiaudio-1.0.0] startup
[1.239s] [ext: omni.kit.uiapp-0.0.0] startup
[1.239s] [ext: omni.usd.schema.metrics.assembler-110.1.0] startup
[1.240s] [ext: omni.usd.schema.anim-0.0.1] startup
[1.253s] [ext: omni.usd.schema.audio-0.0.1] startup
[1.256s] [ext: omni.usd.schema.geospatial-0.0.1] startup
[1.258s] [ext: omni.usd.schema.semantics-0.0.0] startup
[1.259s] [ext: omni.activity.core-1.0.3] startup
[1.260s] [ext: omni.cubric-0.1.0] startup
[1.260s] [ext: omni.graph.exec-0.9.6] startup
[1.261s] [ext: omni.usd_resolver-1.0.0] startup
[1.263s] [ext: omni.usd.core-1.8.3] startup
[1.266s] [ext: omni.hydra.scene_delegate-0.3.5] startup
[1.269s] [ext: usdrt.scenegraph-7.6.3] startup
[1.290s] [ext: omni.hydra.usdrt_delegate-7.5.2] startup
[1.294s] [ext: omni.kit.actions.core-1.0.0] startup
[1.295s] [ext: omni.kit.audiodeviceenum-1.0.2] startup
[1.296s] [ext: omni.kit.commands-1.5.0] startup
[1.298s] [ext: omni.kit.exec.core-0.13.5] startup
[1.299s] [ext: omni.kit.usd_undo-0.1.8] startup
[1.300s] [ext: omni.kit.window.popup_dialog-2.0.25] startup
[1.302s] [ext: omni.kit.widget.nucleus_connector-2.3.1] startup
[1.304s] [ext: omni.timeline-1.1.0] startup
[1.305s] [ext: omni.usd-1.16.0] startup
[1.332s] [ext: omni.kit.asset_converter-6.0.1] startup
[1.341s] [ext: omni.usd.schema.newton-1.2.1] startup
[1.341s] [ext: omni.usd.schema.omni_projectors-1.0.0] startup
[1.342s] [ext: omni.usd.schema.omni_sensors-0.0.0] startup
[1.347s] [ext: omni.usd.schema.omnigraph-1.0.1] startup
[1.351s] [ext: omni.usd.schema.physical_lighting-0.1.0] startup
[1.353s] [ext: omni.usd.schema.physx-110.1.13] startup
[1.374s] [ext: omni.usd.schema.render_settings.rtx-1.0.2] startup
[1.377s] [ext: omni.usd.schema.usd_particle_field-1.0.0] startup
[1.378s] [ext: omni.kit.clipboard-1.1.1] startup
[1.379s] [ext: omni.kit.menu.core-1.2.0] startup
[1.379s] [ext: omni.kit.usd.layers-2.6.1] startup
[1.387s] [ext: omni.kit.widget.context_menu-1.4.0] startup
[1.388s] [ext: omni.kit.context_menu-1.9.0] startup
[1.389s] [ext: omni.kit.helper.file_utils-0.1.10] startup
[1.390s] [ext: omni.kit.hotkeys.core-1.3.12] startup
[1.393s] [ext: omni.kit.menu.utils-2.2.4] startup
[1.396s] [ext: omni.kit.notification_manager-1.0.11] startup
[1.398s] [ext: omni.kit.stage_template.core-1.1.22] startup
[1.398s] [ext: omni.kit.widget.path_field-2.0.13] startup
[1.399s] [ext: omni.kit.widget.browser_bar-2.0.10] startup
[1.399s] [ext: omni.kit.widget.filebrowser-2.13.4] startup
[1.403s] [ext: omni.kit.widget.options_menu-1.1.6] startup
[1.405s] [ext: omni.kit.widget.filter-1.1.5] startup
[1.405s] [ext: omni.kit.widget.options_button-1.0.3] startup
[1.406s] [ext: omni.kit.widget.prompt-1.0.7] startup
[1.406s] [ext: omni.kit.widget.searchfield-1.1.8] startup
[1.407s] [ext: omni.ui.scene-2.0.3] startup
[1.411s] [ext: omni.kit.window.filepicker-2.15.5] startup
[1.422s] [ext: omni.kit.window.file_exporter-1.0.36] startup
[1.423s] [ext: omni.kit.widget.stage-4.4.0] startup
[1.430s] [ext: omni.kit.window.content_browser_registry-0.0.6] startup
[1.430s] [ext: omni.kit.window.drop_support-1.0.8] startup
[1.431s] [ext: omni.kit.window.file_importer-1.1.21] startup
[1.431s] [ext: omni.kit.window.file-2.0.10] startup
[1.433s] [ext: omni.kit.window.content_browser-3.1.8] startup
[1.442s] [ext: omni.kit.widget.layers-1.9.2] startup
[1.450s] [ext: omni.inspect-1.0.2] startup
[1.451s] [ext: omni.graph.core-3.1.2] startup
[1.454s] [ext: isaacsim.core.deprecation_manager-0.4.2] startup
[1.455s] [ext: isaacsim.core.version-2.1.1] startup
[1.455s] [ext: omni.graph.tools-1.81.0] startup
[1.472s] [ext: omni.graph-1.142.5] startup
[1.499s] [ext: omni.graph.action_core-1.1.9] startup
[1.501s] [ext: omni.graph.action_nodes_core-2.11.0] startup
[1.505s] [ext: omni.graph.action_nodes-2.11.0] startup
[1.526s] [ext: omni.graph.action-2.10.2] startup
[1.528s] [ext: omni.hydra.engine.stats-1.0.5] startup
[1.532s] [ext: omni.hydra.rtx.shadercache.vulkan-1.0.0] startup
[1.533s] [ext: omni.index.libs-387500.4413.0] startup
[1.534s] [ext: omni.index-1.0.1] startup
[1.534s] [ext: omni.ujitso.client-0.0.0] startup
[1.535s] [ext: omni.usd.schema.playback-1.0.0] startup
[1.539s] [ext: omni.volume-0.5.2] startup
[1.544s] [ext: omni.hydra.rtx-1.0.4] startup
2026-09-15T13:51:12Z [1,513ms] [Warning] [omni.log] Source: omni.hydra was already registered.
[1.571s] [ext: omni.kit.hydra_texture-1.6.0] startup
[1.577s] [ext: omni.kit.manipulator.viewport-107.0.1] startup
[1.578s] [ext: omni.kit.material.library-3.1.2] startup
[1.583s] [ext: omni.kit.raycast.query-1.2.0] startup
[1.587s] [ext: omni.kit.viewport.legacy_gizmos-1.0.24] startup
[1.589s] [ext: omni.kit.viewport.registry-104.0.6] startup
[1.590s] [ext: omni.kit.viewport.scene_camera_model-1.0.7] startup
[1.594s] [ext: omni.kit.widget.viewport-109.2.0] startup
[1.597s] [ext: omni.kit.viewport.window-109.0.2] startup
[1.608s] [ext: omni.kit.viewport.utility-2.0.1] startup
[1.609s] [ext: omni.graph.visualization.nodes-2.1.4] startup
[1.620s] [ext: omni.kit.property.adapter.core-1.1.1] startup
[1.622s] [ext: omni.kit.property.adapter.usd-1.0.5] startup
[1.623s] [ext: omni.kit.widget.highlight_label-1.0.3] startup
[1.623s] [ext: omni.kit.window.property-1.15.1] startup
[1.736s] [ext: omni.kit.property.usd-4.9.4] startup
[1.742s] [ext: omni.kit.widget.text_editor-1.1.1] startup
[1.744s] [ext: omni.kit.window.extensions-1.5.10] startup
[1.747s] [ext: omni.physics-110.1.13] startup
[1.749s] [ext: isaacsim.gui.components-1.8.5] startup
[1.753s] [ext: isaacsim.simulation_app-2.18.4] startup
[1.753s] [ext: isaacsim.storage.native-1.9.3] startup
[1.754s] [ext: omni.kit.primitive.mesh-1.1.0] startup
[1.756s] [ext: omni.kit.stage_templates-2.0.2] startup
[1.758s] [ext: omni.anim.curve.core-1.6.0] startup
[1.765s] [ext: omni.convexdecomposition-110.1.13] startup
[1.767s] [ext: omni.graph.image.core-0.6.1] startup
[1.767s] [ext: omni.graph.image.nodes-1.3.1] startup
[1.768s] [ext: omni.graph.nodes_core-2.11.0] startup
[1.772s] [ext: omni.graph.nodes-2.12.0] startup
[1.777s] [ext: omni.graph.scriptnode-2.10.2] startup
[1.783s] [ext: omni.graph.ui_nodes-2.11.1] startup
[1.806s] [ext: omni.hydra.scene_api-0.1.3] startup
[1.810s] [ext: omni.kit.manipulator.camera-110.0.0] startup
[1.813s] [ext: omni.kit.manipulator.selector-1.1.4] startup
[1.814s] [ext: omni.kit.widget.searchable_combobox-1.0.7] startup
[1.814s] [ext: omni.kit.widget.settings-2.0.0] startup
[1.816s] [ext: omni.kit.window.preferences-1.8.3] startup
[1.820s] [ext: omni.kit.manipulator.transform-107.0.0] startup
[1.823s] [ext: omni.kit.widget.toolbar-2.1.0] startup
[1.827s] [ext: omni.kit.manipulator.tool.snap-1.5.14] startup
[1.830s] [ext: omni.kit.viewport.manipulator.transform-107.0.4] startup
[1.832s] [ext: omni.kit.manipulator.prim.core-108.0.2] startup
[1.836s] [ext: omni.kit.manipulator.prim.usd-107.0.3] startup
[1.837s] [ext: omni.kit.manipulator.prim-108.0.0] startup
[1.837s] [ext: omni.kit.manipulator.selection-109.0.1] startup
[1.838s] [ext: omni.kit.menu.create-2.0.2] startup
[1.839s] [ext: omni.kit.widget.stage_icons-1.0.8] startup
[1.840s] [ext: omni.kit.window.stage-2.6.1] startup
[1.843s] [ext: omni.kit.menu.stage-1.2.7] startup
[1.844s] [ext: omni.kit.property.audio-1.0.16] startup
[1.847s] [ext: omni.kit.property.camera-1.0.14] startup
[1.848s] [ext: omni.kit.property.geometry-2.1.2] startup
[1.850s] [ext: omni.kit.property.light-1.0.14] startup
[1.882s] [ext: omni.kit.property.material-1.14.6] startup
[1.887s] [ext: omni.kit.property.render-1.2.2] startup
[1.888s] [ext: omni.kit.property.transform-1.6.9] startup
[1.890s] [ext: omni.kit.property.bundle-1.5.1] startup
[1.892s] [ext: omni.kit.stagerecorder.core-110.0.14] startup
[1.895s] [ext: omni.kit.stagerecorder.ui-110.0.2] startup
[1.897s] [ext: omni.kit.stagerecorder.bundle-110.0.2] startup
[1.897s] [ext: omni.kit.usd.collect-3.0.6] startup
[1.899s] [ext: omni.kit.usdz_export-1.1.0] startup
[1.901s] [ext: omni.kit.tool.asset_importer-6.0.1] startup
[1.905s] [ext: omni.kit.tool.collect-2.2.19] startup
[1.906s] [ext: omni.kit.ui.actions-1.0.5] startup
[1.911s] [ext: omni.kit.viewport.actions-110.0.0] startup
[1.914s] [ext: omni.kit.viewport.menubar.core-107.2.2] startup
[1.923s] [ext: omni.kit.viewport.menubar.camera-107.0.10] startup
[1.927s] [ext: omni.kit.viewport.menubar.display-107.1.3] startup
[1.928s] [ext: omni.kit.viewport.menubar.lighting-107.3.2] startup
[1.930s] [ext: omni.kit.viewport.menubar.render-110.0.0] startup
[1.932s] [ext: omni.kit.viewport.menubar.settings-110.0.1] startup
[1.934s] [ext: omni.kit.window.console-1.1.9] startup
[1.937s] [ext: omni.kit.window.script_editor-2.0.7] startup
[1.939s] [ext: omni.kit.window.status_bar-0.1.11] startup
[1.941s] [ext: omni.kit.window.toolbar-3.0.3] startup
[1.943s] [ext: omni.ocio-0.1.1] startup
[1.944s] [ext: omni.physx.gpu-110.1.13] startup
[1.944s] [ext: omni.physx.foundation-110.1.13] startup
[1.946s] [ext: omni.usdphysics-110.1.13] startup
[1.947s] [ext: omni.physx.cooking-110.1.13] startup
[1.950s] [ext: omni.physx-110.1.13] startup
[1.957s] [ext: omni.physics.physx-110.1.13] startup
[1.959s] [ext: omni.physics.stageupdate-110.1.13] startup
[1.961s] [ext: omni.physics.tensors-110.1.13] startup
[1.965s] [ext: omni.physx.fabric-110.1.13] startup
[1.967s] [ext: omni.physx.tensors-110.1.13] startup
[1.970s] [ext: omni.rtx.window.settings-0.8.0] startup
[1.972s] [ext: omni.rtx.settings.core-0.7.1] startup
[1.974s] [ext: omni.usd.metrics.asWarning: Possible version incompatibility. Attempting to load omni::fabric::IStageReaderWriter with version v0.16 against v0.14.
sembler-110.1.2] startup
[1.977s] [ext: omni.usd.metrics.assembler.ui-110.1.1] startup
[1.982s] [ext: omni.kit.menu.common-2.0.2] startup
[1.983s] [ext: isaaclab.python-3.0.0] startup
[1.983s] [ext: omni.fabric.commands-2.0.0] startup
[1.985s] [ext: omni.kit.scene_view.xr-1.0.4] startup
[1.989s] [ext: omni.kit.scene_view.xr_utils-1.0.1] startup
[1.994s] [ext: omni.ui_query-1.1.10] startup
[1.994s] [ext: omni.kit.ui_test-1.4.4] startup
[1.995s] [ext: omni.kit.xr.core-109.0.0] startup
2026-09-15T13:51:12Z [1,954ms] [Warning] [omni.usd] HydraEngineManager::findEngineUidImpl - can't find hydra engine for name: 'rtx', index: 4294967295, context ptr: 0x3d331550
[2.023s] [ext: omni.kit.xr.system.openxr-109.0.0] startup
[2.026s] [ext: omni.kit.xr.ui.window.viewport-109.0.0] startup
[2.029s] [ext: omni.kit.xr.ui.window.profile-109.0.0] startup
[2.034s] [ext: omni.syntheticdata-0.6.15] startup
[2.060s] [ext: omni.replicator.nv-1.1.1] startup
[2.065s] [ext: omni.videoencoding-0.2.1] startup
[2.067s] [ext: omni.replicator.core-1.13.27] startup
2026-09-15T13:51:12Z [2,033ms] [Warning] [pxr.Semantics] pxr.Semantics is deprecated - please use Semantics instead
2026-09-15T13:51:12Z [2,082ms] [Warning] [omni.replicator.core.scripts.extension] No material configuration file, adding configuration to material settings directly.
[2.366s] [ext: isaaclab.python.xr.openxr-3.0.0] startup
[2.366s] [ext: isaaclab.python.xr.openxr.headless-3.0.0] startup
[2.368s] Simulation App Starting
2026-09-15T13:51:13Z [2,929ms] [Warning] [rtx.hydra] RenderDelegate : Warning /rtx/hydra/readTransformsFromFabricInRenderDelegate and geometry streaming are enabled together but this can cause issues with dynamic objects not streaming correctly due to problems in the transform update.
[3.108s] Simulation App Startup Complete
[3.114s] app ready
[ISAACLAB] AppLauncher initialization complete
[ISAACLAB] Kit version: 110.1.2+production.326809.f9bf0dda.gl
[ISAACLAB] Kit kernel:  210.1.11+release.13746.80f6dc72.gl
[ISAACLAB] Kit hash:    f9bf0dda
[S1] loading checked configuration
[DEMO] profile=dual_cube_to_matching_plates TEST_ONLY / NOT_APPROVED_FOR_PRODUCTION
[INFO]: Loading local copy of remote asset 'https://omniverse-content-production.s3-us-west-2.amazonaws.com/Assets/Isaac/6.1/Isaac/IsaacLab/Environments/Grid/default_ground_plane.usda' from '/tmp/https/omniverse-content-production.s3-us-west-2.amazonaws.com/Assets/Isaac/6.1/Isaac/IsaacLab/Environments/Grid/default_ground_plane.usda'.
[INFO]: Loading local copy of remote asset 'https://omniverse-content-production.s3-us-west-2.amazonaws.com/Assets/Isaac/6.1/Isaac/IsaacLab/Environments/Grid/Materials/Textures/default_ground_plane_emissive_mask.png' from '/tmp/https/omniverse-content-production.s3-us-west-2.amazonaws.com/Assets/Isaac/6.1/Isaac/IsaacLab/Environments/Grid/Materials/Textures/default_ground_plane_emissive_mask.png'.
[INFO]: Loading local copy of remote asset 'https://omniverse-content-production.s3-us-west-2.amazonaws.com/Assets/Isaac/6.1/Isaac/IsaacLab/Environments/Grid/Materials/Textures/default_ground_plane_albedo.png' from '/tmp/https/omniverse-content-production.s3-us-west-2.amazonaws.com/Assets/Isaac/6.1/Isaac/IsaacLab/Environments/Grid/Materials/Textures/default_ground_plane_albedo.png'.
[INFO]: Loading local copy of remote asset 'https://omniverse-content-production.s3-us-west-2.amazonaws.com/Assets/Isaac/6.1/Isaac/IsaacLab/Environments/Grid/Materials/Textures/default_ground_plane_emissive_color.png' from '/tmp/https/omniverse-content-production.s3-us-west-2.amazonaws.com/Assets/Isaac/6.1/Isaac/IsaacLab/Environments/Grid/Materials/Textures/default_ground_plane_emissive_color.png'.
[INFO]: Registered backend 'physx' for factory RigidObject.
[INFO]: Registered backend 'physx' for factory Articulation.
[INFO]: Created new renderer for simulation: IsaacRtxRenderer
[INFO]: Using renderer: IsaacRtxRenderer
[INFO]: Using renderer: IsaacRtxRenderer
[INFO]: Using renderer: IsaacRtxRenderer
[INFO]: Registered backend 'physx' for factory ContactSensor.
[INFO]: Simulation parameters for joints in /World/LeftPiper:
+---------------------------------------------------------------------------------------------------------------------------------------------------------------------+
|                                                      Simulation Joint Information (Prim path: /World/LeftPiper)                                                     |
+-------+----------------+-----------+---------+----------+-----------------+------------------+------------------+-----------------+-----------------+---------------+
| Index | Name           | Stiffness | Damping | Armature | Static Friction | Dynamic Friction | Viscous Friction | Position Limits | Velocity Limits | Effort Limits |
+-------+----------------+-----------+---------+----------+-----------------+------------------+------------------+-----------------+-----------------+---------------+
|   0   | joint1         |  400.000  |  40.000 |  0.000   |      0.000      |      0.000       |      0.000       | [-2.618, 2.618] |      5.000      |    100.000    |
|   1   | joint2         |  400.000  |  40.000 |  0.000   |      0.000      |      0.000       |      0.000       |  [0.000, 3.142] |      5.000      |    100.000    |
|   2   | joint3         |  400.000  |  40.000 |  0.000   |      0.000      |      0.000       |      0.000       | [-2.967, 0.000] |      5.000      |    100.000    |
|   3   | joint4         |  400.000  |  40.000 |  0.000   |      0.000      |      0.000       |      0.000       | [-1.553, 1.553] |      5.000      |    100.000    |
|   4   | joint5         |  400.000  |  40.000 |  0.000   |      0.000      |      0.000       |      0.000       | [-1.553, 1.553] |      5.000      |    100.000    |
|   5   | joint6         |  400.000  |  40.000 |  0.000   |      0.000      |      0.000       |      0.000       | [-2.094, 2.094] |      5.000      |    100.000    |
|   6   | gripper        |  400.000  |  40.000 |  0.000   |      0.000      |      0.000       |      0.000       |  [0.000, 0.100] |      3.000      |     2.000     |
|   7   | gripper_joint1 |   0.000   |  0.000  |  0.000   |      0.000      |      0.000       |      0.000       |  [0.000, 0.050] |      3.000      |     1.000     |
|   8   | gripper_joint2 |   0.000   |  0.000  |  0.000   |      0.000      |      0.000       |      0.000       | [-0.050, 0.000] |      3.000      |     1.000     |
+-------+----------------+-----------+---------+----------+-----------------+------------------+------------------+-----------------+-----------------+---------------+
[INFO]: Simulation parameters for joints in /World/RightPiper:
+---------------------------------------------------------------------------------------------------------------------------------------------------------------------+
|                                                     Simulation Joint Information (Prim path: /World/RightPiper)                                                     |
+-------+----------------+-----------+---------+----------+-----------------+------------------+------------------+-----------------+-----------------+---------------+
| Index | Name           | Stiffness | Damping | Armature | Static Friction | Dynamic Friction | Viscous Friction | Position Limits | Velocity Limits | Effort Limits |
+-------+----------------+-----------+---------+----------+-----------------+------------------+------------------+-----------------+-----------------+---------------+
|   0   | joint1         |  400.000  |  40.000 |  0.000   |      0.000      |      0.000       |      0.000       | [-2.618, 2.618] |      5.000      |    100.000    |
|   1   | joint2         |  400.000  |  40.000 |  0.000   |      0.000      |      0.000       |      0.000       |  [0.000, 3.142] |      5.000      |    100.000    |
|   2   | joint3         |  400.000  |  40.000 |  0.000   |      0.000      |      0.000       |      0.000       | [-2.967, 0.000] |      5.000      |    100.000    |
|   3   | joint4         |  400.000  |  40.000 |  0.000   |      0.000      |      0.000       |      0.000       | [-1.553, 1.553] |      5.000      |    100.000    |
|   4   | joint5         |  400.000  |  40.000 |  0.000   |      0.000      |      0.000       |      0.000       | [-1.553, 1.553] |      5.000      |    100.000    |
|   5   | joint6         |  400.000  |  40.000 |  0.000   |      0.000      |      0.000       |      0.000       | [-2.094, 2.094] |      5.000      |    100.000    |
|   6   | gripper        |  400.000  |  40.000 |  0.000   |      0.000      |      0.000       |      0.000       |  [0.000, 0.100] |      3.000      |     2.000     |
|   7   | gripper_joint1 |   0.000   |  0.000  |  0.000   |      0.000      |      0.000       |      0.000       |  [0.000, 0.050] |      3.000      |     1.000     |
|   8   | gripper_joint2 |   0.000   |  0.000  |  0.000   |      0.000      |      0.000       |      0.000       | [-0.050, 0.000] |      3.000      |     1.000     |
+-------+----------------+-----------+---------+----------+-----------------+------------------+------------------+-----------------+-----------------+---------------+
[INFO]: Registered backend 'physx' for factory FrameView.
[INFO]: [SimulationContext] Auto-injecting KitVisualizer for XR app-update pumping.
<repository-root>/tools/run_isaac_s1.py:322: DeprecationWarning: Articulation.set_joint_position_target_index is deprecated. Use articulation.actuators.target_command.set_position_index instead.
  robot.set_joint_position_target_index(target=position, joint_ids=ids)
<repository-root>/tools/isaac_robosyn_vr_demo.py:563: UserWarning: PhysX does not return a total contact force. This is a known limitation in PhysX and we are fixing it for the next release. Returning 'net_normal_forces_w'.
  float(np.linalg.norm(_cpu(sensor.data.net_forces_w), axis=-1).max(initial=0.0))
[DEMO] validation={'candidate_home_used': True, 'maximum_home_error_deg_or_mm': 0.0, 'finite_state': True, 'maximum_arm_contact_force_n': {'left': 0.0, 'right': 0.0}, 'collision_free_at_home': True, 'home_tcp_world_m': {'left': [0.5789288878440857, 0.1740923970937729, 1.0264804363250732], 'right': [0.5789286494255066, -0.17409229278564453, 1.0264805555343628]}, 'home_tcp_separation_m': 0.34818468987951945, 'maximum_profile_reset_position_error_m': 0.002000272274017334, 'wrist_shapes': {'left_wrist': [480, 640, 3], 'right_wrist': [480, 640, 3]}, 'scene_camera': {'shape': [480, 640, 3], 'dtype': 'uint8', 'rgb_stddev': 44.85308837890625, 'frame': 30}, 'imported_prim_valid': {}, 'required_prim_valid': {'/World/RobosynDemo/Table': True, '/World/RobosynDemo/Backdrop': True, '/World/LeftPiper': True, '/World/RightPiper': True, '/World/RobosynDemo/SceneCamera': True, '/World/RobosynDemo/LeftCube': True, '/World/RobosynDemo/RightCube': True, '/World/RobosynDemo/LeftPlate': True, '/World/RobosynDemo/RightPlate': True}, 'table_collision_api': True, 'passed': True}
[S2] CloudXR 6.2.1 profile=cloudxrjs kit_xr_bridge=True
[INFO]: XR camera feed 'left_wrist' is using its feed-owned zero-copy CUDA annotator.
[INFO]: XR camera feed 'right_wrist' is using its feed-owned zero-copy CUDA annotator.
{"event": "demo_vr_camera_feed_bound", "feeds": [{"camera": "left_wrist", "rgb_stddev": 30.33171844482422, "source_alpha_range": [255, 255], "source_device": "cuda", "upload_alpha_range": [255, 255], "upload_device": "cpu"}, {"camera": "right_wrist", "rgb_stddev": 32.04668045043945, "source_alpha_range": [255, 255], "source_device": "cuda", "upload_alpha_range": [255, 255], "upload_device": "cpu"}], "layout": "head_locked", "upload_path": "cpu_staged"}
[DEMO] wrist camera panels prebound hidden before XR session
[INFO]: Pinned the CloudXR runtime to CUDA device 0
[INFO]: CloudXR runtime auto-launched
[INFO]: XR enabled changed to: True
[INFO]: Enabled /xr/profile/ar/enabled via carb.settings
[INFO]: OpenXR handles not yet available (waiting for XR session); IsaacTeleop session creation deferred
<repository-root>/tools/run_isaac_s1.py:335: DeprecationWarning: Articulation.set_joint_position_target_index is deprecated. Use articulation.actuators.target_command.set_position_index instead.
  robot.set_joint_position_target_index(target=target, joint_ids=ids)
[INFO]: Required extensions: ['XR_KHR_convert_timespec_time', 'XR_NVX1_action_context', 'XR_NV_opaque_data_channel']
[INFO]: Required extensions: ['XR_KHR_convert_timespec_time', 'XR_NVX1_action_context', 'XR_NV_opaque_data_channel']
LOG in xrCreateInstance: Instance created
	createInfo->applicationInfo.applicationName: IsaacLab
	createInfo->applicationInfo.applicationVersion: 1
	createInfo->applicationInfo.engineName: Omniverse Kit XR
	createInfo->applicationInfo.engineVersion: 110001
	createInfo->applicationInfo.apiVersion: 1.1.53
	appinfo.detected.engine.name: Omniverse
	appinfo.detected.engine.version: 0.0.0
	quirks.disable_vulkan_format_depth: false
	quirks.disable_vulkan_format_depth_stencil: false
	quirks.disable_quad_views: true
	quirks.no_validation_error_in_create_ref_space: true
	quirks.skip_end_session: false
	quirks.parallel_views: false
	quirks.no_texture_source_alpha: false

<repository-root>/tools/run_isaac_s1.py:335: DeprecationWarning: Articulation.set_joint_position_target_index is deprecated. Use articulation.actuators.target_command.set_position_index instead.
  robot.set_joint_position_target_index(target=target, joint_ids=ids)
{"camera_valid": true, "event": "s2_status", "left": "session_inactive", "left_mode": "normal", "right": "session_inactive", "right_mode": "normal", "session_running": false, "step": 30}
<repository-root>/tools/run_isaac_s1.py:335: DeprecationWarning: Articulation.set_joint_position_target_index is deprecated. Use articulation.actuators.target_command.set_position_index instead.
  robot.set_joint_position_target_index(target=target, joint_ids=ids)
<repository-root>/tools/run_isaac_s1.py:335: DeprecationWarning: Articulation.set_joint_position_target_index is deprecated. Use articulation.actuators.target_command.set_position_index instead.
  robot.set_joint_position_target_index(target=target, joint_ids=ids)
{"camera_valid": true, "event": "s2_status", "left": "session_inactive", "left_mode": "normal", "right": "session_inactive", "right_mode": "normal", "session_running": false, "step": 60}
[INFO]: CloudXR runtime stopped
[INFO]: IsaacTeleop session ended
{"cameras": {"left_wrist": "640x480 uint8 RGB HWC", "right_wrist": "640x480 uint8 RGB HWC", "strictly_advanced_bimanual_frames": 60, "valid_bimanual_frames": 60}, "canonical_d0_changed": false, "environment": {"cloudxr": "6.2.1", "cloudxr_profile": "cloudxrjs", "isaac_lab_commit": "913ac53f51b2f8d02c9e121caa4cbdd06262948e", "isaac_lab_package": "16.4.0", "isaac_lab_release": "release/3.0.0", "isaac_sim": "6.0.1.0", "isaaclab_teleop": "0.8.0", "isaacteleop": "1.4.98rc1", "kit_xr_bridge": true, "python": "3.12.13"}, "execution": {"control_hz": 6.374807169946971, "control_steps": 60, "maximum_rebase_or_clutch_tcp_motion_m": {"left": 0.0, "right": 0.0}, "physics_hz": 25.499228679787883, "saturated_frames": 0, "sensitivity_mode_frames": {"left": {"normal": 60, "precise": 0}, "right": {"normal": 60, "precise": 0}}, "tracking_valid_frames": {"left": 0, "right": 0}, "transitions": {"left:session_inactive": 60, "right:session_inactive": 60}, "wall_seconds": 9.412049400154501}, "experiment": {"backdrop_visibility": {"control": "right_secondary_click", "final": true, "initial": true, "quest_button": "B", "toggle_count": 0, "visual_only": true}, "camera_capture_cycles_including_reset": 60, "camera_configured_simulation_hz": {"demo_scene": 30.0, "left_wrist": 30.0, "right_wrist": 30.0}, "camera_effective_hz": {"demo_scene": 6.374807169946971, "left_wrist": 6.374807169946971, "right_wrist": 6.374807169946971}, "camera_frames_end": {"demo_scene": 66, "left_wrist": 67, "right_wrist": 67}, "camera_frames_start": {"demo_scene": 6, "left_wrist": 6, "right_wrist": 6}, "optional_demo_performance_mode": "not_implemented", "profile": "dual_cube_to_matching_plates", "validation": {"candidate_home_used": true, "collision_free_at_home": true, "finite_state": true, "home_tcp_separation_m": 0.34818468987951945, "home_tcp_world_m": {"left": [0.5789288878440857, 0.1740923970937729, 1.0264804363250732], "right": [0.5789286494255066, -0.17409229278564453, 1.0264805555343628]}, "imported_prim_valid": {}, "maximum_arm_contact_force_n": {"left": 0.0, "right": 0.0}, "maximum_home_error_deg_or_mm": 0.0, "maximum_profile_reset_position_error_m": 0.002000272274017334, "passed": true, "required_prim_valid": {"/World/LeftPiper": true, "/World/RightPiper": true, "/World/RobosynDemo/Backdrop": true, "/World/RobosynDemo/LeftCube": true, "/World/RobosynDemo/LeftPlate": true, "/World/RobosynDemo/RightCube": true, "/World/RobosynDemo/RightPlate": true, "/World/RobosynDemo/SceneCamera": true, "/World/RobosynDemo/Table": true}, "scene_camera": {"dtype": "uint8", "frame": 30, "rgb_stddev": 44.85308837890625, "shape": [480, 640, 3]}, "table_collision_api": true, "wrist_shapes": {"left_wrist": [480, 640, 3], "right_wrist": [480, 640, 3]}}, "vr_feed_visibility": {"capture_continues_when_hidden": true, "control": "left_primary_click", "feed_bound_ever": true, "final": false, "initial": false, "quest_button": "X", "toggle_count": 0, "upload_path": "cpu_staged", "upstream_session_prepared_enabled": true}, "xr_recenter": {"authoritative_scene_geometry_changed": false, "control": "right_thumbstick_click", "controller_transform_source": "XRCore.get_physical_to_virtual_world_transform", "quest_button": "R3", "request_count": 0, "scheduled_count": 0, "upstream_mechanism": "XRCore.schedule_teleport_to_view", "view_prim_path": "/World/RobosynDemo/SceneCamera"}}, "gate": "NONE_EXPERIMENTAL", "gpu": {"end": {"gpu_utilization_percent": 39, "vram_total_mib": 24564, "vram_used_mib": 6182}, "samples": [{"gpu_utilization_percent": 69, "vram_total_mib": 24564, "vram_used_mib": 6037}, {"gpu_utilization_percent": 47, "vram_total_mib": 24564, "vram_used_mib": 6617}, {"gpu_utilization_percent": 47, "vram_total_mib": 24564, "vram_used_mib": 6617}, {"gpu_utilization_percent": 34, "vram_total_mib": 24564, "vram_used_mib": 6617}, {"gpu_utilization_percent": 39, "vram_total_mib": 24564, "vram_used_mib": 6617}, {"gpu_utilization_percent": 39, "vram_total_mib": 24564, "vram_used_mib": 6182}], "start": {"gpu_utilization_percent": 69, "vram_total_mib": 24564, "vram_used_mib": 6037}}, "passed": true, "physical_human_gate": "required_not_implied_by_runtime_smoke", "processor": {"clutch": "independent squeeze > 0.5; release discards one delta", "gripper": "independent analog trigger [0,1] maps linearly and monotonically from 0.1 m open to 0.0 m closed", "revision": "piper_x_isaac_s2_bimanual_relative_v2", "sensitivity": {"initial_mode": "normal", "normal": {"rotation_scale": 4.0, "translation_scale": 4.0}, "precise": {"rotation_scale": 1.0, "translation_scale": 1.0}, "quest_button": "Y", "scope": "both arms receive the same edge-triggered left Y value", "switch_behavior": "rising edge changes mode and emits zero Cartesian delta", "toggle_control": "left_secondary_click"}, "source_timestamp_threshold": null, "tracking_recovery": "unusable pose invalidates upstream SE(3) baseline and smoothing; first recovered frame emits zero delta"}, "production_gate_status_changed": false, "runtime_path": "Quest -> CloudXR/isaacteleop -> isaaclab_teleop -> one ControllersSource -> S2 processor -> DifferentialIKController -> accepted S1 native actuation", "session": {"action_frames": 0, "demo_backdrop_toggle_smoke_met": true, "demo_display_toggle_smoke_met": true, "demo_recenter_smoke_met": true, "require_physical_tracking": false, "require_session": false, "single_controller_source": true, "started_ever": false}, "status": "experimental_runtime_smoke_passed_physical_demo_required", "xr_presentation": {"anchor_pos_m": [-0.05, 0.0, -0.1], "anchor_rot_xyzw": [0.0, 0.0, -0.7071067811865475, 0.7071067811865476], "authoritative_scene_geometry_changed": false, "controller_transform_source": "XRCore.get_physical_to_virtual_world_transform", "experimental_scene_geometry_applied": true, "near_plane_m": 0.1}}
XR_PROBE_RESULT {"mode": "raw_cpu_upload_render_once", "measured_advance_calls": 55, "advance_ms": 35.662471545352176, "timings": {"physics_and_render": {"calls": 220, "seconds": 1.7690963242202997, "ms_per_call": 8.04134692827409}, "camera_update": {"calls": 220, "seconds": 0.11591465747915208, "ms_per_call": 0.5268848067234185}, "panel_gpu_to_cpu": {"calls": 110, "seconds": 0.019676774740219116, "ms_per_call": 0.17887977036562833}, "panel_0_upload": {"calls": 55, "seconds": 0.43850511591881514, "ms_per_call": 7.9728202894330025}, "feed_publish": {"calls": 110, "seconds": 0.5879170049447566, "ms_per_call": 5.344700044952333}, "panel_1_upload": {"calls": 55, "seconds": 0.09277628874406219, "ms_per_call": 1.6868416135284034}, "feed_manager_update": {"calls": 55, "seconds": 0.5883040211629122, "ms_per_call": 10.696436748416586}, "render": {"calls": 55, "seconds": 1.1108213900588453, "ms_per_call": 20.19675254652446}, "observation_cpu": {"calls": 55, "seconds": 0.020660710986703634, "ms_per_call": 0.3756492906673388}, "camera_validation": {"calls": 55, "seconds": 0.08252084767445922, "ms_per_call": 1.5003790486265312}}}
ERROR [ipc_send] sendmsg(360) failed: '32' 'Broken pipe'!
ERROR [ipc_client_instance_is_system_available] ipc_call_instance_is_system_available failed: XRT_ERROR_IPC_FAILURE [/builds/cloudxr/cloudxr-openxr-runtime/deps/monado/src/xrt/ipc/client/ipc_client_instance.c:139]
XR_ERROR_INSTANCE_LOST in xrGetSystem: Call to xrt_instance_is_system_available failed: XRT_ERROR_IPC_FAILURE
ERROR [ipc_send] sendmsg(360) failed: '32' 'Broken pipe'!
ERROR [ipc_client_instance_is_system_available] ipc_call_instance_is_system_available failed: XRT_ERROR_IPC_FAILURE [/builds/cloudxr/cloudxr-openxr-runtime/deps/monado/src/xrt/ipc/client/ipc_client_instance.c:139]
XR_ERROR_INSTANCE_LOST in xrGetSystem: Call to xrt_instance_is_system_available failed: XRT_ERROR_IPC_FAILURE
2026-09-15T13:51:16Z [5,366ms] [Warning] [isaaclab.utils.assets] Serving remote assets from the local cache under '/tmp'. Each copy is checked against the server before use; delete the directory to force a full re-download.
2026-09-15T13:51:17Z [7,095ms] [Warning] [omni.usd] Encountered USD Warnings but USD Diagnostics are currently muted. To view USD Warnings, please set the '/persistent/app/usd/muteUsdDiagnostics' setting to false in Preferences page.
2026-09-15T13:51:18Z [7,367ms] [Warning] [omni.rtx] Requesting texture to use texture streaming, but the service isn't available.  The texture will be created as a regular resource.
[11.727s] [ext: omni.warp.core-1.13.0] startup
[11.731s] [ext: isaacsim.kit.xr.teleop.bridge-1.1.3] startup
2026-09-15T13:51:23Z [12,516ms] [Warning] [isaaclab_teleop.session_lifecycle] Teleop workstation check: 1 requirement(s) below the recommended spec
See https://isaac-sim.github.io/IsaacLab/develop/source/how-to/cloudxr_teleoperation.html

  [  ok] CPU single-thread   1.13 of reference                       (need >= 0.80 of reference)
  [  ok] CPU governor        powersave                               (need performance (or single-thread >= 0.80))
  [  ok] CPU boost clock     5.0 GHz                                 (need >= 4.0 GHz)
  [  ok] CPU physical cores  16                                      (need >= 8)
  [  ok] GPU memory          25 GB (cuda:0 NVIDIA GeForce RTX 4090)  (need >= 24 GB)
  [  ok] GPU architecture    compute 8.9                             (need >= compute 8.9)
  [  ok] NVIDIA driver       580.159.03                              (need >= 580)
  [WARN] System memory       31 GiB                                  (need >= 60 GiB)
  [  ok] CPU architecture    x86_64                                  (need x86_64 or AMD64)
2026-09-15T13:51:29Z [18,960ms] [Warning] [omni.rtx] DLSS increasing input dimensions: Render resolution of (320, 240) is below minimal input resolution of 300.
2026-09-15T13:51:32Z [21,824ms] [Warning] [carb] Plugin interface for a client: omni.hydratexture.plugin was already released.
2026-09-15T13:51:32Z [21,829ms] [Warning] [carb] Plugin interface for a client: omni.hydratexture.plugin was already released.
2026-09-15T13:51:32Z [22,017ms] [Warning] [carb] Plugin interface for a client: omni.hydratexture.plugin was already released.
[22.067s] Simulation App Shutting Down
