Loading user config located at: '/data/vla-infrastructure/envs/isaac-s1-candidate-b/lib/python3.12/site-packages/isaacsim/kit/data/Kit/IsaacLab/3.0/user.config.json'
2026-09-15T13:47:06Z [Info] [carb] Logging to file: /data/vla-infrastructure/envs/isaac-s1-candidate-b/lib/python3.12/site-packages/isaacsim/kit/logs/Kit/IsaacLab/3.0/kit_20260915_164706.log
2026-09-15T13:47:06Z [8ms] [Warning] [omni.ext.plugin] [ext: isaaclab_tasks] Extensions config 'extension.toml' doesn't exist '/data/vla-infrastructure/isaaclab_candidate_qualification/20260907/candidate_b_exact/source/isaaclab_tasks' or '/data/vla-infrastructure/isaaclab_candidate_qualification/20260907/candidate_b_exact/source/isaaclab_tasks/config'
2026-09-15T13:47:06Z [13ms] [Warning] [omni.ext.plugin] [ext: isaaclab_ppisp] Extensions config 'extension.toml' doesn't exist '/data/vla-infrastructure/isaaclab_candidate_qualification/20260907/candidate_b_exact/source/isaaclab_ppisp' or '/data/vla-infrastructure/isaaclab_candidate_qualification/20260907/candidate_b_exact/source/isaaclab_ppisp/config'
2026-09-15T13:47:06Z [13ms] [Warning] [omni.ext.plugin] [ext: isaaclab_teleop] Extensions config 'extension.toml' doesn't exist '/data/vla-infrastructure/isaaclab_candidate_qualification/20260907/candidate_b_exact/source/isaaclab_teleop' or '/data/vla-infrastructure/isaaclab_candidate_qualification/20260907/candidate_b_exact/source/isaaclab_teleop/config'
2026-09-15T13:47:06Z [20ms] [Warning] [omni.ext.plugin] [ext: isaaclab_assets] Extensions config 'extension.toml' doesn't exist '/data/vla-infrastructure/isaaclab_candidate_qualification/20260907/candidate_b_exact/source/isaaclab_assets' or '/data/vla-infrastructure/isaaclab_candidate_qualification/20260907/candidate_b_exact/source/isaaclab_assets/config'
2026-09-15T13:47:06Z [26ms] [Warning] [omni.ext.plugin] [ext: isaaclab_contrib] Extensions config 'extension.toml' doesn't exist '/data/vla-infrastructure/isaaclab_candidate_qualification/20260907/candidate_b_exact/source/isaaclab_contrib' or '/data/vla-infrastructure/isaaclab_candidate_qualification/20260907/candidate_b_exact/source/isaaclab_contrib/config'
2026-09-15T13:47:06Z [26ms] [Warning] [omni.ext.plugin] [ext: isaaclab_ovphysx] Extensions config 'extension.toml' doesn't exist '/data/vla-infrastructure/isaaclab_candidate_qualification/20260907/candidate_b_exact/source/isaaclab_ovphysx' or '/data/vla-infrastructure/isaaclab_candidate_qualification/20260907/candidate_b_exact/source/isaaclab_ovphysx/config'
2026-09-15T13:47:06Z [26ms] [Warning] [omni.ext.plugin] [ext: isaaclab_visualizers] Extensions config 'extension.toml' doesn't exist '/data/vla-infrastructure/isaaclab_candidate_qualification/20260907/candidate_b_exact/source/isaaclab_visualizers' or '/data/vla-infrastructure/isaaclab_candidate_qualification/20260907/candidate_b_exact/source/isaaclab_visualizers/config'
2026-09-15T13:47:06Z [29ms] [Warning] [omni.ext.plugin] [ext: isaaclab_experimental] Extensions config 'extension.toml' doesn't exist '/data/vla-infrastructure/isaaclab_candidate_qualification/20260907/candidate_b_exact/source/isaaclab_experimental' or '/data/vla-infrastructure/isaaclab_candidate_qualification/20260907/candidate_b_exact/source/isaaclab_experimental/config'
2026-09-15T13:47:06Z [29ms] [Warning] [omni.ext.plugin] [ext: isaaclab_mimic] Extensions config 'extension.toml' doesn't exist '/data/vla-infrastructure/isaaclab_candidate_qualification/20260907/candidate_b_exact/source/isaaclab_mimic' or '/data/vla-infrastructure/isaaclab_candidate_qualification/20260907/candidate_b_exact/source/isaaclab_mimic/config'
2026-09-15T13:47:06Z [29ms] [Warning] [omni.ext.plugin] [ext: isaaclab_ov] Extensions config 'extension.toml' doesn't exist '/data/vla-infrastructure/isaaclab_candidate_qualification/20260907/candidate_b_exact/source/isaaclab_ov' or '/data/vla-infrastructure/isaaclab_candidate_qualification/20260907/candidate_b_exact/source/isaaclab_ov/config'
2026-09-15T13:47:06Z [29ms] [Warning] [omni.ext.plugin] [ext: isaaclab_physx] Extensions config 'extension.toml' doesn't exist '/data/vla-infrastructure/isaaclab_candidate_qualification/20260907/candidate_b_exact/source/isaaclab_physx' or '/data/vla-infrastructure/isaaclab_candidate_qualification/20260907/candidate_b_exact/source/isaaclab_physx/config'
WARNING: All log messages before absl::InitializeLog() is called are written to STDERR
E0000 00:00:1789480027.125703 2425465 descriptor_database.cc:633] File already exists in database: grpc/health/v1/health.proto
W0000 00:00:1789480027.126094 2425465 message.cc:301] Protobuf GeneratedMessageFactory: File is already registered: grpc/health/v1/health.proto
2026-09-15T13:47:06Z [32ms] [Warning] [omni.ext.plugin] [ext: isaaclab] Extensions config 'extension.toml' doesn't exist '/data/vla-infrastructure/isaaclab_candidate_qualification/20260907/candidate_b_exact/source/isaaclab' or '/data/vla-infrastructure/isaaclab_candidate_qualification/20260907/candidate_b_exact/source/isaaclab/config'
2026-09-15T13:47:06Z [32ms] [Warning] [omni.ext.plugin] [ext: isaaclab_newton] Extensions config 'extension.toml' doesn't exist '/data/vla-infrastructure/isaaclab_candidate_qualification/20260907/candidate_b_exact/source/isaaclab_newton' or '/data/vla-infrastructure/isaaclab_candidate_qualification/20260907/candidate_b_exact/source/isaaclab_newton/config'
2026-09-15T13:47:06Z [35ms] [Warning] [omni.ext.plugin] [ext: isaaclab_rl] Extensions config 'extension.toml' doesn't exist '/data/vla-infrastructure/isaaclab_candidate_qualification/20260907/candidate_b_exact/source/isaaclab_rl' or '/data/vla-infrastructure/isaaclab_candidate_qualification/20260907/candidate_b_exact/source/isaaclab_rl/config'
2026-09-15T13:47:06Z [35ms] [Warning] [omni.ext.plugin] [ext: isaaclab_tasks_experimental] Extensions config 'extension.toml' doesn't exist '/data/vla-infrastructure/isaaclab_candidate_qualification/20260907/candidate_b_exact/source/isaaclab_tasks_experimental' or '/data/vla-infrastructure/isaaclab_candidate_qualification/20260907/candidate_b_exact/source/isaaclab_tasks_experimental/config'
2026-09-15T13:47:07Z [584ms] [Warning] [omni.platforminfo.plugin] failed to open the default display.  Can't verify X Server version.
2026-09-15T13:47:07Z [945ms] [Warning] [carb.windowing-glfw.plugin] GLFW initialization failed.
2026-09-15T13:47:07Z [945ms] [Warning] [carb] Failed to startup plugin carb.windowing-glfw.plugin (interfaces: [carb::windowing::IGLContext v1.0],[carb::windowing::IWindowing v1.5]) (impl: carb.windowing-glfw.plugin)
2026-09-15T13:47:07Z [1,024ms] [Warning] [omni.rtx] Skipping unsupported non-NVIDIA GPU: Intel(R) Graphics (RPL-S)
2026-09-15T13:47:07Z [1,024ms] [Warning] [omni.rtx] Skipping unsupported non-NVIDIA GPU: Intel(R) Graphics (RPL-S)

|---------------------------------------------------------------------------------------------|
| Driver Version: 580.159.03    | Graphics API: Vulkan
|=============================================================================================|
| GPU | Name                             | Active | LDA | GPU Memory | Vendor-ID | LUID       |
|     |                                  |        |     |            | Device-ID | UUID       |
|     |                                  |        |     |            | Bus-ID    |            |
|---------------------------------------------------------------------------------------------|
| 0   | NVIDIA GeForce RTX 4090          | Yes: 0 |     | 24564   MB | 10de      | 0          |
|     |                                  |        |     |            | 2684      | 0b554a02.. |
|     |                                  |        |     |            | 1         |            |
|---------------------------------------------------------------------------------------------|
| 1   | Intel(R) Graphics (RPL-S)        |        |     | 23894   MB | 8086      | 0          |
|     |                                  |        |     |            | a780      | 868080a7.. |
|     |                                  |        |     |            | 0         |            |
|=============================================================================================|
| OS: 22.04.5 LTS (Jammy Jellyfish) ubuntu, Version: 22.04.5, Kernel: 6.8.0-124-generic
| Processor: 13th Gen Intel(R) Core(TM) i7-13700K
| Bare Metal Cores: 16 | Bare Metal Logical Cores: 32
| Available Cores:  24 
|---------------------------------------------------------------------------------------------|
| Total Memory (MB): 31859 | Free Memory: 27659
| Total Page/Swap (MB): 67583 | Free Page/Swap: 64641
|---------------------------------------------------------------------------------------------|
2026-09-15T13:47:08Z [1,318ms] [Warning] [omni.rtx] CPU performance profile is set to powersave. This profile sets the CPU to the lowest frequency reducing performance.
[ISAACLAB] AppLauncher initialization complete
[ISAACLAB] Kit version: 110.1.2+production.326809.f9bf0dda.gl
[ISAACLAB] Kit kernel:  210.1.11+release.13746.80f6dc72.gl
[ISAACLAB] Kit hash:    f9bf0dda
[S1] loading checked configuration
[DEMO] profile=dual_cube_to_matching_plates TEST_ONLY / NOT_APPROVED_FOR_PRODUCTION
[INFO]: Loading local copy of remote asset 'https://omniverse-content-production.s3-us-west-2.amazonaws.com/Assets/Isaac/6.1/Isaac/IsaacLab/Environments/Grid/default_ground_plane.usda' from '/tmp/https/omniverse-content-production.s3-us-west-2.amazonaws.com/Assets/Isaac/6.1/Isaac/IsaacLab/Environments/Grid/default_ground_plane.usda'.
[INFO]: Loading local copy of remote asset 'https://omniverse-content-production.s3-us-west-2.amazonaws.com/Assets/Isaac/6.1/Isaac/IsaacLab/Environments/Grid/Materials/Textures/default_ground_plane_emissive_color.png' from '/tmp/https/omniverse-content-production.s3-us-west-2.amazonaws.com/Assets/Isaac/6.1/Isaac/IsaacLab/Environments/Grid/Materials/Textures/default_ground_plane_emissive_color.png'.
[INFO]: Loading local copy of remote asset 'https://omniverse-content-production.s3-us-west-2.amazonaws.com/Assets/Isaac/6.1/Isaac/IsaacLab/Environments/Grid/Materials/Textures/default_ground_plane_albedo.png' from '/tmp/https/omniverse-content-production.s3-us-west-2.amazonaws.com/Assets/Isaac/6.1/Isaac/IsaacLab/Environments/Grid/Materials/Textures/default_ground_plane_albedo.png'.
[INFO]: Loading local copy of remote asset 'https://omniverse-content-production.s3-us-west-2.amazonaws.com/Assets/Isaac/6.1/Isaac/IsaacLab/Environments/Grid/Materials/Textures/default_ground_plane_emissive_mask.png' from '/tmp/https/omniverse-content-production.s3-us-west-2.amazonaws.com/Assets/Isaac/6.1/Isaac/IsaacLab/Environments/Grid/Materials/Textures/default_ground_plane_emissive_mask.png'.
[INFO]: Registered backend 'physx' for factory RigidObject.
[INFO]: Registered backend 'physx' for factory Articulation.
[INFO]: Created new renderer for simulation: IsaacRtxRenderer
[INFO]: Using renderer: IsaacRtxRenderer
[INFO]: Using renderer: IsaacRtxRenderer
[INFO]: Using renderer: IsaacRtxRenderer
[INFO]: Registered backend 'physx' for factory ContactSensor.
[INFO]: Simulation parameters for joints in /World/LeftPiper:
+---------------------------------------------------------------------------------------------------------------------------------------------------------------------+
|                                                      Simulation Joint Information (Prim path: /World/LeftPiper)                                                     |
+-------+----------------+-----------+---------+----------+-----------------+------------------+------------------+-----------------+-----------------+---------------+
| Index | Name           | Stiffness | Damping | Armature | Static Friction | Dynamic Friction | Viscous Friction | Position Limits | Velocity Limits | Effort Limits |
+-------+----------------+-----------+---------+----------+-----------------+------------------+------------------+-----------------+-----------------+---------------+
|   0   | joint1         |  400.000  |  40.000 |  0.000   |      0.000      |      0.000       |      0.000       | [-2.618, 2.618] |      5.000      |    100.000    |
|   1   | joint2         |  400.000  |  40.000 |  0.000   |      0.000      |      0.000       |      0.000       |  [0.000, 3.142] |      5.000      |    100.000    |
|   2   | joint3         |  400.000  |  40.000 |  0.000   |      0.000      |      0.000       |      0.000       | [-2.967, 0.000] |      5.000      |    100.000    |
|   3   | joint4         |  400.000  |  40.000 |  0.000   |      0.000      |      0.000       |      0.000       | [-1.553, 1.553] |      5.000      |    100.000    |
|   4   | joint5         |  400.000  |  40.000 |  0.000   |      0.000      |      0.000       |      0.000       | [-1.553, 1.553] |      5.000      |    100.000    |
|   5   | joint6         |  400.000  |  40.000 |  0.000   |      0.000      |      0.000       |      0.000       | [-2.094, 2.094] |      5.000      |    100.000    |
|   6   | gripper        |  400.000  |  40.000 |  0.000   |      0.000      |      0.000       |      0.000       |  [0.000, 0.100] |      3.000      |     2.000     |
|   7   | gripper_joint1 |   0.000   |  0.000  |  0.000   |      0.000      |      0.000       |      0.000       |  [0.000, 0.050] |      3.000      |     1.000     |
|   8   | gripper_joint2 |   0.000   |  0.000  |  0.000   |      0.000      |      0.000       |      0.000       | [-0.050, 0.000] |      3.000      |     1.000     |
+-------+----------------+-----------+---------+----------+-----------------+------------------+------------------+-----------------+-----------------+---------------+
[INFO]: Simulation parameters for joints in /World/RightPiper:
+---------------------------------------------------------------------------------------------------------------------------------------------------------------------+
|                                                     Simulation Joint Information (Prim path: /World/RightPiper)                                                     |
+-------+----------------+-----------+---------+----------+-----------------+------------------+------------------+-----------------+-----------------+---------------+
| Index | Name           | Stiffness | Damping | Armature | Static Friction | Dynamic Friction | Viscous Friction | Position Limits | Velocity Limits | Effort Limits |
+-------+----------------+-----------+---------+----------+-----------------+------------------+------------------+-----------------+-----------------+---------------+
|   0   | joint1         |  400.000  |  40.000 |  0.000   |      0.000      |      0.000       |      0.000       | [-2.618, 2.618] |      5.000      |    100.000    |
|   1   | joint2         |  400.000  |  40.000 |  0.000   |      0.000      |      0.000       |      0.000       |  [0.000, 3.142] |      5.000      |    100.000    |
|   2   | joint3         |  400.000  |  40.000 |  0.000   |      0.000      |      0.000       |      0.000       | [-2.967, 0.000] |      5.000      |    100.000    |
|   3   | joint4         |  400.000  |  40.000 |  0.000   |      0.000      |      0.000       |      0.000       | [-1.553, 1.553] |      5.000      |    100.000    |
|   4   | joint5         |  400.000  |  40.000 |  0.000   |      0.000      |      0.000       |      0.000       | [-1.553, 1.553] |      5.000      |    100.000    |
|   5   | joint6         |  400.000  |  40.000 |  0.000   |      0.000      |      0.000       |      0.000       | [-2.094, 2.094] |      5.000      |    100.000    |
|   6   | gripper        |  400.000  |  40.000 |  0.000   |      0.000      |      0.000       |      0.000       |  [0.000, 0.100] |      3.000      |     2.000     |
|   7   | gripper_joint1 |   0.000   |  0.000  |  0.000   |      0.000      |      0.000       |      0.000       |  [0.000, 0.050] |      3.000      |     1.000     |
|   8   | gripper_joint2 |   0.000   |  0.000  |  0.000   |      0.000      |      0.000       |      0.000       | [-0.050, 0.000] |      3.000      |     1.000     |
+-------+----------------+-----------+---------+----------+-----------------+------------------+------------------+-----------------+-----------------+---------------+
[INFO]: Registered backend 'physx' for factory FrameView.
<repository-root>/tools/run_isaac_s1.py:322: DeprecationWarning: Articulation.set_joint_position_target_index is deprecated. Use articulation.actuators.target_command.set_position_index instead.
  robot.set_joint_position_target_index(target=position, joint_ids=ids)
[INFO]: RTX streaming completed in 0.03 s.
<repository-root>/tools/isaac_robosyn_vr_demo.py:563: UserWarning: PhysX does not return a total contact force. This is a known limitation in PhysX and we are fixing it for the next release. Returning 'net_normal_forces_w'.
  float(np.linalg.norm(_cpu(sensor.data.net_forces_w), axis=-1).max(initial=0.0))
[DEMO] validation={'candidate_home_used': True, 'maximum_home_error_deg_or_mm': 0.0, 'finite_state': True, 'maximum_arm_contact_force_n': {'left': 0.0, 'right': 0.0}, 'collision_free_at_home': True, 'home_tcp_world_m': {'left': [0.5789288878440857, 0.1740923970937729, 1.0264804363250732], 'right': [0.5789286494255066, -0.17409229278564453, 1.0264805555343628]}, 'home_tcp_separation_m': 0.34818468987951945, 'maximum_profile_reset_position_error_m': 0.002000272274017334, 'wrist_shapes': {'left_wrist': [480, 640, 3], 'right_wrist': [480, 640, 3]}, 'scene_camera': {'shape': [480, 640, 3], 'dtype': 'uint8', 'rgb_stddev': 44.580867767333984, 'frame': 30}, 'imported_prim_valid': {}, 'required_prim_valid': {'/World/RobosynDemo/Table': True, '/World/RobosynDemo/Backdrop': True, '/World/LeftPiper': True, '/World/RightPiper': True, '/World/RobosynDemo/SceneCamera': True, '/World/RobosynDemo/LeftCube': True, '/World/RobosynDemo/RightCube': True, '/World/RobosynDemo/LeftPlate': True, '/World/RobosynDemo/RightPlate': True}, 'table_collision_api': True, 'passed': True}
PROBE_PRODUCTS [('HydraTexture', True, False), ('HydraTexture', True, False), ('HydraTexture', True, False)]
PROBE_RESULT {"mode": "current", "control_hz": 32.19394555232794, "physics_hz": 128.77578220931176, "wall_seconds": 1.2424696418456733, "timings": {"robot_0_write": {"calls": 160, "seconds": 0.016279835486784577, "ms_per_call": 0.10174897179240361}, "robot_1_write": {"calls": 160, "seconds": 0.011475384468212724, "ms_per_call": 0.07172115292632952}, "render": {"calls": 160, "seconds": 0.002749888226389885, "ms_per_call": 0.01718680141493678}, "physics_and_render": {"calls": 160, "seconds": 0.46631512232124805, "ms_per_call": 2.9144695145078003}, "robot_0_update": {"calls": 160, "seconds": 0.013656982686370611, "ms_per_call": 0.08535614178981632}, "robot_1_update": {"calls": 160, "seconds": 0.008468053070828319, "ms_per_call": 0.05292533169267699}, "camera_update": {"calls": 160, "seconds": 0.6616058254148811, "ms_per_call": 4.135036408843007}, "observation_cpu": {"calls": 40, "seconds": 0.018563731806352735, "ms_per_call": 0.46409329515881836}}}
PROBE_RESULT {"mode": "render_once", "control_hz": 32.052692161422264, "physics_hz": 128.21076864568906, "wall_seconds": 1.247945096110925, "timings": {"robot_0_write": {"calls": 160, "seconds": 0.01630386314354837, "ms_per_call": 0.10189914464717731}, "robot_1_write": {"calls": 160, "seconds": 0.011429426493123174, "ms_per_call": 0.07143391558201984}, "physics_and_render": {"calls": 160, "seconds": 0.4678010675124824, "ms_per_call": 2.923756671953015}, "robot_0_update": {"calls": 160, "seconds": 0.013010854134336114, "ms_per_call": 0.08131783833960071}, "robot_1_update": {"calls": 160, "seconds": 0.007812846917659044, "ms_per_call": 0.04883029323536903}, "camera_update": {"calls": 160, "seconds": 0.6674914858303964, "ms_per_call": 4.171821786439978}, "render": {"calls": 40, "seconds": 0.0007204846478998661, "ms_per_call": 0.018012116197496653}, "observation_cpu": {"calls": 40, "seconds": 0.01847974327392876, "ms_per_call": 0.46199358184821904}}}
PROBE_RESULT {"mode": "current", "control_hz": 32.080731390598395, "physics_hz": 128.32292556239358, "wall_seconds": 1.246854366036132, "timings": {"robot_0_write": {"calls": 160, "seconds": 0.01580837438814342, "ms_per_call": 0.09880233992589638}, "robot_1_write": {"calls": 160, "seconds": 0.011543796164914966, "ms_per_call": 0.07214872603071854}, "render": {"calls": 160, "seconds": 0.0026538039091974497, "ms_per_call": 0.01658627443248406}, "physics_and_render": {"calls": 160, "seconds": 0.46732580102980137, "ms_per_call": 2.9207862564362586}, "robot_0_update": {"calls": 160, "seconds": 0.01283611380495131, "ms_per_call": 0.08022571128094569}, "robot_1_update": {"calls": 160, "seconds": 0.008194409077987075, "ms_per_call": 0.05121505673741922}, "camera_update": {"calls": 160, "seconds": 0.666766747366637, "ms_per_call": 4.167292171041481}, "observation_cpu": {"calls": 40, "seconds": 0.018439564388245344, "ms_per_call": 0.4609891097061336}}}
PROBE_RESULT {"mode": "no_camera_products", "control_hz": 80.46016732136732, "physics_hz": 321.8406692854693, "wall_seconds": 0.497140402905643, "timings": {"robot_0_write": {"calls": 160, "seconds": 0.015087919542565942, "ms_per_call": 0.09429949714103714}, "robot_1_write": {"calls": 160, "seconds": 0.012146515771746635, "ms_per_call": 0.07591572357341647}, "render": {"calls": 160, "seconds": 0.002539972076192498, "ms_per_call": 0.015874825476203114}, "physics_and_render": {"calls": 160, "seconds": 0.44816653802990913, "ms_per_call": 2.801040862686932}, "robot_0_update": {"calls": 160, "seconds": 0.012397729558870196, "ms_per_call": 0.07748580974293873}, "robot_1_update": {"calls": 160, "seconds": 0.008246633689850569, "ms_per_call": 0.051541460561566055}}}
2026-09-15T13:47:08Z [1,326ms] [Warning] [omni.rtx] IOMMU is enabled.
2026-09-15T13:47:09Z [2,727ms] [Warning] [carb.windowing-glfw.plugin] GLFW initialization failed.
2026-09-15T13:47:09Z [2,727ms] [Warning] [carb] Failed to startup plugin carb.windowing-glfw.plugin (interfaces: [carb::windowing::IGLContext v1.0],[carb::windowing::IWindowing v1.5]) (impl: carb.windowing-glfw.plugin)
2026-09-15T13:47:09Z [2,997ms] [Warning] [omni.log] Source: omni.hydra was already registered.
2026-09-15T13:47:10Z [3,129ms] [Warning] [carb.windowing-glfw.plugin] GLFW initialization failed.
2026-09-15T13:47:10Z [3,129ms] [Warning] [carb] Failed to startup plugin carb.windowing-glfw.plugin (interfaces: [carb::windowing::IGLContext v1.0],[carb::windowing::IWindowing v1.5]) (impl: carb.windowing-glfw.plugin)
2026-09-15T13:47:10Z [3,130ms] [Warning] [carb.windowing-glfw.plugin] GLFW initialization failed.
2026-09-15T13:47:10Z [3,130ms] [Warning] [carb] Failed to startup plugin carb.windowing-glfw.plugin (interfaces: [carb::windowing::IGLContext v1.0],[carb::windowing::IWindowing v1.5]) (impl: carb.windowing-glfw.plugin)
2026-09-15T13:47:10Z [3,798ms] [Warning] [pxr.Semantics] pxr.Semantics is deprecated - please use Semantics instead
2026-09-15T13:47:11Z [4,345ms] [Warning] [omni.replicator.core.scripts.extension] No material configuration file, adding configuration to material settings directly.
2026-09-15T13:47:13Z [6,687ms] [Warning] [rtx.hydra] RenderDelegate : Warning /rtx/hydra/readTransformsFromFabricInRenderDelegate and geometry streaming are enabled together but this can cause issues with dynamic objects not streaming correctly due to problems in the transform update.
2026-09-15T13:47:17Z [10,721ms] [Warning] [isaaclab.utils.assets] Serving remote assets from the local cache under '/tmp'. Each copy is checked against the server before use; delete the directory to force a full re-download.
2026-09-15T13:47:18Z [11,989ms] [Warning] [isaaclab_teleop.camera_feed] XR camera PiP is unavailable because Kit SceneUI could not be loaded (ModuleNotFoundError: No module named 'omni.kit.scene_view'). Continuing without PiP.
2026-09-15T13:47:19Z [12,585ms] [Warning] [omni.usd] Encountered USD Warnings but USD Diagnostics are currently muted. To view USD Warnings, please set the '/persistent/app/usd/muteUsdDiagnostics' setting to false in Preferences page.
2026-09-15T13:47:20Z [14,117ms] [Warning] [omni.kit.material.library.material_extensions] Could not initialize context menu integration: No module named 'omni.kit.context_menu'
