Loading user config located at: '/data/ebulochkin/envs/isaac-s1-candidate-b/lib/python3.12/site-packages/isaacsim/kit/data/Kit/IsaacLab/3.0/user.config.json'
2026-09-16T15:52:20Z [Info] [carb] Logging to file: /data/ebulochkin/envs/isaac-s1-candidate-b/lib/python3.12/site-packages/isaacsim/kit/logs/Kit/IsaacLab/3.0/kit_20260916_185220.log
2026-09-16T15:52:20Z [2ms] [Warning] [omni.ext.plugin] [ext: isaaclab_teleop] Extensions config 'extension.toml' doesn't exist '/data/ebulochkin/isaaclab_candidate_qualification/20260907/candidate_b_exact/source/isaaclab_teleop' or '/data/ebulochkin/isaaclab_candidate_qualification/20260907/candidate_b_exact/source/isaaclab_teleop/config'
2026-09-16T15:52:20Z [11ms] [Warning] [omni.ext.plugin] [ext: isaaclab_tasks] Extensions config 'extension.toml' doesn't exist '/data/ebulochkin/isaaclab_candidate_qualification/20260907/candidate_b_exact/source/isaaclab_tasks' or '/data/ebulochkin/isaaclab_candidate_qualification/20260907/candidate_b_exact/source/isaaclab_tasks/config'
2026-09-16T15:52:20Z [11ms] [Warning] [omni.ext.plugin] [ext: isaaclab_rl] Extensions config 'extension.toml' doesn't exist '/data/ebulochkin/isaaclab_candidate_qualification/20260907/candidate_b_exact/source/isaaclab_rl' or '/data/ebulochkin/isaaclab_candidate_qualification/20260907/candidate_b_exact/source/isaaclab_rl/config'
2026-09-16T15:52:20Z [13ms] [Warning] [omni.ext.plugin] [ext: isaaclab_contrib] Extensions config 'extension.toml' doesn't exist '/data/ebulochkin/isaaclab_candidate_qualification/20260907/candidate_b_exact/source/isaaclab_contrib' or '/data/ebulochkin/isaaclab_candidate_qualification/20260907/candidate_b_exact/source/isaaclab_contrib/config'
2026-09-16T15:52:20Z [14ms] [Warning] [omni.ext.plugin] [ext: isaaclab_ovphysx] Extensions config 'extension.toml' doesn't exist '/data/ebulochkin/isaaclab_candidate_qualification/20260907/candidate_b_exact/source/isaaclab_ovphysx' or '/data/ebulochkin/isaaclab_candidate_qualification/20260907/candidate_b_exact/source/isaaclab_ovphysx/config'
2026-09-16T15:52:20Z [14ms] [Warning] [omni.ext.plugin] [ext: isaaclab_tasks_experimental] Extensions config 'extension.toml' doesn't exist '/data/ebulochkin/isaaclab_candidate_qualification/20260907/candidate_b_exact/source/isaaclab_tasks_experimental' or '/data/ebulochkin/isaaclab_candidate_qualification/20260907/candidate_b_exact/source/isaaclab_tasks_experimental/config'
2026-09-16T15:52:20Z [15ms] [Warning] [omni.ext.plugin] [ext: isaaclab_ppisp] Extensions config 'extension.toml' doesn't exist '/data/ebulochkin/isaaclab_candidate_qualification/20260907/candidate_b_exact/source/isaaclab_ppisp' or '/data/ebulochkin/isaaclab_candidate_qualification/20260907/candidate_b_exact/source/isaaclab_ppisp/config'
2026-09-16T15:52:20Z [15ms] [Warning] [omni.ext.plugin] [ext: isaaclab] Extensions config 'extension.toml' doesn't exist '/data/ebulochkin/isaaclab_candidate_qualification/20260907/candidate_b_exact/source/isaaclab' or '/data/ebulochkin/isaaclab_candidate_qualification/20260907/candidate_b_exact/source/isaaclab/config'
2026-09-16T15:52:20Z [15ms] [Warning] [omni.ext.plugin] [ext: isaaclab_assets] Extensions config 'extension.toml' doesn't exist '/data/ebulochkin/isaaclab_candidate_qualification/20260907/candidate_b_exact/source/isaaclab_assets' or '/data/ebulochkin/isaaclab_candidate_qualification/20260907/candidate_b_exact/source/isaaclab_assets/config'
2026-09-16T15:52:20Z [16ms] [Warning] [omni.ext.plugin] [ext: isaaclab_experimental] Extensions config 'extension.toml' doesn't exist '/data/ebulochkin/isaaclab_candidate_qualification/20260907/candidate_b_exact/source/isaaclab_experimental' or '/data/ebulochkin/isaaclab_candidate_qualification/20260907/candidate_b_exact/source/isaaclab_experimental/config'
2026-09-16T15:52:20Z [16ms] [Warning] [omni.ext.plugin] [ext: isaaclab_newton] Extensions config 'extension.toml' doesn't exist '/data/ebulochkin/isaaclab_candidate_qualification/20260907/candidate_b_exact/source/isaaclab_newton' or '/data/ebulochkin/isaaclab_candidate_qualification/20260907/candidate_b_exact/source/isaaclab_newton/config'
WARNING: All log messages before absl::InitializeLog() is called are written to STDERR
E0000 00:00:1789573940.829105 3026158 descriptor_database.cc:633] File already exists in database: grpc/health/v1/health.proto
W0000 00:00:1789573940.829132 3026158 message.cc:301] Protobuf GeneratedMessageFactory: File is already registered: grpc/health/v1/health.proto
2026-09-16T15:52:20Z [16ms] [Warning] [omni.ext.plugin] [ext: isaaclab_visualizers] Extensions config 'extension.toml' doesn't exist '/data/ebulochkin/isaaclab_candidate_qualification/20260907/candidate_b_exact/source/isaaclab_visualizers' or '/data/ebulochkin/isaaclab_candidate_qualification/20260907/candidate_b_exact/source/isaaclab_visualizers/config'
2026-09-16T15:52:20Z [16ms] [Warning] [omni.ext.plugin] [ext: isaaclab_physx] Extensions config 'extension.toml' doesn't exist '/data/ebulochkin/isaaclab_candidate_qualification/20260907/candidate_b_exact/source/isaaclab_physx' or '/data/ebulochkin/isaaclab_candidate_qualification/20260907/candidate_b_exact/source/isaaclab_physx/config'
2026-09-16T15:52:20Z [17ms] [Warning] [omni.ext.plugin] [ext: isaaclab_mimic] Extensions config 'extension.toml' doesn't exist '/data/ebulochkin/isaaclab_candidate_qualification/20260907/candidate_b_exact/source/isaaclab_mimic' or '/data/ebulochkin/isaaclab_candidate_qualification/20260907/candidate_b_exact/source/isaaclab_mimic/config'
2026-09-16T15:52:20Z [17ms] [Warning] [omni.ext.plugin] [ext: isaaclab_ov] Extensions config 'extension.toml' doesn't exist '/data/ebulochkin/isaaclab_candidate_qualification/20260907/candidate_b_exact/source/isaaclab_ov' or '/data/ebulochkin/isaaclab_candidate_qualification/20260907/candidate_b_exact/source/isaaclab_ov/config'
[0.183s] [ext: omni.assets.plugins-0.0.0] startup
[0.184s] [ext: omni.blobkey-1.1.2] startup
[0.184s] [ext: omni.kit.async_engine-0.0.3] startup
[0.221s] [ext: omni.client.lib-1.1.1] startup
[0.230s] [ext: omni.client-1.3.0] startup
[0.233s] [ext: omni.protobuf.lib-1.0.0] startup
[0.234s] [ext: omni.grpc.lib-1.0.0] startup
[0.236s] [ext: omni.metrics.core-0.0.3] startup
[0.237s] [ext: omni.datastore-0.0.0] startup
[0.237s] [ext: omni.gpu_foundation.shadercache.vulkan-1.0.0] startup
[0.238s] [ext: omni.hsscclient-1.1.4] startup
[0.239s] [ext: omni.stats-1.0.1] startup
[0.239s] [ext: omni.ujitso.default-1.0.0] startup
[0.243s] [ext: omni.gpu_foundation-0.0.0] startup
[0.415s] [ext: carb.windowing.plugins-1.0.1] startup
[0.415s] [ext: omni.kit.renderer.init-1.0.1] startup
2026-09-16T15:52:21Z [391ms] [Warning] [omni.platforminfo.plugin] failed to open the default display.  Can't verify X Server version.
2026-09-16T15:52:21Z [561ms] [Warning] [carb.windowing-glfw.plugin] GLFW initialization failed.
2026-09-16T15:52:21Z [562ms] [Warning] [carb] Failed to startup plugin carb.windowing-glfw.plugin (interfaces: [carb::windowing::IGLContext v1.0],[carb::windowing::IWindowing v1.5]) (impl: carb.windowing-glfw.plugin)
2026-09-16T15:52:21Z [631ms] [Warning] [omni.rtx] Skipping unsupported non-NVIDIA GPU: Intel(R) Graphics (RPL-S)
2026-09-16T15:52:21Z [631ms] [Warning] [omni.rtx] Skipping unsupported non-NVIDIA GPU: Intel(R) Graphics (RPL-S)

|---------------------------------------------------------------------------------------------|
| Driver Version: 580.159.03    | Graphics API: Vulkan
|=============================================================================================|
| GPU | Name                             | Active | LDA | GPU Memory | Vendor-ID | LUID       |
|     |                                  |        |     |            | Device-ID | UUID       |
|     |                                  |        |     |            | Bus-ID    |            |
|---------------------------------------------------------------------------------------------|
| 0   | NVIDIA GeForce RTX 4090          | Yes: 0 |     | 24564   MB | 10de      | 0          |
|     |                                  |        |     |            | 2684      | 0b554a02.. |
|     |                                  |        |     |            | 1         |            |
|---------------------------------------------------------------------------------------------|
| 1   | Intel(R) Graphics (RPL-S)        |        |     | 23894   MB | 8086      | 0          |
|     |                                  |        |     |            | a780      | 868080a7.. |
|     |                                  |        |     |            | 0         |            |
|=============================================================================================|
| OS: 22.04.5 LTS (Jammy Jellyfish) ubuntu, Version: 22.04.5, Kernel: 6.8.0-124-generic
| Processor: 13th Gen Intel(R) Core(TM) i7-13700K
| Bare Metal Cores: 16 | Bare Metal Logical Cores: 32
| Available Cores:  24
|---------------------------------------------------------------------------------------------|
| Total Memory (MB): 31859 | Free Memory: 20109
| Total Page/Swap (MB): 67583 | Free Page/Swap: 64631
|---------------------------------------------------------------------------------------------|
2026-09-16T15:52:21Z [866ms] [Warning] [omni.rtx] CPU performance profile is set to powersave. This profile sets the CPU to the lowest frequency reducing performance.
2026-09-16T15:52:21Z [874ms] [Warning] [omni.rtx] IOMMU is enabled.
[1.185s] [ext: omni.kit.pipapi-0.0.0] startup
[1.186s] [ext: omni.kit.telemetry-0.5.2] startup
[1.202s] [ext: omni.kit.loop-isaac-1.6.0] startup
[1.204s] [ext: omni.kit.test-2.0.7] startup
[1.245s] [ext: omni.materialx.libs-1.0.9] startup
[1.250s] [ext: omni.gpucompute.plugins-0.0.0] startup
[1.250s] [ext: omni.usd.config-1.0.7] startup
[1.253s] [ext: omni.usd.libs-1.0.3] startup
[1.321s] [ext: omni.iray.libs-0.0.1] startup
[1.325s] [ext: omni.mdl-57.0.3] startup
[1.338s] [ext: omni.mdl.neuraylib-0.2.20] startup
[1.340s] [ext: omni.kit.usd.mdl-1.1.9] startup
[1.414s] [ext: omni.appwindow-1.2.2] startup
[1.416s] [ext: omni.kit.renderer.core-1.2.2] startup
2026-09-16T15:52:22Z [1,380ms] [Warning] [carb.windowing-glfw.plugin] GLFW initialization failed.
2026-09-16T15:52:22Z [1,381ms] [Warning] [carb] Failed to startup plugin carb.windowing-glfw.plugin (interfaces: [carb::windowing::IGLContext v1.0],[carb::windowing::IWindowing v1.5]) (impl: carb.windowing-glfw.plugin)
[1.440s] [ext: omni.kit.renderer.capture-2.0.1] startup
[1.442s] [ext: omni.kit.renderer.imgui-2.0.6] startup
2026-09-16T15:52:22Z [1,398ms] [Warning] [carb.windowing-glfw.plugin] GLFW initialization failed.
2026-09-16T15:52:22Z [1,398ms] [Warning] [carb] Failed to startup plugin carb.windowing-glfw.plugin (interfaces: [carb::windowing::IGLContext v1.0],[carb::windowing::IWindowing v1.5]) (impl: carb.windowing-glfw.plugin)
2026-09-16T15:52:22Z [1,399ms] [Warning] [carb.windowing-glfw.plugin] GLFW initialization failed.
2026-09-16T15:52:22Z [1,399ms] [Warning] [carb] Failed to startup plugin carb.windowing-glfw.plugin (interfaces: [carb::windowing::IGLContext v1.0],[carb::windowing::IWindowing v1.5]) (impl: carb.windowing-glfw.plugin)
[1.485s] [ext: omni.ui-3.2.0] startup
[1.492s] [ext: omni.kit.mainwindow-1.0.3] startup
[1.492s] [ext: carb.audio-0.1.0] startup
[1.495s] [ext: omni.uiaudio-1.0.0] startup
[1.495s] [ext: omni.kit.uiapp-0.0.0] startup
[1.495s] [ext: omni.usd.schema.metrics.assembler-110.1.0] startup
[1.497s] [ext: omni.usd.schema.anim-0.0.1] startup
[1.512s] [ext: omni.usd.schema.audio-0.0.1] startup
[1.514s] [ext: omni.usd.schema.geospatial-0.0.1] startup
[1.516s] [ext: omni.usd.schema.semantics-0.0.0] startup
[1.518s] [ext: omni.activity.core-1.0.3] startup
[1.518s] [ext: omni.cubric-0.1.0] startup
[1.519s] [ext: omni.graph.exec-0.9.6] startup
[1.519s] [ext: omni.usd_resolver-1.0.0] startup
[1.521s] [ext: omni.usd.core-1.8.3] startup
[1.524s] [ext: omni.hydra.scene_delegate-0.3.5] startup
[1.527s] [ext: usdrt.scenegraph-7.6.3] startup
[1.547s] [ext: omni.hydra.usdrt_delegate-7.5.2] startup
[1.552s] [ext: omni.kit.actions.core-1.0.0] startup
[1.553s] [ext: omni.kit.audiodeviceenum-1.0.2] startup
[1.554s] [ext: omni.kit.commands-1.5.0] startup
[1.556s] [ext: omni.kit.exec.core-0.13.5] startup
[1.557s] [ext: omni.kit.usd_undo-0.1.8] startup
[1.557s] [ext: omni.kit.window.popup_dialog-2.0.25] startup
[1.559s] [ext: omni.kit.widget.nucleus_connector-2.3.1] startup
[1.561s] [ext: omni.timeline-1.1.0] startup
[1.563s] [ext: omni.usd-1.16.0] startup
[1.590s] [ext: omni.kit.asset_converter-6.0.1] startup
[1.599s] [ext: omni.usd.schema.newton-1.2.1] startup
[1.600s] [ext: omni.usd.schema.omni_projectors-1.0.0] startup
[1.600s] [ext: omni.usd.schema.omni_sensors-0.0.0] startup
[1.605s] [ext: omni.usd.schema.omnigraph-1.0.1] startup
[1.610s] [ext: omni.usd.schema.physical_lighting-0.1.0] startup
[1.612s] [ext: omni.usd.schema.physx-110.1.13] startup
[1.635s] [ext: omni.usd.schema.render_settings.rtx-1.0.2] startup
[1.638s] [ext: omni.usd.schema.usd_particle_field-1.0.0] startup
[1.639s] [ext: omni.kit.clipboard-1.1.1] startup
[1.640s] [ext: omni.kit.menu.core-1.2.0] startup
[1.640s] [ext: omni.kit.usd.layers-2.6.1] startup
[1.647s] [ext: omni.kit.widget.context_menu-1.4.0] startup
[1.648s] [ext: omni.kit.context_menu-1.9.0] startup
[1.649s] [ext: omni.kit.helper.file_utils-0.1.10] startup
[1.650s] [ext: omni.kit.hotkeys.core-1.3.12] startup
[1.653s] [ext: omni.kit.menu.utils-2.2.4] startup
[1.656s] [ext: omni.kit.notification_manager-1.0.11] startup
[1.657s] [ext: omni.kit.stage_template.core-1.1.22] startup
[1.658s] [ext: omni.kit.widget.path_field-2.0.13] startup
[1.658s] [ext: omni.kit.widget.browser_bar-2.0.10] startup
[1.659s] [ext: omni.kit.widget.filebrowser-2.13.4] startup
[1.662s] [ext: omni.kit.widget.options_menu-1.1.6] startup
[1.664s] [ext: omni.kit.widget.filter-1.1.5] startup
[1.664s] [ext: omni.kit.widget.options_button-1.0.3] startup
[1.665s] [ext: omni.kit.widget.prompt-1.0.7] startup
[1.665s] [ext: omni.kit.widget.searchfield-1.1.8] startup
[1.666s] [ext: omni.ui.scene-2.0.3] startup
[1.670s] [ext: omni.kit.window.filepicker-2.15.5] startup
[1.680s] [ext: omni.kit.window.file_exporter-1.0.36] startup
[1.682s] [ext: omni.kit.widget.stage-4.4.0] startup
[1.689s] [ext: omni.kit.window.content_browser_registry-0.0.6] startup
[1.689s] [ext: omni.kit.window.drop_support-1.0.8] startup
[1.689s] [ext: omni.kit.window.file_importer-1.1.21] startup
[1.690s] [ext: omni.kit.window.file-2.0.10] startup
[1.692s] [ext: omni.kit.window.content_browser-3.1.8] startup
[1.701s] [ext: omni.kit.widget.layers-1.9.2] startup
[1.709s] [ext: omni.inspect-1.0.2] startup
[1.710s] [ext: omni.graph.core-3.1.2] startup
[1.712s] [ext: isaacsim.core.deprecation_manager-0.4.2] startup
[1.713s] [ext: isaacsim.core.version-2.1.1] startup
[1.713s] [ext: omni.graph.tools-1.81.0] startup
[1.730s] [ext: omni.graph-1.142.5] startup
[1.755s] [ext: omni.graph.action_core-1.1.9] startup
[1.757s] [ext: omni.graph.action_nodes_core-2.11.0] startup
[1.760s] [ext: omni.graph.action_nodes-2.11.0] startup
[1.783s] [ext: omni.graph.action-2.10.2] startup
[1.784s] [ext: omni.hydra.engine.stats-1.0.5] startup
[1.786s] [ext: omni.hydra.rtx.shadercache.vulkan-1.0.0] startup
[1.787s] [ext: omni.index.libs-387500.4413.0] startup
[1.787s] [ext: omni.index-1.0.1] startup
[1.788s] [ext: omni.ujitso.client-0.0.0] startup
[1.788s] [ext: omni.usd.schema.playback-1.0.0] startup
[1.791s] [ext: omni.volume-0.5.2] startup
[1.795s] [ext: omni.hydra.rtx-1.0.4] startup
2026-09-16T15:52:22Z [1,762ms] [Warning] [omni.log] Source: omni.hydra was already registered.
[1.823s] [ext: omni.kit.hydra_texture-1.6.0] startup
[1.827s] [ext: omni.kit.manipulator.viewport-107.0.1] startup
[1.827s] [ext: omni.kit.material.library-3.1.2] startup
[1.831s] [ext: omni.kit.raycast.query-1.2.0] startup
[1.835s] [ext: omni.kit.viewport.legacy_gizmos-1.0.24] startup
[1.837s] [ext: omni.kit.viewport.registry-104.0.6] startup
[1.838s] [ext: omni.kit.viewport.scene_camera_model-1.0.7] startup
[1.841s] [ext: omni.kit.widget.viewport-109.2.0] startup
[1.844s] [ext: omni.kit.viewport.window-109.0.2] startup
[1.854s] [ext: omni.kit.viewport.utility-2.0.1] startup
[1.855s] [ext: omni.graph.visualization.nodes-2.1.4] startup
[1.866s] [ext: omni.kit.property.adapter.core-1.1.1] startup
[1.867s] [ext: omni.kit.property.adapter.usd-1.0.5] startup
[1.868s] [ext: omni.kit.widget.highlight_label-1.0.3] startup
[1.869s] [ext: omni.kit.window.property-1.15.1] startup
[1.985s] [ext: omni.kit.property.usd-4.9.4] startup
[1.992s] [ext: omni.kit.widget.text_editor-1.1.1] startup
[1.993s] [ext: omni.kit.window.extensions-1.5.10] startup
[1.996s] [ext: omni.physics-110.1.13] startup
[1.999s] [ext: isaacsim.gui.components-1.8.5] startup
[2.002s] [ext: isaacsim.simulation_app-2.18.4] startup
[2.003s] [ext: isaacsim.storage.native-1.9.3] startup
[2.004s] [ext: omni.kit.primitive.mesh-1.1.0] startup
[2.006s] [ext: omni.kit.stage_templates-2.0.2] startup
[2.008s] [ext: omni.anim.curve.core-1.6.0] startup
[2.015s] [ext: omni.convexdecomposition-110.1.13] startup
[2.017s] [ext: omni.graph.image.core-0.6.1] startup
[2.018s] [ext: omni.graph.image.nodes-1.3.1] startup
[2.019s] [ext: omni.graph.nodes_core-2.11.0] startup
[2.024s] [ext: omni.graph.nodes-2.12.0] startup
[2.029s] [ext: omni.graph.scriptnode-2.10.2] startup
[2.036s] [ext: omni.graph.ui_nodes-2.11.1] startup
[2.057s] [ext: omni.hydra.scene_api-0.1.3] startup
[2.061s] [ext: omni.kit.manipulator.camera-110.0.0] startup
[2.064s] [ext: omni.kit.manipulator.selector-1.1.4] startup
[2.065s] [ext: omni.kit.widget.searchable_combobox-1.0.7] startup
[2.066s] [ext: omni.kit.widget.settings-2.0.0] startup
[2.068s] [ext: omni.kit.window.preferences-1.8.3] startup
[2.071s] [ext: omni.kit.manipulator.transform-107.0.0] startup
[2.074s] [ext: omni.kit.widget.toolbar-2.1.0] startup
[2.079s] [ext: omni.kit.manipulator.tool.snap-1.5.14] startup
[2.082s] [ext: omni.kit.viewport.manipulator.transform-107.0.4] startup
[2.083s] [ext: omni.kit.manipulator.prim.core-108.0.2] startup
[2.088s] [ext: omni.kit.manipulator.prim.usd-107.0.3] startup
[2.089s] [ext: omni.kit.manipulator.prim-108.0.0] startup
[2.089s] [ext: omni.kit.manipulator.selection-109.0.1] startup
[2.090s] [ext: omni.kit.menu.create-2.0.2] startup
[2.091s] [ext: omni.kit.widget.stage_icons-1.0.8] startup
[2.092s] [ext: omni.kit.window.stage-2.6.1] startup
[2.095s] [ext: omni.kit.menu.stage-1.2.7] startup
[2.096s] [ext: omni.kit.property.audio-1.0.16] startup
[2.099s] [ext: omni.kit.property.camera-1.0.14] startup
[2.100s] [ext: omni.kit.property.geometry-2.1.2] startup
[2.102s] [ext: omni.kit.property.light-1.0.14] startup
[2.142s] [ext: omni.kit.property.material-1.14.6] startup
[2.146s] [ext: omni.kit.property.render-1.2.2] startup
[2.147s] [ext: omni.kit.property.transform-1.6.9] startup
[2.150s] [ext: omni.kit.property.bundle-1.5.1] startup
[2.151s] [ext: omni.kit.stagerecorder.core-110.0.14] startup
[2.155s] [ext: omni.kit.stagerecorder.ui-110.0.2] startup
[2.157s] [ext: omni.kit.stagerecorder.bundle-110.0.2] startup
[2.157s] [ext: omni.kit.usd.collect-3.0.6] startup
[2.159s] [ext: omni.kit.usdz_export-1.1.0] startup
[2.161s] [ext: omni.kit.tool.asset_importer-6.0.1] startup
[2.165s] [ext: omni.kit.tool.collect-2.2.19] startup
[2.167s] [ext: omni.kit.ui.actions-1.0.5] startup
[2.172s] [ext: omni.kit.viewport.actions-110.0.0] startup
[2.175s] [ext: omni.kit.viewport.menubar.core-107.2.2] startup
[2.186s] [ext: omni.kit.viewport.menubar.camera-107.0.10] startup
[2.192s] [ext: omni.kit.viewport.menubar.display-107.1.3] startup
[2.194s] [ext: omni.kit.viewport.menubar.lighting-107.3.2] startup
[2.197s] [ext: omni.kit.viewport.menubar.render-110.0.0] startup
[2.200s] [ext: omni.kit.viewport.menubar.settings-110.0.1] startup
[2.203s] [ext: omni.kit.window.console-1.1.9] startup
[2.206s] [ext: omni.kit.window.script_editor-2.0.7] startup
[2.208s] [ext: omni.kit.window.status_bar-0.1.11] startup
[2.211s] [ext: omni.kit.window.toolbar-3.0.3] startup
[2.212s] [ext: omni.ocio-0.1.1] startup
[2.213s] [ext: omni.physx.gpu-110.1.13] startup
[2.214s] [ext: omni.physx.foundation-110.1.13] startup
[2.215s] [ext: omni.usdphysics-110.1.13] startup
[2.217s] [ext: omni.physx.cooking-110.1.13] startup
[2.220s] [ext: omni.physx-110.1.13] startup
[2.228s] [ext: omni.physics.physx-110.1.13] startup
[2.230s] [ext: omni.physics.stageupdate-110.1.13] startup
[2.232s] [ext: omni.physics.tensors-110.1.13] startup
[2.236s] [ext: omni.physx.fabric-110.1.13] startup
[2.238s] [ext: omni.physx.tensors-110.1.13] startup
[2.241s] [ext: omni.rtx.window.settings-0.8.0] startup
[2.245s] [ext: omni.rtx.settings.core-0.7.1] startup
[2.247s] [ext: omni.usd.metrics.assembler-110.1.2] startup
[2.250s] [ext: omni.usd.metrics.assembler.ui-110.1.1] startup
[2.255s] [ext: omni.kit.meWarning: Possible version incompatibility. Attempting to load omni::fabric::IStageReaderWriter with version v0.16 against v0.14.
nu.common-2.0.2] startup
[2.256s] [ext: isaaclab.python-3.0.0] startup
[2.256s] [ext: omni.fabric.commands-2.0.0] startup
[2.259s] [ext: omni.kit.scene_view.xr-1.0.4] startup
[2.263s] [ext: omni.kit.scene_view.xr_utils-1.0.1] startup
[2.268s] [ext: omni.ui_query-1.1.10] startup
[2.269s] [ext: omni.kit.ui_test-1.4.4] startup
[2.270s] [ext: omni.kit.xr.core-109.0.0] startup
2026-09-16T15:52:22Z [2,226ms] [Warning] [omni.usd] HydraEngineManager::findEngineUidImpl - can't find hydra engine for name: 'rtx', index: 4294967295, context ptr: 0x1e800490
[2.298s] [ext: omni.kit.xr.system.openxr-109.0.0] startup
[2.302s] [ext: omni.kit.xr.ui.window.viewport-109.0.0] startup
[2.305s] [ext: omni.kit.xr.ui.window.profile-109.0.0] startup
[2.311s] [ext: omni.syntheticdata-0.6.15] startup
[2.340s] [ext: omni.replicator.nv-1.1.1] startup
[2.347s] [ext: omni.videoencoding-0.2.1] startup
[2.348s] [ext: omni.replicator.core-1.13.27] startup
2026-09-16T15:52:22Z [2,311ms] [Warning] [pxr.Semantics] pxr.Semantics is deprecated - please use Semantics instead
2026-09-16T15:52:22Z [2,359ms] [Warning] [omni.replicator.core.scripts.extension] No material configuration file, adding configuration to material settings directly.
[2.650s] [ext: isaaclab.python.xr.openxr-3.0.0] startup
[2.650s] [ext: isaaclab.python.xr.openxr.headless-3.0.0] startup
[2.651s] Simulation App Starting
2026-09-16T15:52:23Z [3,209ms] [Warning] [rtx.hydra] RenderDelegate : Warning /rtx/hydra/readTransformsFromFabricInRenderDelegate and geometry streaming are enabled together but this can cause issues with dynamic objects not streaming correctly due to problems in the transform update.
[3.374s] Simulation App Startup Complete
[3.380s] app ready
[ISAACLAB] AppLauncher initialization complete
[ISAACLAB] Kit version: 110.1.2+production.326809.f9bf0dda.gl
[ISAACLAB] Kit kernel:  210.1.11+release.13746.80f6dc72.gl
[ISAACLAB] Kit hash:    f9bf0dda
[S1] loading checked configuration
[DEMO] profile=dual_cube_to_matching_plates TEST_ONLY / NOT_APPROVED_FOR_PRODUCTION
[INFO]: Loading local copy of remote asset 'https://omniverse-content-production.s3-us-west-2.amazonaws.com/Assets/Isaac/6.1/Isaac/IsaacLab/Environments/Grid/default_ground_plane.usda' from '/tmp/https/omniverse-content-production.s3-us-west-2.amazonaws.com/Assets/Isaac/6.1/Isaac/IsaacLab/Environments/Grid/default_ground_plane.usda'.
[INFO]: Loading local copy of remote asset 'https://omniverse-content-production.s3-us-west-2.amazonaws.com/Assets/Isaac/6.1/Isaac/IsaacLab/Environments/Grid/Materials/Textures/default_ground_plane_emissive_mask.png' from '/tmp/https/omniverse-content-production.s3-us-west-2.amazonaws.com/Assets/Isaac/6.1/Isaac/IsaacLab/Environments/Grid/Materials/Textures/default_ground_plane_emissive_mask.png'.
[INFO]: Loading local copy of remote asset 'https://omniverse-content-production.s3-us-west-2.amazonaws.com/Assets/Isaac/6.1/Isaac/IsaacLab/Environments/Grid/Materials/Textures/default_ground_plane_emissive_color.png' from '/tmp/https/omniverse-content-production.s3-us-west-2.amazonaws.com/Assets/Isaac/6.1/Isaac/IsaacLab/Environments/Grid/Materials/Textures/default_ground_plane_emissive_color.png'.
[INFO]: Loading local copy of remote asset 'https://omniverse-content-production.s3-us-west-2.amazonaws.com/Assets/Isaac/6.1/Isaac/IsaacLab/Environments/Grid/Materials/Textures/default_ground_plane_albedo.png' from '/tmp/https/omniverse-content-production.s3-us-west-2.amazonaws.com/Assets/Isaac/6.1/Isaac/IsaacLab/Environments/Grid/Materials/Textures/default_ground_plane_albedo.png'.
[INFO]: Registered backend 'physx' for factory RigidObject.
[INFO]: Registered backend 'physx' for factory Articulation.
[INFO]: Created new renderer for simulation: IsaacRtxRenderer
[INFO]: Using renderer: IsaacRtxRenderer
[INFO]: Using renderer: IsaacRtxRenderer
[INFO]: Using renderer: IsaacRtxRenderer
[INFO]: Registered backend 'physx' for factory ContactSensor.
[INFO]: Simulation parameters for joints in /World/LeftPiper:
+---------------------------------------------------------------------------------------------------------------------------------------------------------------------+
|                                                      Simulation Joint Information (Prim path: /World/LeftPiper)                                                     |
+-------+----------------+-----------+---------+----------+-----------------+------------------+------------------+-----------------+-----------------+---------------+
| Index | Name           | Stiffness | Damping | Armature | Static Friction | Dynamic Friction | Viscous Friction | Position Limits | Velocity Limits | Effort Limits |
+-------+----------------+-----------+---------+----------+-----------------+------------------+------------------+-----------------+-----------------+---------------+
|   0   | joint1         |  400.000  |  40.000 |  0.000   |      0.000      |      0.000       |      0.000       | [-2.618, 2.618] |      5.000      |    100.000    |
|   1   | joint2         |  400.000  |  40.000 |  0.000   |      0.000      |      0.000       |      0.000       |  [0.000, 3.142] |      5.000      |    100.000    |
|   2   | joint3         |  400.000  |  40.000 |  0.000   |      0.000      |      0.000       |      0.000       | [-2.967, 0.000] |      5.000      |    100.000    |
|   3   | joint4         |  400.000  |  40.000 |  0.000   |      0.000      |      0.000       |      0.000       | [-1.553, 1.553] |      5.000      |    100.000    |
|   4   | joint5         |  400.000  |  40.000 |  0.000   |      0.000      |      0.000       |      0.000       | [-1.553, 1.553] |      5.000      |    100.000    |
|   5   | joint6         |  400.000  |  40.000 |  0.000   |      0.000      |      0.000       |      0.000       | [-2.094, 2.094] |      5.000      |    100.000    |
|   6   | gripper        |  400.000  |  40.000 |  0.000   |      0.000      |      0.000       |      0.000       |  [0.000, 0.100] |      3.000      |     2.000     |
|   7   | gripper_joint1 |   0.000   |  0.000  |  0.000   |      0.000      |      0.000       |      0.000       |  [0.000, 0.050] |      3.000      |     1.000     |
|   8   | gripper_joint2 |   0.000   |  0.000  |  0.000   |      0.000      |      0.000       |      0.000       | [-0.050, 0.000] |      3.000      |     1.000     |
+-------+----------------+-----------+---------+----------+-----------------+------------------+------------------+-----------------+-----------------+---------------+
[INFO]: Simulation parameters for joints in /World/RightPiper:
+---------------------------------------------------------------------------------------------------------------------------------------------------------------------+
|                                                     Simulation Joint Information (Prim path: /World/RightPiper)                                                     |
+-------+----------------+-----------+---------+----------+-----------------+------------------+------------------+-----------------+-----------------+---------------+
| Index | Name           | Stiffness | Damping | Armature | Static Friction | Dynamic Friction | Viscous Friction | Position Limits | Velocity Limits | Effort Limits |
+-------+----------------+-----------+---------+----------+-----------------+------------------+------------------+-----------------+-----------------+---------------+
|   0   | joint1         |  400.000  |  40.000 |  0.000   |      0.000      |      0.000       |      0.000       | [-2.618, 2.618] |      5.000      |    100.000    |
|   1   | joint2         |  400.000  |  40.000 |  0.000   |      0.000      |      0.000       |      0.000       |  [0.000, 3.142] |      5.000      |    100.000    |
|   2   | joint3         |  400.000  |  40.000 |  0.000   |      0.000      |      0.000       |      0.000       | [-2.967, 0.000] |      5.000      |    100.000    |
|   3   | joint4         |  400.000  |  40.000 |  0.000   |      0.000      |      0.000       |      0.000       | [-1.553, 1.553] |      5.000      |    100.000    |
|   4   | joint5         |  400.000  |  40.000 |  0.000   |      0.000      |      0.000       |      0.000       | [-1.553, 1.553] |      5.000      |    100.000    |
|   5   | joint6         |  400.000  |  40.000 |  0.000   |      0.000      |      0.000       |      0.000       | [-2.094, 2.094] |      5.000      |    100.000    |
|   6   | gripper        |  400.000  |  40.000 |  0.000   |      0.000      |      0.000       |      0.000       |  [0.000, 0.100] |      3.000      |     2.000     |
|   7   | gripper_joint1 |   0.000   |  0.000  |  0.000   |      0.000      |      0.000       |      0.000       |  [0.000, 0.050] |      3.000      |     1.000     |
|   8   | gripper_joint2 |   0.000   |  0.000  |  0.000   |      0.000      |      0.000       |      0.000       | [-0.050, 0.000] |      3.000      |     1.000     |
+-------+----------------+-----------+---------+----------+-----------------+------------------+------------------+-----------------+-----------------+---------------+
[INFO]: Registered backend 'physx' for factory FrameView.
[INFO]: [SimulationContext] Auto-injecting KitVisualizer for XR app-update pumping.
/home/ebulochkin/vla_infrastructure/.worktrees/robosyn-vr-demo/tools/run_isaac_s1.py:322: DeprecationWarning: Articulation.set_joint_position_target_index is deprecated. Use articulation.actuators.target_command.set_position_index instead.
  robot.set_joint_position_target_index(target=position, joint_ids=ids)
/home/ebulochkin/vla_infrastructure/.worktrees/robosyn-vr-demo/tools/isaac_robosyn_vr_demo.py:701: UserWarning: PhysX does not return a total contact force. This is a known limitation in PhysX and we are fixing it for the next release. Returning 'net_normal_forces_w'.
  float(np.linalg.norm(_cpu(sensor.data.net_forces_w), axis=-1).max(initial=0.0))
[DEMO] validation={'candidate_home_used': True, 'maximum_home_error_deg_or_mm': 0.0, 'finite_state': True, 'maximum_arm_contact_force_n': {'left': 0.0, 'right': 0.0}, 'collision_free_at_home': True, 'home_tcp_world_m': {'left': [0.5789288878440857, 0.1740923970937729, 1.0264804363250732], 'right': [0.5789286494255066, -0.17409229278564453, 1.0264805555343628]}, 'home_tcp_separation_m': 0.34818468987951945, 'maximum_profile_reset_position_error_m': 0.002000272274017334, 'wrist_shapes': {'left_wrist': [480, 640, 3], 'right_wrist': [480, 640, 3]}, 'scene_camera': {'shape': [480, 640, 3], 'dtype': 'uint8', 'rgb_stddev': 44.824424743652344, 'frame': 30}, 'imported_prim_valid': {}, 'required_prim_valid': {'/World/RobosynDemo/Table': True, '/World/RobosynDemo/Backdrop': True, '/World/LeftPiper': True, '/World/RightPiper': True, '/World/RobosynDemo/SceneCamera': True, '/World/RobosynDemo/LeftCube': True, '/World/RobosynDemo/RightCube': True, '/World/RobosynDemo/LeftPlate': True, '/World/RobosynDemo/RightPlate': True}, 'table_collision_api': True, 'passed': True}
2026-09-16T15:52:26Z [5,664ms] [Warning] [isaaclab.utils.assets] Serving remote assets from the local cache under '/tmp'. Each copy is checked against the server before use; delete the directory to force a full re-download.
2026-09-16T15:52:28Z [7,443ms] [Warning] [omni.usd] Encountered USD Warnings but USD Diagnostics are currently muted. To view USD Warnings, please set the '/persistent/app/usd/muteUsdDiagnostics' setting to false in Preferences page.
2026-09-16T15:52:28Z [7,718ms] [Warning] [omni.rtx] Requesting texture to use texture streaming, but the service isn't available.  The texture will be created as a regular resource.
2026-09-16T15:52:33Z [12,837ms] [Warning] [carb] Plugin interface for a client: omni.hydratexture.plugin was already released.
2026-09-16T15:52:33Z [12,842ms] [Warning] [carb] Plugin interface for a client: omni.hydratexture.plugin was already released.
2026-09-16T15:52:33Z [13,003ms] [Warning] [carb] Plugin interface for a client: omni.hydratexture.plugin was already released.
[13.057s] Simulation App Shutting Down
