{
  "passed": false,
  "dataset_admissible": false,
  "quest_connected": false,
  "scope": "generated pixels; no rendering, physics or XR",
  "arguments": {
    "output": "/data/ebulochkin/vla-runtime/live30-deep-20261009/codec-cpu-gop50-r2",
    "frames": 180,
    "warmup": 30,
    "gop": 50,
    "gpu_input": false
  },
  "source_sha256": "ad47d0bae2d2203b9bade4c025ab45ee733e651b39801e30e9b1757e9bdb1bb6",
  "gpu_before": "",
  "mean_bundle_ms": 1.1106610763818026,
  "bundle_hz": 900.3646758358519,
  "p95_bundle_ms": 1.1504250578582287,
  "mean_submit_ms": 0.1319791434244031,
  "whole_working_s": 0.23681807983666658,
  "drain_s": 0.3062374540604651,
  "decoded": [
    {
      "role": 0,
      "frames": 211,
      "errors": [
        {
          "frame": 1,
          "witness": 0
        },
        {
          "frame": 2,
          "witness": 1
        },
        {
          "frame": 3,
          "witness": 2
        },
        {
          "frame": 4,
          "witness": 3
        },
        {
          "frame": 5,
          "witness": 4
        },
        {
          "frame": 6,
          "witness": 5
        },
        {
          "frame": 7,
          "witness": 6
        },
        {
          "frame": 8,
          "witness": 7
        },
        {
          "frame": 9,
          "witness": 8
        },
        {
          "frame": 10,
          "witness": 9
        },
        {
          "frame": 11,
          "witness": 10
        },
        {
          "frame": 12,
          "witness": 11
        },
        {
          "frame": 13,
          "witness": 12
        },
        {
          "frame": 14,
          "witness": 13
        },
        {
          "frame": 15,
          "witness": 14
        },
        {
          "frame": 16,
          "witness": 15
        },
        {
          "frame": 17,
          "witness": 16
        },
        {
          "frame": 18,
          "witness": 17
        },
        {
          "frame": 19,
          "witness": 18
        },
        {
          "frame": 20,
          "witness": 19
        },
        {
          "frame": 21,
          "witness": 20
        },
        {
          "frame": 22,
          "witness": 21
        },
        {
          "frame": 23,
          "witness": 22
        },
        {
          "frame": 24,
          "witness": 23
        },
        {
          "frame": 25,
          "witness": 24
        },
        {
          "frame": 26,
          "witness": 25
        },
        {
          "frame": 27,
          "witness": 26
        },
        {
          "frame": 28,
          "witness": 27
        },
        {
          "frame": 29,
          "witness": 28
        },
        {
          "frame": 30,
          "witness": 29
        },
        {
          "frame": 31,
          "witness": 30
        },
        {
          "frame": 32,
          "witness": 31
        },
        {
          "frame": 33,
          "witness": 32
        },
        {
          "frame": 34,
          "witness": 33
        },
        {
          "frame": 35,
          "witness": 34
        },
        {
          "frame": 36,
          "witness": 35
        },
        {
          "frame": 37,
          "witness": 36
        },
        {
          "frame": 38,
          "witness": 37
        },
        {
          "frame": 39,
          "witness": 38
        },
        {
          "frame": 40,
          "witness": 39
        },
        {
          "frame": 41,
          "witness": 40
        },
        {
          "frame": 42,
          "witness": 41
        },
        {
          "frame": 43,
          "witness": 42
        },
        {
          "frame": 44,
          "witness": 43
        },
        {
          "frame": 45,
          "witness": 44
        },
        {
          "frame": 46,
          "witness": 45
        },
        {
          "frame": 47,
          "witness": 46
        },
        {
          "frame": 48,
          "witness": 47
        },
        {
          "frame": 49,
          "witness": 48
        },
        {
          "frame": 50,
          "witness": 49
        },
        {
          "frame": 51,
          "witness": 50
        },
        {
          "frame": 52,
          "witness": 51
        },
        {
          "frame": 53,
          "witness": 52
        },
        {
          "frame": 54,
          "witness": 53
        },
        {
          "frame": 55,
          "witness": 54
        },
        {
          "frame": 56,
          "witness": 55
        },
        {
          "frame": 57,
          "witness": 56
        },
        {
          "frame": 58,
          "witness": 57
        },
        {
          "frame": 59,
          "witness": 58
        },
        {
          "frame": 60,
          "witness": 59
        },
        {
          "frame": 61,
          "witness": 60
        },
        {
          "frame": 62,
          "witness": 61
        },
        {
          "frame": 63,
          "witness": 62
        },
        {
          "frame": 64,
          "witness": 63
        },
        {
          "frame": 65,
          "witness": 64
        },
        {
          "frame": 66,
          "witness": 65
        },
        {
          "frame": 67,
          "witness": 66
        },
        {
          "frame": 68,
          "witness": 67
        },
        {
          "frame": 69,
          "witness": 68
        },
        {
          "frame": 70,
          "witness": 69
        },
        {
          "frame": 71,
          "witness": 70
        },
        {
          "frame": 72,
          "witness": 71
        },
        {
          "frame": 73,
          "witness": 72
        },
        {
          "frame": 74,
          "witness": 73
        },
        {
          "frame": 75,
          "witness": 74
        },
        {
          "frame": 76,
          "witness": 75
        },
        {
          "frame": 77,
          "witness": 76
        },
        {
          "frame": 78,
          "witness": 77
        },
        {
          "frame": 79,
          "witness": 78
        },
        {
          "frame": 80,
          "witness": 79
        },
        {
          "frame": 81,
          "witness": 80
        },
        {
          "frame": 82,
          "witness": 81
        },
        {
          "frame": 83,
          "witness": 82
        },
        {
          "frame": 84,
          "witness": 83
        },
        {
          "frame": 85,
          "witness": 84
        },
        {
          "frame": 86,
          "witness": 85
        },
        {
          "frame": 87,
          "witness": 86
        },
        {
          "frame": 88,
          "witness": 87
        },
        {
          "frame": 89,
          "witness": 88
        },
        {
          "frame": 90,
          "witness": 89
        },
        {
          "frame": 91,
          "witness": 90
        },
        {
          "frame": 92,
          "witness": 91
        },
        {
          "frame": 93,
          "witness": 92
        },
        {
          "frame": 94,
          "witness": 93
        },
        {
          "frame": 95,
          "witness": 94
        },
        {
          "frame": 96,
          "witness": 95
        },
        {
          "frame": 97,
          "witness": 96
        },
        {
          "frame": 98,
          "witness": 97
        },
        {
          "frame": 99,
          "witness": 98
        },
        {
          "frame": 100,
          "witness": 99
        },
        {
          "frame": 101,
          "witness": 100
        },
        {
          "frame": 102,
          "witness": 101
        },
        {
          "frame": 103,
          "witness": 102
        },
        {
          "frame": 104,
          "witness": 103
        },
        {
          "frame": 105,
          "witness": 104
        },
        {
          "frame": 106,
          "witness": 105
        },
        {
          "frame": 107,
          "witness": 106
        },
        {
          "frame": 108,
          "witness": 107
        },
        {
          "frame": 109,
          "witness": 108
        },
        {
          "frame": 110,
          "witness": 109
        },
        {
          "frame": 111,
          "witness": 110
        },
        {
          "frame": 112,
          "witness": 111
        },
        {
          "frame": 113,
          "witness": 112
        },
        {
          "frame": 114,
          "witness": 113
        },
        {
          "frame": 115,
          "witness": 114
        },
        {
          "frame": 116,
          "witness": 115
        },
        {
          "frame": 117,
          "witness": 116
        },
        {
          "frame": 118,
          "witness": 117
        },
        {
          "frame": 119,
          "witness": 118
        },
        {
          "frame": 120,
          "witness": 119
        },
        {
          "frame": 121,
          "witness": 120
        },
        {
          "frame": 122,
          "witness": 121
        },
        {
          "frame": 123,
          "witness": 122
        },
        {
          "frame": 124,
          "witness": 123
        },
        {
          "frame": 125,
          "witness": 124
        },
        {
          "frame": 126,
          "witness": 125
        },
        {
          "frame": 127,
          "witness": 126
        },
        {
          "frame": 128,
          "witness": 127
        },
        {
          "frame": 129,
          "witness": 128
        },
        {
          "frame": 130,
          "witness": 129
        },
        {
          "frame": 131,
          "witness": 130
        },
        {
          "frame": 132,
          "witness": 131
        },
        {
          "frame": 133,
          "witness": 132
        },
        {
          "frame": 134,
          "witness": 133
        },
        {
          "frame": 135,
          "witness": 134
        },
        {
          "frame": 136,
          "witness": 135
        },
        {
          "frame": 137,
          "witness": 136
        },
        {
          "frame": 138,
          "witness": 137
        },
        {
          "frame": 139,
          "witness": 138
        },
        {
          "frame": 140,
          "witness": 139
        },
        {
          "frame": 141,
          "witness": 140
        },
        {
          "frame": 142,
          "witness": 141
        },
        {
          "frame": 143,
          "witness": 142
        },
        {
          "frame": 144,
          "witness": 143
        },
        {
          "frame": 145,
          "witness": 144
        },
        {
          "frame": 146,
          "witness": 145
        },
        {
          "frame": 147,
          "witness": 146
        },
        {
          "frame": 148,
          "witness": 147
        },
        {
          "frame": 149,
          "witness": 148
        },
        {
          "frame": 150,
          "witness": 149
        },
        {
          "frame": 151,
          "witness": 150
        },
        {
          "frame": 152,
          "witness": 151
        },
        {
          "frame": 153,
          "witness": 152
        },
        {
          "frame": 154,
          "witness": 153
        },
        {
          "frame": 155,
          "witness": 154
        },
        {
          "frame": 156,
          "witness": 155
        },
        {
          "frame": 157,
          "witness": 156
        },
        {
          "frame": 158,
          "witness": 157
        },
        {
          "frame": 159,
          "witness": 158
        },
        {
          "frame": 160,
          "witness": 159
        },
        {
          "frame": 161,
          "witness": 160
        },
        {
          "frame": 162,
          "witness": 161
        },
        {
          "frame": 163,
          "witness": 162
        },
        {
          "frame": 164,
          "witness": 163
        },
        {
          "frame": 165,
          "witness": 164
        },
        {
          "frame": 166,
          "witness": 165
        },
        {
          "frame": 167,
          "witness": 166
        },
        {
          "frame": 168,
          "witness": 167
        },
        {
          "frame": 169,
          "witness": 168
        },
        {
          "frame": 170,
          "witness": 169
        },
        {
          "frame": 171,
          "witness": 170
        },
        {
          "frame": 172,
          "witness": 171
        },
        {
          "frame": 173,
          "witness": 172
        },
        {
          "frame": 174,
          "witness": 173
        },
        {
          "frame": 175,
          "witness": 174
        },
        {
          "frame": 176,
          "witness": 175
        },
        {
          "frame": 177,
          "witness": 176
        },
        {
          "frame": 178,
          "witness": 177
        },
        {
          "frame": 179,
          "witness": 178
        },
        {
          "frame": 180,
          "witness": 179
        },
        {
          "frame": 181,
          "witness": 180
        },
        {
          "frame": 182,
          "witness": 181
        },
        {
          "frame": 183,
          "witness": 182
        },
        {
          "frame": 184,
          "witness": 183
        },
        {
          "frame": 185,
          "witness": 184
        },
        {
          "frame": 186,
          "witness": 185
        },
        {
          "frame": 187,
          "witness": 186
        },
        {
          "frame": 188,
          "witness": 187
        },
        {
          "frame": 189,
          "witness": 188
        },
        {
          "frame": 190,
          "witness": 189
        },
        {
          "frame": 191,
          "witness": 190
        },
        {
          "frame": 192,
          "witness": 191
        },
        {
          "frame": 193,
          "witness": 192
        },
        {
          "frame": 194,
          "witness": 193
        },
        {
          "frame": 195,
          "witness": 194
        },
        {
          "frame": 196,
          "witness": 195
        },
        {
          "frame": 197,
          "witness": 196
        },
        {
          "frame": 198,
          "witness": 197
        },
        {
          "frame": 199,
          "witness": 198
        },
        {
          "frame": 200,
          "witness": 199
        },
        {
          "frame": 201,
          "witness": 200
        },
        {
          "frame": 202,
          "witness": 201
        },
        {
          "frame": 203,
          "witness": 202
        },
        {
          "frame": 204,
          "witness": 203
        },
        {
          "frame": 205,
          "witness": 204
        },
        {
          "frame": 206,
          "witness": 205
        },
        {
          "frame": 207,
          "witness": 206
        },
        {
          "frame": 208,
          "witness": 207
        },
        {
          "frame": 209,
          "witness": 208
        },
        {
          "frame": 210,
          "witness": 209
        }
      ]
    },
    {
      "role": 1,
      "frames": 211,
      "errors": [
        {
          "frame": 1,
          "witness": 1024
        },
        {
          "frame": 2,
          "witness": 1025
        },
        {
          "frame": 3,
          "witness": 1026
        },
        {
          "frame": 4,
          "witness": 1027
        },
        {
          "frame": 5,
          "witness": 1028
        },
        {
          "frame": 6,
          "witness": 1029
        },
        {
          "frame": 7,
          "witness": 1030
        },
        {
          "frame": 8,
          "witness": 1031
        },
        {
          "frame": 9,
          "witness": 1032
        },
        {
          "frame": 10,
          "witness": 1033
        },
        {
          "frame": 11,
          "witness": 1034
        },
        {
          "frame": 12,
          "witness": 1035
        },
        {
          "frame": 13,
          "witness": 1036
        },
        {
          "frame": 14,
          "witness": 1037
        },
        {
          "frame": 15,
          "witness": 1038
        },
        {
          "frame": 16,
          "witness": 1039
        },
        {
          "frame": 17,
          "witness": 1040
        },
        {
          "frame": 18,
          "witness": 1041
        },
        {
          "frame": 19,
          "witness": 1042
        },
        {
          "frame": 20,
          "witness": 1043
        },
        {
          "frame": 21,
          "witness": 1044
        },
        {
          "frame": 22,
          "witness": 1045
        },
        {
          "frame": 23,
          "witness": 1046
        },
        {
          "frame": 24,
          "witness": 1047
        },
        {
          "frame": 25,
          "witness": 1048
        },
        {
          "frame": 26,
          "witness": 1049
        },
        {
          "frame": 27,
          "witness": 1050
        },
        {
          "frame": 28,
          "witness": 1051
        },
        {
          "frame": 29,
          "witness": 1052
        },
        {
          "frame": 30,
          "witness": 1053
        },
        {
          "frame": 31,
          "witness": 1054
        },
        {
          "frame": 32,
          "witness": 1055
        },
        {
          "frame": 33,
          "witness": 1056
        },
        {
          "frame": 34,
          "witness": 1057
        },
        {
          "frame": 35,
          "witness": 1058
        },
        {
          "frame": 36,
          "witness": 1059
        },
        {
          "frame": 37,
          "witness": 1060
        },
        {
          "frame": 38,
          "witness": 1061
        },
        {
          "frame": 39,
          "witness": 1062
        },
        {
          "frame": 40,
          "witness": 1063
        },
        {
          "frame": 41,
          "witness": 1064
        },
        {
          "frame": 42,
          "witness": 1065
        },
        {
          "frame": 43,
          "witness": 1066
        },
        {
          "frame": 44,
          "witness": 1067
        },
        {
          "frame": 45,
          "witness": 1068
        },
        {
          "frame": 46,
          "witness": 1069
        },
        {
          "frame": 47,
          "witness": 1070
        },
        {
          "frame": 48,
          "witness": 1071
        },
        {
          "frame": 49,
          "witness": 1072
        },
        {
          "frame": 50,
          "witness": 1073
        },
        {
          "frame": 51,
          "witness": 1074
        },
        {
          "frame": 52,
          "witness": 1075
        },
        {
          "frame": 53,
          "witness": 1076
        },
        {
          "frame": 54,
          "witness": 1077
        },
        {
          "frame": 55,
          "witness": 1078
        },
        {
          "frame": 56,
          "witness": 1079
        },
        {
          "frame": 57,
          "witness": 1080
        },
        {
          "frame": 58,
          "witness": 1081
        },
        {
          "frame": 59,
          "witness": 1082
        },
        {
          "frame": 60,
          "witness": 1083
        },
        {
          "frame": 61,
          "witness": 1084
        },
        {
          "frame": 62,
          "witness": 1085
        },
        {
          "frame": 63,
          "witness": 1086
        },
        {
          "frame": 64,
          "witness": 1087
        },
        {
          "frame": 65,
          "witness": 1088
        },
        {
          "frame": 66,
          "witness": 1089
        },
        {
          "frame": 67,
          "witness": 1090
        },
        {
          "frame": 68,
          "witness": 1091
        },
        {
          "frame": 69,
          "witness": 1092
        },
        {
          "frame": 70,
          "witness": 1093
        },
        {
          "frame": 71,
          "witness": 1094
        },
        {
          "frame": 72,
          "witness": 1095
        },
        {
          "frame": 73,
          "witness": 1096
        },
        {
          "frame": 74,
          "witness": 1097
        },
        {
          "frame": 75,
          "witness": 1098
        },
        {
          "frame": 76,
          "witness": 1099
        },
        {
          "frame": 77,
          "witness": 1100
        },
        {
          "frame": 78,
          "witness": 1101
        },
        {
          "frame": 79,
          "witness": 1102
        },
        {
          "frame": 80,
          "witness": 1103
        },
        {
          "frame": 81,
          "witness": 1104
        },
        {
          "frame": 82,
          "witness": 1105
        },
        {
          "frame": 83,
          "witness": 1106
        },
        {
          "frame": 84,
          "witness": 1107
        },
        {
          "frame": 85,
          "witness": 1108
        },
        {
          "frame": 86,
          "witness": 1109
        },
        {
          "frame": 87,
          "witness": 1110
        },
        {
          "frame": 88,
          "witness": 1111
        },
        {
          "frame": 89,
          "witness": 1112
        },
        {
          "frame": 90,
          "witness": 1113
        },
        {
          "frame": 91,
          "witness": 1114
        },
        {
          "frame": 92,
          "witness": 1115
        },
        {
          "frame": 93,
          "witness": 1116
        },
        {
          "frame": 94,
          "witness": 1117
        },
        {
          "frame": 95,
          "witness": 1118
        },
        {
          "frame": 96,
          "witness": 1119
        },
        {
          "frame": 97,
          "witness": 1120
        },
        {
          "frame": 98,
          "witness": 1121
        },
        {
          "frame": 99,
          "witness": 1122
        },
        {
          "frame": 100,
          "witness": 1123
        },
        {
          "frame": 101,
          "witness": 1124
        },
        {
          "frame": 102,
          "witness": 1125
        },
        {
          "frame": 103,
          "witness": 1126
        },
        {
          "frame": 104,
          "witness": 1127
        },
        {
          "frame": 105,
          "witness": 1128
        },
        {
          "frame": 106,
          "witness": 1129
        },
        {
          "frame": 107,
          "witness": 1130
        },
        {
          "frame": 108,
          "witness": 1131
        },
        {
          "frame": 109,
          "witness": 1132
        },
        {
          "frame": 110,
          "witness": 1133
        },
        {
          "frame": 111,
          "witness": 1134
        },
        {
          "frame": 112,
          "witness": 1135
        },
        {
          "frame": 113,
          "witness": 1136
        },
        {
          "frame": 114,
          "witness": 1137
        },
        {
          "frame": 115,
          "witness": 1138
        },
        {
          "frame": 116,
          "witness": 1139
        },
        {
          "frame": 117,
          "witness": 1140
        },
        {
          "frame": 118,
          "witness": 1141
        },
        {
          "frame": 119,
          "witness": 1142
        },
        {
          "frame": 120,
          "witness": 1143
        },
        {
          "frame": 121,
          "witness": 1144
        },
        {
          "frame": 122,
          "witness": 1145
        },
        {
          "frame": 123,
          "witness": 1146
        },
        {
          "frame": 124,
          "witness": 1147
        },
        {
          "frame": 125,
          "witness": 1148
        },
        {
          "frame": 126,
          "witness": 1149
        },
        {
          "frame": 127,
          "witness": 1150
        },
        {
          "frame": 128,
          "witness": 1151
        },
        {
          "frame": 129,
          "witness": 1152
        },
        {
          "frame": 130,
          "witness": 1153
        },
        {
          "frame": 131,
          "witness": 1154
        },
        {
          "frame": 132,
          "witness": 1155
        },
        {
          "frame": 133,
          "witness": 1156
        },
        {
          "frame": 134,
          "witness": 1157
        },
        {
          "frame": 135,
          "witness": 1158
        },
        {
          "frame": 136,
          "witness": 1159
        },
        {
          "frame": 137,
          "witness": 1160
        },
        {
          "frame": 138,
          "witness": 1161
        },
        {
          "frame": 139,
          "witness": 1162
        },
        {
          "frame": 140,
          "witness": 1163
        },
        {
          "frame": 141,
          "witness": 1164
        },
        {
          "frame": 142,
          "witness": 1165
        },
        {
          "frame": 143,
          "witness": 1166
        },
        {
          "frame": 144,
          "witness": 1167
        },
        {
          "frame": 145,
          "witness": 1168
        },
        {
          "frame": 146,
          "witness": 1169
        },
        {
          "frame": 147,
          "witness": 1170
        },
        {
          "frame": 148,
          "witness": 1171
        },
        {
          "frame": 149,
          "witness": 1172
        },
        {
          "frame": 150,
          "witness": 1173
        },
        {
          "frame": 151,
          "witness": 1174
        },
        {
          "frame": 152,
          "witness": 1175
        },
        {
          "frame": 153,
          "witness": 1176
        },
        {
          "frame": 154,
          "witness": 1177
        },
        {
          "frame": 155,
          "witness": 1178
        },
        {
          "frame": 156,
          "witness": 1179
        },
        {
          "frame": 157,
          "witness": 1180
        },
        {
          "frame": 158,
          "witness": 1181
        },
        {
          "frame": 159,
          "witness": 1182
        },
        {
          "frame": 160,
          "witness": 1183
        },
        {
          "frame": 161,
          "witness": 1184
        },
        {
          "frame": 162,
          "witness": 1185
        },
        {
          "frame": 163,
          "witness": 1186
        },
        {
          "frame": 164,
          "witness": 1187
        },
        {
          "frame": 165,
          "witness": 1188
        },
        {
          "frame": 166,
          "witness": 1189
        },
        {
          "frame": 167,
          "witness": 1190
        },
        {
          "frame": 168,
          "witness": 1191
        },
        {
          "frame": 169,
          "witness": 1192
        },
        {
          "frame": 170,
          "witness": 1193
        },
        {
          "frame": 171,
          "witness": 1194
        },
        {
          "frame": 172,
          "witness": 1195
        },
        {
          "frame": 173,
          "witness": 1196
        },
        {
          "frame": 174,
          "witness": 1197
        },
        {
          "frame": 175,
          "witness": 1198
        },
        {
          "frame": 176,
          "witness": 1199
        },
        {
          "frame": 177,
          "witness": 1200
        },
        {
          "frame": 178,
          "witness": 1201
        },
        {
          "frame": 179,
          "witness": 1202
        },
        {
          "frame": 180,
          "witness": 1203
        },
        {
          "frame": 181,
          "witness": 1204
        },
        {
          "frame": 182,
          "witness": 1205
        },
        {
          "frame": 183,
          "witness": 1206
        },
        {
          "frame": 184,
          "witness": 1207
        },
        {
          "frame": 185,
          "witness": 1208
        },
        {
          "frame": 186,
          "witness": 1209
        },
        {
          "frame": 187,
          "witness": 1210
        },
        {
          "frame": 188,
          "witness": 1211
        },
        {
          "frame": 189,
          "witness": 1212
        },
        {
          "frame": 190,
          "witness": 1213
        },
        {
          "frame": 191,
          "witness": 1214
        },
        {
          "frame": 192,
          "witness": 1215
        },
        {
          "frame": 193,
          "witness": 1216
        },
        {
          "frame": 194,
          "witness": 1217
        },
        {
          "frame": 195,
          "witness": 1218
        },
        {
          "frame": 196,
          "witness": 1219
        },
        {
          "frame": 197,
          "witness": 1220
        },
        {
          "frame": 198,
          "witness": 1221
        },
        {
          "frame": 199,
          "witness": 1222
        },
        {
          "frame": 200,
          "witness": 1223
        },
        {
          "frame": 201,
          "witness": 1224
        },
        {
          "frame": 202,
          "witness": 1225
        },
        {
          "frame": 203,
          "witness": 1226
        },
        {
          "frame": 204,
          "witness": 1227
        },
        {
          "frame": 205,
          "witness": 1228
        },
        {
          "frame": 206,
          "witness": 1229
        },
        {
          "frame": 207,
          "witness": 1230
        },
        {
          "frame": 208,
          "witness": 1231
        },
        {
          "frame": 209,
          "witness": 1232
        },
        {
          "frame": 210,
          "witness": 1233
        }
      ]
    },
    {
      "role": 2,
      "frames": 211,
      "errors": [
        {
          "frame": 1,
          "witness": 2048
        },
        {
          "frame": 2,
          "witness": 2049
        },
        {
          "frame": 3,
          "witness": 2050
        },
        {
          "frame": 4,
          "witness": 2051
        },
        {
          "frame": 5,
          "witness": 2052
        },
        {
          "frame": 6,
          "witness": 2053
        },
        {
          "frame": 7,
          "witness": 2054
        },
        {
          "frame": 8,
          "witness": 2055
        },
        {
          "frame": 9,
          "witness": 2056
        },
        {
          "frame": 10,
          "witness": 2057
        },
        {
          "frame": 11,
          "witness": 2058
        },
        {
          "frame": 12,
          "witness": 2059
        },
        {
          "frame": 13,
          "witness": 2060
        },
        {
          "frame": 14,
          "witness": 2061
        },
        {
          "frame": 15,
          "witness": 2062
        },
        {
          "frame": 16,
          "witness": 2063
        },
        {
          "frame": 17,
          "witness": 2064
        },
        {
          "frame": 18,
          "witness": 2065
        },
        {
          "frame": 19,
          "witness": 2066
        },
        {
          "frame": 20,
          "witness": 2067
        },
        {
          "frame": 21,
          "witness": 2068
        },
        {
          "frame": 22,
          "witness": 2069
        },
        {
          "frame": 23,
          "witness": 2070
        },
        {
          "frame": 24,
          "witness": 2071
        },
        {
          "frame": 25,
          "witness": 2072
        },
        {
          "frame": 26,
          "witness": 2073
        },
        {
          "frame": 27,
          "witness": 2074
        },
        {
          "frame": 28,
          "witness": 2075
        },
        {
          "frame": 29,
          "witness": 2076
        },
        {
          "frame": 30,
          "witness": 2077
        },
        {
          "frame": 31,
          "witness": 2078
        },
        {
          "frame": 32,
          "witness": 2079
        },
        {
          "frame": 33,
          "witness": 2080
        },
        {
          "frame": 34,
          "witness": 2081
        },
        {
          "frame": 35,
          "witness": 2082
        },
        {
          "frame": 36,
          "witness": 2083
        },
        {
          "frame": 37,
          "witness": 2084
        },
        {
          "frame": 38,
          "witness": 2085
        },
        {
          "frame": 39,
          "witness": 2086
        },
        {
          "frame": 40,
          "witness": 2087
        },
        {
          "frame": 41,
          "witness": 2088
        },
        {
          "frame": 42,
          "witness": 2089
        },
        {
          "frame": 43,
          "witness": 2090
        },
        {
          "frame": 44,
          "witness": 2091
        },
        {
          "frame": 45,
          "witness": 2092
        },
        {
          "frame": 46,
          "witness": 2093
        },
        {
          "frame": 47,
          "witness": 2094
        },
        {
          "frame": 48,
          "witness": 2095
        },
        {
          "frame": 49,
          "witness": 2096
        },
        {
          "frame": 50,
          "witness": 2097
        },
        {
          "frame": 51,
          "witness": 2098
        },
        {
          "frame": 52,
          "witness": 2099
        },
        {
          "frame": 53,
          "witness": 2100
        },
        {
          "frame": 54,
          "witness": 2101
        },
        {
          "frame": 55,
          "witness": 2102
        },
        {
          "frame": 56,
          "witness": 2103
        },
        {
          "frame": 57,
          "witness": 2104
        },
        {
          "frame": 58,
          "witness": 2105
        },
        {
          "frame": 59,
          "witness": 2106
        },
        {
          "frame": 60,
          "witness": 2107
        },
        {
          "frame": 61,
          "witness": 2108
        },
        {
          "frame": 62,
          "witness": 2109
        },
        {
          "frame": 63,
          "witness": 2110
        },
        {
          "frame": 64,
          "witness": 2111
        },
        {
          "frame": 65,
          "witness": 2112
        },
        {
          "frame": 66,
          "witness": 2113
        },
        {
          "frame": 67,
          "witness": 2114
        },
        {
          "frame": 68,
          "witness": 2115
        },
        {
          "frame": 69,
          "witness": 2116
        },
        {
          "frame": 70,
          "witness": 2117
        },
        {
          "frame": 71,
          "witness": 2118
        },
        {
          "frame": 72,
          "witness": 2119
        },
        {
          "frame": 73,
          "witness": 2120
        },
        {
          "frame": 74,
          "witness": 2121
        },
        {
          "frame": 75,
          "witness": 2122
        },
        {
          "frame": 76,
          "witness": 2123
        },
        {
          "frame": 77,
          "witness": 2124
        },
        {
          "frame": 78,
          "witness": 2125
        },
        {
          "frame": 79,
          "witness": 2126
        },
        {
          "frame": 80,
          "witness": 2127
        },
        {
          "frame": 81,
          "witness": 2128
        },
        {
          "frame": 82,
          "witness": 2129
        },
        {
          "frame": 83,
          "witness": 2130
        },
        {
          "frame": 84,
          "witness": 2131
        },
        {
          "frame": 85,
          "witness": 2132
        },
        {
          "frame": 86,
          "witness": 2133
        },
        {
          "frame": 87,
          "witness": 2134
        },
        {
          "frame": 88,
          "witness": 2135
        },
        {
          "frame": 89,
          "witness": 2136
        },
        {
          "frame": 90,
          "witness": 2137
        },
        {
          "frame": 91,
          "witness": 2138
        },
        {
          "frame": 92,
          "witness": 2139
        },
        {
          "frame": 93,
          "witness": 2140
        },
        {
          "frame": 94,
          "witness": 2141
        },
        {
          "frame": 95,
          "witness": 2142
        },
        {
          "frame": 96,
          "witness": 2143
        },
        {
          "frame": 97,
          "witness": 2144
        },
        {
          "frame": 98,
          "witness": 2145
        },
        {
          "frame": 99,
          "witness": 2146
        },
        {
          "frame": 100,
          "witness": 2147
        },
        {
          "frame": 101,
          "witness": 2148
        },
        {
          "frame": 102,
          "witness": 2149
        },
        {
          "frame": 103,
          "witness": 2150
        },
        {
          "frame": 104,
          "witness": 2151
        },
        {
          "frame": 105,
          "witness": 2152
        },
        {
          "frame": 106,
          "witness": 2153
        },
        {
          "frame": 107,
          "witness": 2154
        },
        {
          "frame": 108,
          "witness": 2155
        },
        {
          "frame": 109,
          "witness": 2156
        },
        {
          "frame": 110,
          "witness": 2157
        },
        {
          "frame": 111,
          "witness": 2158
        },
        {
          "frame": 112,
          "witness": 2159
        },
        {
          "frame": 113,
          "witness": 2160
        },
        {
          "frame": 114,
          "witness": 2161
        },
        {
          "frame": 115,
          "witness": 2162
        },
        {
          "frame": 116,
          "witness": 2163
        },
        {
          "frame": 117,
          "witness": 2164
        },
        {
          "frame": 118,
          "witness": 2165
        },
        {
          "frame": 119,
          "witness": 2166
        },
        {
          "frame": 120,
          "witness": 2167
        },
        {
          "frame": 121,
          "witness": 2168
        },
        {
          "frame": 122,
          "witness": 2169
        },
        {
          "frame": 123,
          "witness": 2170
        },
        {
          "frame": 124,
          "witness": 2171
        },
        {
          "frame": 125,
          "witness": 2172
        },
        {
          "frame": 126,
          "witness": 2173
        },
        {
          "frame": 127,
          "witness": 2174
        },
        {
          "frame": 128,
          "witness": 2175
        },
        {
          "frame": 129,
          "witness": 2176
        },
        {
          "frame": 130,
          "witness": 2177
        },
        {
          "frame": 131,
          "witness": 2178
        },
        {
          "frame": 132,
          "witness": 2179
        },
        {
          "frame": 133,
          "witness": 2180
        },
        {
          "frame": 134,
          "witness": 2181
        },
        {
          "frame": 135,
          "witness": 2182
        },
        {
          "frame": 136,
          "witness": 2183
        },
        {
          "frame": 137,
          "witness": 2184
        },
        {
          "frame": 138,
          "witness": 2185
        },
        {
          "frame": 139,
          "witness": 2186
        },
        {
          "frame": 140,
          "witness": 2187
        },
        {
          "frame": 141,
          "witness": 2188
        },
        {
          "frame": 142,
          "witness": 2189
        },
        {
          "frame": 143,
          "witness": 2190
        },
        {
          "frame": 144,
          "witness": 2191
        },
        {
          "frame": 145,
          "witness": 2192
        },
        {
          "frame": 146,
          "witness": 2193
        },
        {
          "frame": 147,
          "witness": 2194
        },
        {
          "frame": 148,
          "witness": 2195
        },
        {
          "frame": 149,
          "witness": 2196
        },
        {
          "frame": 150,
          "witness": 2197
        },
        {
          "frame": 151,
          "witness": 2198
        },
        {
          "frame": 152,
          "witness": 2199
        },
        {
          "frame": 153,
          "witness": 2200
        },
        {
          "frame": 154,
          "witness": 2201
        },
        {
          "frame": 155,
          "witness": 2202
        },
        {
          "frame": 156,
          "witness": 2203
        },
        {
          "frame": 157,
          "witness": 2204
        },
        {
          "frame": 158,
          "witness": 2205
        },
        {
          "frame": 159,
          "witness": 2206
        },
        {
          "frame": 160,
          "witness": 2207
        },
        {
          "frame": 161,
          "witness": 2208
        },
        {
          "frame": 162,
          "witness": 2209
        },
        {
          "frame": 163,
          "witness": 2210
        },
        {
          "frame": 164,
          "witness": 2211
        },
        {
          "frame": 165,
          "witness": 2212
        },
        {
          "frame": 166,
          "witness": 2213
        },
        {
          "frame": 167,
          "witness": 2214
        },
        {
          "frame": 168,
          "witness": 2215
        },
        {
          "frame": 169,
          "witness": 2216
        },
        {
          "frame": 170,
          "witness": 2217
        },
        {
          "frame": 171,
          "witness": 2218
        },
        {
          "frame": 172,
          "witness": 2219
        },
        {
          "frame": 173,
          "witness": 2220
        },
        {
          "frame": 174,
          "witness": 2221
        },
        {
          "frame": 175,
          "witness": 2222
        },
        {
          "frame": 176,
          "witness": 2223
        },
        {
          "frame": 177,
          "witness": 2224
        },
        {
          "frame": 178,
          "witness": 2225
        },
        {
          "frame": 179,
          "witness": 2226
        },
        {
          "frame": 180,
          "witness": 2227
        },
        {
          "frame": 181,
          "witness": 2228
        },
        {
          "frame": 182,
          "witness": 2229
        },
        {
          "frame": 183,
          "witness": 2230
        },
        {
          "frame": 184,
          "witness": 2231
        },
        {
          "frame": 185,
          "witness": 2232
        },
        {
          "frame": 186,
          "witness": 2233
        },
        {
          "frame": 187,
          "witness": 2234
        },
        {
          "frame": 188,
          "witness": 2235
        },
        {
          "frame": 189,
          "witness": 2236
        },
        {
          "frame": 190,
          "witness": 2237
        },
        {
          "frame": 191,
          "witness": 2238
        },
        {
          "frame": 192,
          "witness": 2239
        },
        {
          "frame": 193,
          "witness": 2240
        },
        {
          "frame": 194,
          "witness": 2241
        },
        {
          "frame": 195,
          "witness": 2242
        },
        {
          "frame": 196,
          "witness": 2243
        },
        {
          "frame": 197,
          "witness": 2244
        },
        {
          "frame": 198,
          "witness": 2245
        },
        {
          "frame": 199,
          "witness": 2246
        },
        {
          "frame": 200,
          "witness": 2247
        },
        {
          "frame": 201,
          "witness": 2248
        },
        {
          "frame": 202,
          "witness": 2249
        },
        {
          "frame": 203,
          "witness": 2250
        },
        {
          "frame": 204,
          "witness": 2251
        },
        {
          "frame": 205,
          "witness": 2252
        },
        {
          "frame": 206,
          "witness": 2253
        },
        {
          "frame": 207,
          "witness": 2254
        },
        {
          "frame": 208,
          "witness": 2255
        },
        {
          "frame": 209,
          "witness": 2256
        },
        {
          "frame": 210,
          "witness": 2257
        }
      ]
    }
  ]
}
