Loading user config located at: '/data/ebulochkin/vla-runtime/isaac-isaac61/kit/data/Kit/IsaacLab/3.0/user.config.json'
2026-10-09T12:32:44Z [Info] [carb] Logging to file: /data/ebulochkin/vla-runtime/isaac-isaac61/kit/logs/Kit/IsaacLab/3.0/kit_20261009_153244.log
2026-10-09T12:32:44Z [4ms] [Warning] [omni.ext.plugin] [ext: isaaclab_assets] Extensions config 'extension.toml' doesn't exist '/data/vla-infrastructure/isaac61_production/IsaacLab/source/isaaclab_assets' or '/data/vla-infrastructure/isaac61_production/IsaacLab/source/isaaclab_assets/config'
2026-10-09T12:32:44Z [4ms] [Warning] [omni.ext.plugin] [ext: isaaclab_contrib] Extensions config 'extension.toml' doesn't exist '/data/vla-infrastructure/isaac61_production/IsaacLab/source/isaaclab_contrib' or '/data/vla-infrastructure/isaac61_production/IsaacLab/source/isaaclab_contrib/config'
2026-10-09T12:32:44Z [4ms] [Warning] [omni.ext.plugin] [ext: isaaclab_ov] Extensions config 'extension.toml' doesn't exist '/data/vla-infrastructure/isaac61_production/IsaacLab/source/isaaclab_ov' or '/data/vla-infrastructure/isaac61_production/IsaacLab/source/isaaclab_ov/config'
2026-10-09T12:32:44Z [4ms] [Warning] [omni.ext.plugin] [ext: isaaclab_tasks] Extensions config 'extension.toml' doesn't exist '/data/vla-infrastructure/isaac61_production/IsaacLab/source/isaaclab_tasks' or '/data/vla-infrastructure/isaac61_production/IsaacLab/source/isaaclab_tasks/config'
2026-10-09T12:32:44Z [8ms] [Warning] [omni.ext.plugin] [ext: isaaclab_teleop] Extensions config 'extension.toml' doesn't exist '/data/vla-infrastructure/isaac61_production/IsaacLab/source/isaaclab_teleop' or '/data/vla-infrastructure/isaac61_production/IsaacLab/source/isaaclab_teleop/config'
2026-10-09T12:32:44Z [28ms] [Warning] [omni.ext.plugin] [ext: isaaclab_visualizers] Extensions config 'extension.toml' doesn't exist '/data/vla-infrastructure/isaac61_production/IsaacLab/source/isaaclab_visualizers' or '/data/vla-infrastructure/isaac61_production/IsaacLab/source/isaaclab_visualizers/config'
2026-10-09T12:32:44Z [29ms] [Warning] [omni.ext.plugin] [ext: isaaclab_ovphysx] Extensions config 'extension.toml' doesn't exist '/data/vla-infrastructure/isaac61_production/IsaacLab/source/isaaclab_ovphysx' or '/data/vla-infrastructure/isaac61_production/IsaacLab/source/isaaclab_ovphysx/config'
2026-10-09T12:32:44Z [29ms] [Warning] [omni.ext.plugin] [ext: isaaclab_physx] Extensions config 'extension.toml' doesn't exist '/data/vla-infrastructure/isaac61_production/IsaacLab/source/isaaclab_physx' or '/data/vla-infrastructure/isaac61_production/IsaacLab/source/isaaclab_physx/config'
2026-10-09T12:32:44Z [30ms] [Warning] [omni.ext.plugin] [ext: isaaclab_newton] Extensions config 'extension.toml' doesn't exist '/data/vla-infrastructure/isaac61_production/IsaacLab/source/isaaclab_newton' or '/data/vla-infrastructure/isaac61_production/IsaacLab/source/isaaclab_newton/config'
2026-10-09T12:32:44Z [31ms] [Warning] [omni.ext.plugin] [ext: isaaclab] Extensions config 'extension.toml' doesn't exist '/data/vla-infrastructure/isaac61_production/IsaacLab/source/isaaclab' or '/data/vla-infrastructure/isaac61_production/IsaacLab/source/isaaclab/config'
2026-10-09T12:32:44Z [32ms] [Warning] [omni.ext.plugin] [ext: isaaclab_mimic] Extensions config 'extension.toml' doesn't exist '/data/vla-infrastructure/isaac61_production/IsaacLab/source/isaaclab_mimic' or '/data/vla-infrastructure/isaac61_production/IsaacLab/source/isaaclab_mimic/config'
2026-10-09T12:32:44Z [32ms] [Warning] [omni.ext.plugin] [ext: isaaclab_tasks_experimental] Extensions config 'extension.toml' doesn't exist '/data/vla-infrastructure/isaac61_production/IsaacLab/source/isaaclab_tasks_experimental' or '/data/vla-infrastructure/isaac61_production/IsaacLab/source/isaaclab_tasks_experimental/config'
2026-10-09T12:32:44Z [34ms] [Warning] [omni.ext.plugin] [ext: isaaclab_rl] Extensions config 'extension.toml' doesn't exist '/data/vla-infrastructure/isaac61_production/IsaacLab/source/isaaclab_rl' or '/data/vla-infrastructure/isaac61_production/IsaacLab/source/isaaclab_rl/config'
2026-10-09T12:32:44Z [35ms] [Warning] [omni.ext.plugin] [ext: isaaclab_experimental] Extensions config 'extension.toml' doesn't exist '/data/vla-infrastructure/isaac61_production/IsaacLab/source/isaaclab_experimental' or '/data/vla-infrastructure/isaac61_production/IsaacLab/source/isaaclab_experimental/config'
WARNING: All log messages before absl::InitializeLog() is called are written to STDERR
E0000 00:00:1791549164.141960 2697015 descriptor_database.cc:633] File already exists in database: grpc/health/v1/health.proto
W0000 00:00:1791549164.141983 2697015 message.cc:301] Protobuf GeneratedMessageFactory: File is already registered: grpc/health/v1/health.proto
2026-10-09T12:32:44Z [35ms] [Warning] [omni.ext.plugin] [ext: isaaclab_ppisp] Extensions config 'extension.toml' doesn't exist '/data/vla-infrastructure/isaac61_production/IsaacLab/source/isaaclab_ppisp' or '/data/vla-infrastructure/isaac61_production/IsaacLab/source/isaaclab_ppisp/config'
2026-10-09T12:32:44Z [295ms] [Warning] [omni.platforminfo.plugin] failed to open the default display.  Can't verify X Server version.
2026-10-09T12:32:44Z [512ms] [Warning] [carb.windowing-glfw.plugin] GLFW initialization failed.
2026-10-09T12:32:44Z [512ms] [Warning] [carb] Failed to startup plugin carb.windowing-glfw.plugin (interfaces: [carb::windowing::IGLContext v1.0],[carb::windowing::IWindowing v1.5]) (impl: carb.windowing-glfw.plugin)
2026-10-09T12:32:44Z [580ms] [Warning] [omni.rtx] Skipping unsupported non-NVIDIA GPU: Intel(R) Graphics (RPL-S)
2026-10-09T12:32:44Z [581ms] [Warning] [omni.rtx] Skipping unsupported non-NVIDIA GPU: Intel(R) Graphics (RPL-S)

|---------------------------------------------------------------------------------------------|
| Driver Version: 580.159.03    | Graphics API: Vulkan
|=============================================================================================|
| GPU | Name                             | Active | LDA | GPU Memory | Vendor-ID | LUID       |
|     |                                  |        |     |            | Device-ID | UUID       |
|     |                                  |        |     |            | Bus-ID    |            |
|---------------------------------------------------------------------------------------------|
| 0   | NVIDIA GeForce RTX 4090          | Yes: 0 |     | 24564   MB | 10de      | 0          |
|     |                                  |        |     |            | 2684      | 0b554a02.. |
|     |                                  |        |     |            | 1         |            |
|---------------------------------------------------------------------------------------------|
| 1   | Intel(R) Graphics (RPL-S)        |        |     | 23894   MB | 8086      | 0          |
|     |                                  |        |     |            | a780      | 868080a7.. |
|     |                                  |        |     |            | 0         |            |
|=============================================================================================|
| OS: 22.04.5 LTS (Jammy Jellyfish) ubuntu, Version: 22.04.5, Kernel: 6.8.0-124-generic
| Processor: 13th Gen Intel(R) Core(TM) i7-13700K
| Bare Metal Cores: 16 | Bare Metal Logical Cores: 32
| Available Cores:  24 
|---------------------------------------------------------------------------------------------|
| Total Memory (MB): 31859 | Free Memory: 27205
| Total Page/Swap (MB): 67583 | Free Page/Swap: 64445
|---------------------------------------------------------------------------------------------|
2026-10-09T12:32:44Z [812ms] [Warning] [omni.rtx] CPU performance profile is set to powersave. This profile sets the CPU to the lowest frequency reducing performance.
2026-10-09T12:32:44Z [819ms] [Warning] [omni.rtx] IOMMU is enabled.
2026-10-09T12:32:45Z [1,240ms] [Warning] [carb.windowing-glfw.plugin] GLFW initialization failed.
2026-10-09T12:32:45Z [1,240ms] [Warning] [carb] Failed to startup plugin carb.windowing-glfw.plugin (interfaces: [carb::windowing::IGLContext v1.0],[carb::windowing::IWindowing v1.5]) (impl: carb.windowing-glfw.plugin)
2026-10-09T12:32:45Z [1,300ms] [Warning] [omni.log] Source: omni.hydra was already registered.
2026-10-09T12:32:45Z [1,317ms] [Warning] [carb.windowing-glfw.plugin] GLFW initialization failed.
2026-10-09T12:32:45Z [1,317ms] [Warning] [carb] Failed to startup plugin carb.windowing-glfw.plugin (interfaces: [carb::windowing::IGLContext v1.0],[carb::windowing::IWindowing v1.5]) (impl: carb.windowing-glfw.plugin)
2026-10-09T12:32:45Z [1,318ms] [Warning] [carb.windowing-glfw.plugin] GLFW initialization failed.
2026-10-09T12:32:45Z [1,318ms] [Warning] [carb] Failed to startup plugin carb.windowing-glfw.plugin (interfaces: [carb::windowing::IGLContext v1.0],[carb::windowing::IWindowing v1.5]) (impl: carb.windowing-glfw.plugin)
[ISAACLAB] AppLauncher initialization complete
[ISAACLAB] Kit version: 110.3.0+feature.371399.00c488ae.gl
[ISAACLAB] Kit kernel:  210.3.2+release.14366.2926fc80.gl
[ISAACLAB] Kit hash:    00c488ae
Traceback (most recent call last):
  File "/home/ebulochkin/vla_infrastructure/docs/experiments/20261009_live_camera_recording_30hz/deep_research/full_scene_probe.py", line 200, in <module>
    ns = runpy.run_path(str(ROOT / "tools/run_isaac_s1.py"), run_name="deep_shared_base")
         ^^^^^^^^^^^^^^^^^^^^^^^^^^^^^^^^^^^^^^^^^^^^^^^^^^^^^^^^^^^^^^^^^^^^^^^^^^^^^^^^
  File "<frozen runpy>", line 287, in run_path
  File "<frozen runpy>", line 98, in _run_module_code
  File "<frozen runpy>", line 88, in _run_code
  File "/home/ebulochkin/vla_infrastructure/tools/run_isaac_s1.py", line 273, in <module>
    preflight_episode_recorder()
  File "/home/ebulochkin/vla_infrastructure/tools/isaac_episode_recorder_preflight.py", line 96, in preflight_episode_recorder
    module = importlib.import_module(EXTENSION_NAME)
             ^^^^^^^^^^^^^^^^^^^^^^^^^^^^^^^^^^^^^^^
  File "/data/vla-infrastructure/python/cpython-3.12.13-linux-x86_64-gnu/lib/python3.12/importlib/__init__.py", line 90, in import_module
    return _bootstrap._gcd_import(name[level:], package, level)
           ^^^^^^^^^^^^^^^^^^^^^^^^^^^^^^^^^^^^^^^^^^^^^^^^^^^^
  File "<frozen importlib._bootstrap>", line 1387, in _gcd_import
  File "<frozen importlib._bootstrap>", line 1360, in _find_and_load
  File "<frozen importlib._bootstrap>", line 1310, in _find_and_load_unlocked
  File "<frozen importlib._bootstrap>", line 488, in _call_with_frames_removed
  File "<frozen importlib._bootstrap>", line 1387, in _gcd_import
  File "<frozen importlib._bootstrap>", line 1360, in _find_and_load
  File "<frozen importlib._bootstrap>", line 1324, in _find_and_load_unlocked
ModuleNotFoundError: No module named 'isaacsim.replicator'

2026-10-09T12:32:45Z [1,682ms] [Warning] [pxr.Semantics] pxr.Semantics is deprecated - please use Semantics instead
2026-10-09T12:32:45Z [1,729ms] [Warning] [omni.replicator.core.scripts.extension] No material configuration file, adding configuration to material settings directly.
2026-10-09T12:32:46Z [2,839ms] [Warning] [rtx.hydra] RenderDelegate : Warning /rtx/hydra/readTransformsFromFabricInRenderDelegate and geometry streaming are enabled together but this can cause issues with dynamic objects not streaming correctly due to problems in the transform update.
