Loading user config located at: '/data/ebulochkin/vla-runtime/isaac-isaac61/kit/data/Kit/IsaacLab/3.0/user.config.json'
2026-10-09T13:37:30Z [Info] [carb] Logging to file: /data/ebulochkin/vla-runtime/isaac-isaac61/kit/logs/Kit/IsaacLab/3.0/kit_20261009_163730.log
2026-10-09T13:37:30Z [57ms] [Warning] [omni.ext.plugin] [ext: isaaclab] Extensions config 'extension.toml' doesn't exist '/data/vla-infrastructure/isaac61_production/IsaacLab/source/isaaclab' or '/data/vla-infrastructure/isaac61_production/IsaacLab/source/isaaclab/config'
2026-10-09T13:37:30Z [57ms] [Warning] [omni.ext.plugin] [ext: isaaclab_physx] Extensions config 'extension.toml' doesn't exist '/data/vla-infrastructure/isaac61_production/IsaacLab/source/isaaclab_physx' or '/data/vla-infrastructure/isaac61_production/IsaacLab/source/isaaclab_physx/config'
2026-10-09T13:37:30Z [60ms] [Warning] [omni.ext.plugin] [ext: isaaclab_assets] Extensions config 'extension.toml' doesn't exist '/data/vla-infrastructure/isaac61_production/IsaacLab/source/isaaclab_assets' or '/data/vla-infrastructure/isaac61_production/IsaacLab/source/isaaclab_assets/config'
2026-10-09T13:37:30Z [60ms] [Warning] [omni.ext.plugin] [ext: isaaclab_ovphysx] Extensions config 'extension.toml' doesn't exist '/data/vla-infrastructure/isaac61_production/IsaacLab/source/isaaclab_ovphysx' or '/data/vla-infrastructure/isaac61_production/IsaacLab/source/isaaclab_ovphysx/config'
2026-10-09T13:37:30Z [61ms] [Warning] [omni.ext.plugin] [ext: isaaclab_contrib] Extensions config 'extension.toml' doesn't exist '/data/vla-infrastructure/isaac61_production/IsaacLab/source/isaaclab_contrib' or '/data/vla-infrastructure/isaac61_production/IsaacLab/source/isaaclab_contrib/config'
2026-10-09T13:37:30Z [61ms] [Warning] [omni.ext.plugin] [ext: isaaclab_ppisp] Extensions config 'extension.toml' doesn't exist '/data/vla-infrastructure/isaac61_production/IsaacLab/source/isaaclab_ppisp' or '/data/vla-infrastructure/isaac61_production/IsaacLab/source/isaaclab_ppisp/config'
2026-10-09T13:37:30Z [61ms] [Warning] [omni.ext.plugin] [ext: isaaclab_rl] Extensions config 'extension.toml' doesn't exist '/data/vla-infrastructure/isaac61_production/IsaacLab/source/isaaclab_rl' or '/data/vla-infrastructure/isaac61_production/IsaacLab/source/isaaclab_rl/config'
2026-10-09T13:37:30Z [61ms] [Warning] [omni.ext.plugin] [ext: isaaclab_teleop] Extensions config 'extension.toml' doesn't exist '/data/vla-infrastructure/isaac61_production/IsaacLab/source/isaaclab_teleop' or '/data/vla-infrastructure/isaac61_production/IsaacLab/source/isaaclab_teleop/config'
2026-10-09T13:37:30Z [61ms] [Warning] [omni.ext.plugin] [ext: isaaclab_visualizers] Extensions config 'extension.toml' doesn't exist '/data/vla-infrastructure/isaac61_production/IsaacLab/source/isaaclab_visualizers' or '/data/vla-infrastructure/isaac61_production/IsaacLab/source/isaaclab_visualizers/config'
2026-10-09T13:37:30Z [62ms] [Warning] [omni.ext.plugin] [ext: isaaclab_newton] Extensions config 'extension.toml' doesn't exist '/data/vla-infrastructure/isaac61_production/IsaacLab/source/isaaclab_newton' or '/data/vla-infrastructure/isaac61_production/IsaacLab/source/isaaclab_newton/config'
2026-10-09T13:37:30Z [62ms] [Warning] [omni.ext.plugin] [ext: isaaclab_mimic] Extensions config 'extension.toml' doesn't exist '/data/vla-infrastructure/isaac61_production/IsaacLab/source/isaaclab_mimic' or '/data/vla-infrastructure/isaac61_production/IsaacLab/source/isaaclab_mimic/config'
2026-10-09T13:37:30Z [63ms] [Warning] [omni.ext.plugin] [ext: isaaclab_tasks] Extensions config 'extension.toml' doesn't exist '/data/vla-infrastructure/isaac61_production/IsaacLab/source/isaaclab_tasks' or '/data/vla-infrastructure/isaac61_production/IsaacLab/source/isaaclab_tasks/config'
2026-10-09T13:37:30Z [63ms] [Warning] [omni.ext.plugin] [ext: isaaclab_experimental] Extensions config 'extension.toml' doesn't exist '/data/vla-infrastructure/isaac61_production/IsaacLab/source/isaaclab_experimental' or '/data/vla-infrastructure/isaac61_production/IsaacLab/source/isaaclab_experimental/config'
2026-10-09T13:37:30Z [64ms] [Warning] [omni.ext.plugin] [ext: isaaclab_tasks_experimental] Extensions config 'extension.toml' doesn't exist '/data/vla-infrastructure/isaac61_production/IsaacLab/source/isaaclab_tasks_experimental' or '/data/vla-infrastructure/isaac61_production/IsaacLab/source/isaaclab_tasks_experimental/config'
WARNING: All log messages before absl::InitializeLog() is called are written to STDERR
E0000 00:00:1791553050.904057 2781616 descriptor_database.cc:633] File already exists in database: grpc/health/v1/health.proto
W0000 00:00:1791553050.904079 2781616 message.cc:301] Protobuf GeneratedMessageFactory: File is already registered: grpc/health/v1/health.proto
2026-10-09T13:37:30Z [65ms] [Warning] [omni.ext.plugin] [ext: isaaclab_ov] Extensions config 'extension.toml' doesn't exist '/data/vla-infrastructure/isaac61_production/IsaacLab/source/isaaclab_ov' or '/data/vla-infrastructure/isaac61_production/IsaacLab/source/isaaclab_ov/config'
[0.106s] [ext: omni.assets.plugins-0.0.0] startup
[0.107s] [ext: omni.blobkey-1.1.2] startup
[0.107s] [ext: omni.kit.async_engine-0.0.3] startup
[0.145s] [ext: omni.client.lib-1.1.1] startup
[0.152s] [ext: omni.client-1.3.0] startup
[0.155s] [ext: omni.protobuf.lib-1.0.1] startup
[0.156s] [ext: omni.grpc.lib-1.0.0] startup
[0.159s] [ext: omni.metrics.core-0.0.3] startup
[0.159s] [ext: omni.datastore-0.0.0] startup
[0.159s] [ext: omni.gpu_foundation.shadercache.vulkan-1.0.0] startup
[0.161s] [ext: omni.hsscclient-1.1.4] startup
[0.161s] [ext: omni.stats-1.0.1] startup
[0.162s] [ext: omni.ujitso.default-1.0.0] startup
[0.165s] [ext: omni.gpu_foundation-0.0.0] startup
[0.332s] [ext: carb.windowing.plugins-1.0.1] startup
[0.332s] [ext: omni.kit.renderer.init-1.0.1] startup
2026-10-09T13:37:31Z [329ms] [Warning] [omni.platforminfo.plugin] failed to open the default display.  Can't verify X Server version.
2026-10-09T13:37:31Z [485ms] [Warning] [carb.windowing-glfw.plugin] GLFW initialization failed.
2026-10-09T13:37:31Z [485ms] [Warning] [carb] Failed to startup plugin carb.windowing-glfw.plugin (interfaces: [carb::windowing::IGLContext v1.0],[carb::windowing::IWindowing v1.5]) (impl: carb.windowing-glfw.plugin)
2026-10-09T13:37:31Z [553ms] [Warning] [omni.rtx] Skipping unsupported non-NVIDIA GPU: Intel(R) Graphics (RPL-S)
2026-10-09T13:37:31Z [553ms] [Warning] [omni.rtx] Skipping unsupported non-NVIDIA GPU: Intel(R) Graphics (RPL-S)

|---------------------------------------------------------------------------------------------|
| Driver Version: 580.159.03    | Graphics API: Vulkan
|=============================================================================================|
| GPU | Name                             | Active | LDA | GPU Memory | Vendor-ID | LUID       |
|     |                                  |        |     |            | Device-ID | UUID       |
|     |                                  |        |     |            | Bus-ID    |            |
|---------------------------------------------------------------------------------------------|
| 0   | NVIDIA GeForce RTX 4090          | Yes: 0 |     | 24564   MB | 10de      | 0          |
|     |                                  |        |     |            | 2684      | 0b554a02.. |
|     |                                  |        |     |            | 1         |            |
|---------------------------------------------------------------------------------------------|
| 1   | Intel(R) Graphics (RPL-S)        |        |     | 23894   MB | 8086      | 0          |
|     |                                  |        |     |            | a780      | 868080a7.. |
|     |                                  |        |     |            | 0         |            |
|=============================================================================================|
| OS: 22.04.5 LTS (Jammy Jellyfish) ubuntu, Version: 22.04.5, Kernel: 6.8.0-124-generic
| Processor: 13th Gen Intel(R) Core(TM) i7-13700K
| Bare Metal Cores: 16 | Bare Metal Logical Cores: 32
| Available Cores:  24 
|---------------------------------------------------------------------------------------------|
| Total Memory (MB): 31859 | Free Memory: 26724
| Total Page/Swap (MB): 67583 | Free Page/Swap: 64437
|---------------------------------------------------------------------------------------------|
2026-10-09T13:37:31Z [778ms] [Warning] [omni.rtx] CPU performance profile is set to powersave. This profile sets the CPU to the lowest frequency reducing performance.
2026-10-09T13:37:31Z [786ms] [Warning] [omni.rtx] IOMMU is enabled.
[1.070s] [ext: omni.kit.pipapi-0.0.0] startup
[1.071s] [ext: omni.kit.telemetry-0.5.2] startup
[1.089s] [ext: omni.kit.loop-isaac-1.6.2] startup
[1.090s] [ext: omni.kit.test-2.1.1] startup
[1.121s] [ext: omni.materialx.libs-1.0.9] startup
[1.126s] [ext: omni.gpucompute.plugins-0.0.0] startup
[1.127s] [ext: omni.usd.config-1.0.8] startup
[1.129s] [ext: omni.usd.libs-1.0.3] startup
[1.204s] [ext: omni.iray.libs-0.0.1] startup
[1.207s] [ext: omni.mdl-57.0.6] startup
[1.222s] [ext: omni.mdl.neuraylib-0.2.22] startup
[1.223s] [ext: omni.kit.usd.mdl-1.1.11] startup
[1.308s] [ext: omni.appwindow-1.2.2] startup
[1.310s] [ext: omni.kit.renderer.core-1.3.1] startup
2026-10-09T13:37:32Z [1,292ms] [Warning] [carb.windowing-glfw.plugin] GLFW initialization failed.
2026-10-09T13:37:32Z [1,292ms] [Warning] [carb] Failed to startup plugin carb.windowing-glfw.plugin (interfaces: [carb::windowing::IGLContext v1.0],[carb::windowing::IWindowing v1.5]) (impl: carb.windowing-glfw.plugin)
[1.336s] [ext: omni.kit.renderer.capture-2.0.1] startup
[1.338s] [ext: omni.kit.renderer.imgui-2.1.0] startup
2026-10-09T13:37:32Z [1,311ms] [Warning] [carb.windowing-glfw.plugin] GLFW initialization failed.
2026-10-09T13:37:32Z [1,311ms] [Warning] [carb] Failed to startup plugin carb.windowing-glfw.plugin (interfaces: [carb::windowing::IGLContext v1.0],[carb::windowing::IWindowing v1.5]) (impl: carb.windowing-glfw.plugin)
2026-10-09T13:37:32Z [1,312ms] [Warning] [carb.windowing-glfw.plugin] GLFW initialization failed.
2026-10-09T13:37:32Z [1,312ms] [Warning] [carb] Failed to startup plugin carb.windowing-glfw.plugin (interfaces: [carb::windowing::IGLContext v1.0],[carb::windowing::IWindowing v1.5]) (impl: carb.windowing-glfw.plugin)
[1.382s] [ext: omni.ui-3.3.1] startup
[1.388s] [ext: omni.kit.mainwindow-1.0.4] startup
[1.389s] [ext: carb.audio-0.1.0] startup
[1.391s] [ext: omni.uiaudio-1.0.0] startup
[1.392s] [ext: omni.kit.uiapp-0.0.0] startup
[1.392s] [ext: omni.usd.schema.metrics.assembler-110.1.0] startup
[1.394s] [ext: omni.usd.schema.anim-0.0.1] startup
[1.407s] [ext: omni.usd.schema.audio-0.0.1] startup
[1.409s] [ext: omni.usd.schema.geospatial-0.0.1] startup
[1.411s] [ext: omni.usd.schema.semantics-0.0.0] startup
[1.412s] [ext: omni.activity.core-1.0.4] startup
[1.413s] [ext: omni.cubric-0.1.0] startup
[1.413s] [ext: omni.graph.exec-0.9.6] startup
[1.413s] [ext: omni.usd_resolver-1.0.0] startup
[1.415s] [ext: omni.usd.core-1.10.10] startup
[1.418s] [ext: omni.hydra.scene_delegate-0.3.5] startup
[1.421s] [ext: usdrt.scenegraph-7.6.3] startup
[1.438s] [ext: omni.hydra.usdrt_delegate-7.5.2] startup
[1.443s] [ext: omni.kit.actions.core-1.2.0] startup
[1.444s] [ext: omni.kit.audiodeviceenum-1.0.2] startup
[1.445s] [ext: omni.kit.commands-1.5.0] startup
[1.447s] [ext: omni.kit.exec.core-0.13.6] startup
[1.448s] [ext: omni.kit.usd_undo-0.1.8] startup
[1.448s] [ext: omni.kit.window.popup_dialog-2.0.26] startup
[1.450s] [ext: omni.kit.widget.connection_manager-1.0.3] startup
[1.454s] [ext: omni.timeline-1.1.0] startup
[1.455s] [ext: omni.usd-1.18.0] startup
[1.495s] [ext: omni.kit.asset_converter-6.0.5] startup
2026-10-09T13:37:32Z [1,466ms] [Warning] [asset_converter_native_bindings._bootstrap] A different OpenUSD (pxr) build was already imported from /data/vla-infrastructure/isaac61_production/env/lib/python3.12/site-packages/isaacsim/extscache/omni.usd.schema.physx-110.3.2+110.3.0.lx64.r.cp312.u7f4/pxr before usd-convert-asset loaded. The host pxr bindings will remain in use rather than reloading the bundled OpenUSD at /data/vla-infrastructure/isaac61_production/env/lib/python3.12/site-packages/isaacsim/extscache/omni.kit.asset_converter-6.0.5+110.1.1.lx64.r.cp312.u7f4/asset_converter_native_bindings/libs/lib/python/pxr, /data/vla-infrastructure/isaac61_production/env/lib/python3.12/site-packages/isaacsim/extscache/omni.kit.asset_converter-6.0.5+110.1.1.lx64.r.cp312.u7f4/asset_converter_native_bindings/libs/python/pxr. Mixing USD builds in one process can cause ABI and singleton conflicts; prefer importing usd_convert_asset first, or run the converter in a separate process/venv when mixing unrelated USD builds.
[1.506s] [ext: omni.usd.schema.newton-1.4.0] startup
[1.507s] [ext: omni.usd.schema.mujoco-1.1.4] startup
[1.508s] [ext: omni.usd.schema.omni_dome_light-1.0.0] startup
[1.509s] [ext: omni.usd.schema.omni_projectors-1.0.0] startup
[1.509s] [ext: omni.usd.schema.omni_sensors-0.0.0] startup
[1.516s] [ext: omni.usd.schema.omnigraph-1.0.1] startup
[1.521s] [ext: omni.usd.schema.physical_lighting-0.1.0] startup
[1.524s] [ext: omni.usd.schema.physx-110.3.2] startup
[1.548s] [ext: omni.usd.schema.render_settings.rtx-1.0.3] startup
[1.551s] [ext: omni.usd.schema.usd_particle_field-1.0.0] startup
[1.551s] [ext: omni.kit.clipboard-1.1.1] startup
[1.552s] [ext: omni.kit.menu.core-1.3.0] startup
[1.552s] [ext: omni.kit.usd.layers-2.7.2] startup
[1.558s] [ext: omni.kit.widget.context_menu-1.5.0] startup
[1.559s] [ext: omni.kit.context_menu-1.10.0] startup
[1.562s] [ext: omni.kit.helper.file_utils-0.1.10] startup
[1.563s] [ext: omni.kit.hotkeys.core-1.4.0] startup
[1.565s] [ext: omni.kit.menu.utils-2.2.8] startup
[1.567s] [ext: omni.kit.notification_manager-1.0.16] startup
[1.568s] [ext: omni.kit.stage_template.core-1.1.23] startup
[1.569s] [ext: omni.kit.widget.path_field-2.0.13] startup
[1.569s] [ext: omni.kit.widget.browser_bar-2.0.11] startup
[1.569s] [ext: omni.kit.widget.filebrowser-2.14.0] startup
[1.572s] [ext: omni.kit.widget.options_menu-1.1.7] startup
[1.573s] [ext: omni.kit.widget.filter-1.1.8] startup
[1.574s] [ext: omni.kit.widget.nucleus_connector-2.4.0] startup
[1.574s] [ext: omni.kit.widget.options_button-1.0.3] startup
[1.574s] [ext: omni.kit.widget.prompt-1.0.7] startup
[1.575s] [ext: omni.kit.widget.searchfield-1.1.8] startup
[1.575s] [ext: omni.ui.scene-2.0.4] startup
[1.579s] [ext: omni.kit.window.filepicker-3.0.14] startup
[1.589s] [ext: omni.kit.window.file_exporter-1.0.38] startup
[1.590s] [ext: omni.kit.widget.stage-4.6.5] startup
[1.596s] [ext: omni.kit.window.content_browser_registry-0.0.6] startup
[1.597s] [ext: omni.kit.window.drop_support-1.0.8] startup
[1.597s] [ext: omni.kit.window.file_importer-1.1.22] startup
[1.597s] [ext: omni.kit.window.file-2.0.15] startup
[1.600s] [ext: omni.kit.window.content_browser-3.1.12] startup
[1.607s] [ext: omni.kit.widget.layers-1.9.3] startup
[1.615s] [ext: omni.inspect-1.0.2] startup
[1.616s] [ext: omni.graph.core-3.1.5] startup
[1.618s] [ext: isaacsim.core.deprecation_manager-0.4.4] startup
[1.619s] [ext: isaacsim.core.version-2.2.1] startup
[1.620s] [ext: omni.graph.tools-1.81.0] startup
[1.635s] [ext: omni.graph-1.142.5] startup
[1.661s] [ext: omni.graph.action_core-1.1.9] startup
[1.663s] [ext: omni.graph.action_nodes_core-2.11.0] startup
[1.666s] [ext: omni.graph.action_nodes-2.11.0] startup
[1.687s] [ext: omni.graph.action-2.10.2] startup
[1.688s] [ext: omni.hydra.engine.stats-1.0.5] startup
[1.690s] [ext: omni.hydra.rtx.shadercache.vulkan-1.0.0] startup
[1.691s] [ext: omni.index.libs-392300.961.0] startup
[1.691s] [ext: omni.index-1.0.1] startup
[1.692s] [ext: omni.ujitso.client-0.0.0] startup
[1.692s] [ext: omni.usd.schema.playback-1.1.0] startup
[1.693s] [ext: omni.volume-0.5.2] startup
[1.697s] [ext: omni.hydra.rtx-1.0.4] startup
2026-10-09T13:37:32Z [1,681ms] [Warning] [omni.log] Source: omni.hydra was already registered.
[1.727s] [ext: omni.kit.hydra_texture-1.6.2] startup
[1.730s] [ext: omni.kit.manipulator.viewport-107.0.1] startup
[1.731s] [ext: omni.kit.material.library-3.1.7] startup
[1.735s] [ext: omni.kit.raycast.query-1.2.0] startup
[1.739s] [ext: omni.kit.viewport.legacy_gizmos-1.0.24] startup
[1.741s] [ext: omni.kit.viewport.registry-104.0.6] startup
[1.742s] [ext: omni.kit.viewport.scene_camera_model-1.0.7] startup
[1.745s] [ext: omni.kit.widget.viewport-110.0.0] startup
[1.748s] [ext: omni.kit.viewport.window-110.0.1] startup
[1.757s] [ext: omni.kit.viewport.utility-2.1.0] startup
[1.758s] [ext: omni.graph.visualization.nodes-2.1.4] startup
[1.772s] [ext: omni.kit.property.adapter.core-1.1.1] startup
[1.774s] [ext: omni.kit.property.adapter.usd-1.0.6] startup
[1.775s] [ext: omni.kit.widget.highlight_label-1.0.3] startup
[1.775s] [ext: omni.kit.window.property-1.15.2] startup
[1.789s] [ext: omni.kit.property.usd-4.9.14] startup
[1.796s] [ext: omni.kit.widget.text_editor-1.1.1] startup
[1.797s] [ext: omni.kit.window.extensions-1.5.16] startup
[1.802s] [ext: omni.physics-110.3.2] startup
[1.805s] [ext: isaacsim.gui.components-1.8.9] startup
[1.809s] [ext: isaacsim.simulation_app-2.19.0] startup
[1.810s] [ext: isaacsim.storage.native-1.11.0] startup
[1.811s] [ext: omni.kit.primitive.mesh-1.1.1] startup
[1.814s] [ext: omni.kit.stage_templates-2.0.3] startup
[1.816s] [ext: omni.anim.curve.core-1.6.1] startup
[1.825s] [ext: omni.convexdecomposition-110.3.2] startup
[1.828s] [ext: omni.graph.image.core-0.6.1] startup
[1.828s] [ext: omni.graph.image.nodes-1.3.2] startup
[1.829s] [ext: omni.graph.nodes_core-2.11.0] startup
[1.835s] [ext: omni.graph.nodes-2.12.0] startup
[1.840s] [ext: omni.graph.scriptnode-2.10.2] startup
[1.847s] [ext: omni.graph.ui_nodes-2.11.1] startup
[1.871s] [ext: omni.kit.manipulator.camera-110.1.0] startup
[1.874s] [ext: omni.kit.manipulator.selector-1.1.4] startup
[1.875s] [ext: omni.kit.widget.searchable_combobox-1.0.7] startup
[1.876s] [ext: omni.kit.widget.settings-2.0.1] startup
[1.878s] [ext: omni.kit.window.preferences-1.8.5] startup
[1.882s] [ext: omni.kit.manipulator.transform-107.0.1] startup
[1.885s] [ext: omni.kit.widget.toolbar-2.1.0] startup
[1.889s] [ext: omni.kit.manipulator.tool.snap-1.5.15] startup
[1.893s] [ext: omni.kit.viewport.manipulator.transform-107.0.4] startup
[1.894s] [ext: omni.kit.manipulator.prim.core-108.0.2] startup
[1.898s] [ext: omni.kit.manipulator.prim.usd-107.0.3] startup
[1.899s] [ext: omni.kit.manipulator.prim-108.0.0] startup
[1.899s] [ext: omni.kit.manipulator.selection-110.0.0] startup
[1.900s] [ext: omni.kit.menu.create-2.0.2] startup
[1.902s] [ext: omni.kit.widget.stage_icons-1.0.8] startup
[1.902s] [ext: omni.kit.window.stage-2.6.1] startup
[1.905s] [ext: omni.kit.menu.stage-1.2.7] startup
[1.906s] [ext: omni.kit.property.audio-1.0.18] startup
[1.909s] [ext: omni.kit.property.camera-1.0.14] startup
[1.910s] [ext: omni.kit.property.geometry-2.1.2] startup
[1.913s] [ext: omni.kit.property.light-1.0.16] startup
[1.959s] [ext: omni.kit.property.material-1.14.10] startup
[1.964s] [ext: omni.kit.property.render-1.2.2] startup
[1.965s] [ext: omni.kit.property.transform-1.6.12] startup
[1.968s] [ext: omni.kit.property.bundle-1.5.2] startup
[1.969s] [ext: omni.kit.stagerecorder.core-110.0.14] startup
[1.973s] [ext: omni.kit.stagerecorder.ui-110.0.2] startup
[1.975s] [ext: omni.kit.stagerecorder.bundle-110.0.2] startup
[1.975s] [ext: omni.kit.usd.collect-3.0.6] startup
[1.977s] [ext: omni.kit.usdz_export-1.1.1] startup
[1.979s] [ext: omni.kit.tool.asset_importer-6.0.2] startup
[1.983s] [ext: omni.kit.tool.collect-2.2.19] startup
[1.985s] [ext: omni.kit.ui.actions-1.0.5] startup
[1.990s] [ext: omni.kit.viewport.actions-110.1.0] startup
[1.993s] [ext: omni.kit.viewport.menubar.core-110.0.3] startup
[2.002s] [ext: omni.kit.viewport.menubar.camera-107.0.14] startup
[2.005s] [ext: omni.kit.viewport.menubar.display-110.0.0] startup
[2.007s] [ext: omni.kit.viewport.menubar.lighting-107.3.2] startup
[2.008s] [ext: omni.kit.viewport.menubar.render-110.1.1] startup
[2.010s] [ext: omni.kit.viewport.menubar.settings-110.0.1] startup
[2.013s] [ext: omni.kit.window.console-1.1.10] startup
[2.015s] [ext: omni.kit.window.script_editor-2.0.10] startup
[2.017s] [ext: omni.kit.window.status_bar-0.1.11] startup
[2.019s] [ext: omni.kit.window.toolbar-3.0.3] startup
[2.021s] [ext: omni.ocio-0.1.1] startup
[2.022s] [ext: omni.physx.gpu-110.3.2] startup
[2.022s] [ext: omni.physx.foundation-110.3.2] startup
[2.023s] [ext: omni.usdphysics-110.3.2] startup
[2.025s] [ext: omni.physx.cooking-110.3.2] startup
[2.027s] [ext: omni.physx-110.3.2] startup
[2.034s] [ext: omni.physics.physx-110.3.2] startup
[2.036s] [ext: omni.physics.stageupdate-110.3.2] startup
[2.038s] [ext: omni.physics.tensors-110.3.2] startup
[2.041s] [ext: omni.physx.fabric-110.3.2] startup
[2.044s] [ext: omni.physx.tensors-110.3.2] startup
[2.047s] [ext: omni.rtx.window.settings-0.8.2] startup
[2.050s] [ext: omni.rtx.settings.core-0.7.1] startup
[2.052s] [ext: omni.usd.metrics.assembler-110.1.2] startup
[2.055s] [ext: omni.usdWarning: Possible version incompatibility. Attempting to load omni::fabric::IStageReaderWriter with version v0.16 against v0.14.
.metrics.assembler.ui-110.1.1] startup
[2.060s] [ext: omni.kit.menu.common-2.0.2] startup
[2.061s] [ext: isaaclab.python-3.0.0] startup
[2.062s] [ext: omni.fabric.commands-2.0.0] startup
[2.064s] [ext: omni.kit.scene_view.xr-1.0.4] startup
[2.068s] [ext: omni.kit.scene_view.xr_utils-1.0.2] startup
[2.073s] [ext: omni.ui_query-1.1.12] startup
[2.074s] [ext: omni.kit.ui_test-1.5.3] startup
[2.075s] [ext: omni.kit.xr.core-109.1.0] startup
2026-10-09T13:37:32Z [2,048ms] [Warning] [omni.usd] HydraEngineManager::findEngineUidImpl - can't find hydra engine for name: 'rtx', index: 4294967295, context ptr: 0x74958f92ab90
[2.104s] [ext: omni.kit.xr.system.openxr-109.1.0] startup
[2.108s] [ext: omni.kit.xr.ui.window.viewport-109.0.0] startup
[2.111s] [ext: omni.kit.xr.ui.window.profile-109.0.0] startup
[2.118s] [ext: omni.syntheticdata-0.6.17] startup
[2.147s] [ext: omni.replicator.nv-1.1.6] startup
[2.152s] [ext: omni.videoencoding-0.2.1] startup
[2.154s] [ext: omni.replicator.core-1.13.36] startup
2026-10-09T13:37:32Z [2,132ms] [Warning] [pxr.Semantics] pxr.Semantics is deprecated - please use Semantics instead
2026-10-09T13:37:32Z [2,189ms] [Warning] [omni.replicator.core.scripts.extension] No material configuration file, adding configuration to material settings directly.
[2.464s] [ext: isaaclab.python.xr.openxr-3.0.0] startup
[2.464s] [ext: isaaclab.python.xr.openxr.headless-3.0.0] startup
[2.464s] [ext: isaacsim.core.experimental.utils-0.23.0] startup
[2.465s] [ext: omni.usdex.libs-2.3.0] startup
[2.473s] [ext: isaacsim.core.simulation_manager-1.17.1] startup
[2.482s] [ext: isaacsim.test.docstring-1.3.2] startup
[2.485s] [ext: isaacsim.core.experimental.prims-1.10.8] startup
[2.496s] [ext: isaacsim.core.experimental.primdata-0.3.6] startup
[2.499s] [ext: isaacsim.replicator.episode_recorder-0.1.6] startup
[2.504s] Simulation App Starting
2026-10-09T13:37:33Z [2,536ms] [Warning] [carb.audio.device] audio device is misconfigured or broken {deviceIndex = 0, name = 'default'} (The device is likely misconfigured, check your $HOME/.asoundrc)
2026-10-09T13:37:33Z [2,536ms] [Warning] [carb.audio.output] failed to retrieve the capabilities for device 0 {result = eDeviceLost (2)}
2026-10-09T13:37:33Z [2,536ms] [Warning] [carb.audio.context] failed to set the requested output during context creation.  Using a null streamer instead {result = eDeviceLost (2)}
2026-10-09T13:37:33Z [3,040ms] [Warning] [rtx.hydra] RenderDelegate : Warning /rtx/hydra/readTransformsFromFabricInRenderDelegate and geometry streaming are enabled together but this can cause issues with dynamic objects not streaming correctly due to problems in the transform update.
[3.204s] Simulation App Startup Complete
[3.212s] app ready
[ISAACLAB] AppLauncher initialization complete
[ISAACLAB] Kit version: 110.3.0+feature.371399.00c488ae.gl
[ISAACLAB] Kit kernel:  210.3.2+release.14366.2926fc80.gl
[ISAACLAB] Kit hash:    00c488ae
[S1] loading checked configuration
LOG in xrCreateInstance: Instance created
	createInfo->applicationInfo.applicationName: IsaacLab
	createInfo->applicationInfo.applicationVersion: 1
	createInfo->applicationInfo.engineName: Omniverse Kit XR
	createInfo->applicationInfo.engineVersion: 110003
	createInfo->applicationInfo.apiVersion: 1.1.53
	appinfo.detected.engine.name: Omniverse
	appinfo.detected.engine.version: 0.0.0
	quirks.disable_vulkan_format_depth: false
	quirks.disable_vulkan_format_depth_stencil: false
	quirks.disable_quad_views: true
	quirks.no_validation_error_in_create_ref_space: true
	quirks.skip_end_session: false
	quirks.parallel_views: false
	quirks.no_texture_source_alpha: false

[VR] profile=dual_cube_to_matching_plates physical_human_gate=required
[INFO]: Registered backend 'physx' for factory RigidObject.
[INFO]: Registered backend 'physx' for factory Articulation.
[INFO]: Registered backend 'physx' for factory ContactSensor.
[INFO]: Simulation parameters for joints in /World/LeftPiper:
+---------------------------------------------------------------------------------------------------------------------------------------------------------------------+
|                                                      Simulation Joint Information (Prim path: /World/LeftPiper)                                                     |
+-------+----------------+-----------+---------+----------+-----------------+------------------+------------------+-----------------+-----------------+---------------+
| Index | Name           | Stiffness | Damping | Armature | Static Friction | Dynamic Friction | Viscous Friction | Position Limits | Velocity Limits | Effort Limits |
+-------+----------------+-----------+---------+----------+-----------------+------------------+------------------+-----------------+-----------------+---------------+
|   0   | joint1         |  400.000  |  40.000 |  0.000   |      0.000      |      0.000       |      0.000       | [-2.618, 2.618] |      5.000      |    100.000    |
|   1   | joint2         |  400.000  |  40.000 |  0.000   |      0.000      |      0.000       |      0.000       |  [0.000, 3.142] |      5.000      |    100.000    |
|   2   | joint3         |  400.000  |  40.000 |  0.000   |      0.000      |      0.000       |      0.000       | [-2.967, 0.000] |      5.000      |    100.000    |
|   3   | joint4         |  400.000  |  40.000 |  0.000   |      0.000      |      0.000       |      0.000       | [-1.553, 1.553] |      5.000      |    100.000    |
|   4   | joint5         |  400.000  |  40.000 |  0.000   |      0.000      |      0.000       |      0.000       | [-1.553, 1.553] |      5.000      |    100.000    |
|   5   | joint6         |  400.000  |  40.000 |  0.000   |      0.000      |      0.000       |      0.000       | [-2.094, 2.094] |      5.000      |    100.000    |
|   6   | gripper        |  400.000  |  40.000 |  0.000   |      0.000      |      0.000       |      0.000       |  [0.000, 0.100] |      3.000      |     2.000     |
|   7   | gripper_joint1 |   0.000   |  0.000  |  0.000   |      0.000      |      0.000       |      0.000       |  [0.000, 0.050] |      3.000      |     1.000     |
|   8   | gripper_joint2 |   0.000   |  0.000  |  0.000   |      0.000      |      0.000       |      0.000       | [-0.050, 0.000] |      3.000      |     1.000     |
+-------+----------------+-----------+---------+----------+-----------------+------------------+------------------+-----------------+-----------------+---------------+
[INFO]: Simulation parameters for joints in /World/RightPiper:
+---------------------------------------------------------------------------------------------------------------------------------------------------------------------+
|                                                     Simulation Joint Information (Prim path: /World/RightPiper)                                                     |
+-------+----------------+-----------+---------+----------+-----------------+------------------+------------------+-----------------+-----------------+---------------+
| Index | Name           | Stiffness | Damping | Armature | Static Friction | Dynamic Friction | Viscous Friction | Position Limits | Velocity Limits | Effort Limits |
+-------+----------------+-----------+---------+----------+-----------------+------------------+------------------+-----------------+-----------------+---------------+
|   0   | joint1         |  400.000  |  40.000 |  0.000   |      0.000      |      0.000       |      0.000       | [-2.618, 2.618] |      5.000      |    100.000    |
|   1   | joint2         |  400.000  |  40.000 |  0.000   |      0.000      |      0.000       |      0.000       |  [0.000, 3.142] |      5.000      |    100.000    |
|   2   | joint3         |  400.000  |  40.000 |  0.000   |      0.000      |      0.000       |      0.000       | [-2.967, 0.000] |      5.000      |    100.000    |
|   3   | joint4         |  400.000  |  40.000 |  0.000   |      0.000      |      0.000       |      0.000       | [-1.553, 1.553] |      5.000      |    100.000    |
|   4   | joint5         |  400.000  |  40.000 |  0.000   |      0.000      |      0.000       |      0.000       | [-1.553, 1.553] |      5.000      |    100.000    |
|   5   | joint6         |  400.000  |  40.000 |  0.000   |      0.000      |      0.000       |      0.000       | [-2.094, 2.094] |      5.000      |    100.000    |
|   6   | gripper        |  400.000  |  40.000 |  0.000   |      0.000      |      0.000       |      0.000       |  [0.000, 0.100] |      3.000      |     2.000     |
|   7   | gripper_joint1 |   0.000   |  0.000  |  0.000   |      0.000      |      0.000       |      0.000       |  [0.000, 0.050] |      3.000      |     1.000     |
|   8   | gripper_joint2 |   0.000   |  0.000  |  0.000   |      0.000      |      0.000       |      0.000       | [-0.050, 0.000] |      3.000      |     1.000     |
+-------+----------------+-----------+---------+----------+-----------------+------------------+------------------+-----------------+-----------------+---------------+
/home/ebulochkin/vla_infrastructure/tools/isaac_vr_runtime.py:969: UserWarning: PhysX does not return a total contact force. This is a known limitation in PhysX and we are fixing it for the next release. Returning 'net_normal_forces_w'.
  float(np.linalg.norm(_cpu(sensor.data.net_forces_w), axis=-1).max(initial=0.0))
[DEMO] validation={'observation_capture': None, 'camera_rendering': 'usd_prims_only', 'camera_prim_valid': {'left_wrist': True, 'right_wrist': True, 'scene': True}, 'zed_mounts': {'left_wrist': {'root_path': '/World/LeftPiper/Geometry/world/base_link/link1/link2/link3/link4/link5/link6/flange_link/gripper_base/ZEDCamera', 'prim_path': '/World/LeftPiper/Geometry/world/base_link/link1/link2/link3/link4/link5/link6/flange_link/gripper_base/ZEDCamera/base_link/ZED_XONE_GS/Camera', 'usd': '/data/vla-infrastructure/assets/zed-isaac-sim/exts/sl.sensor.camera/data/usd/ZED_XONE_GS.usdc', 'desired_optical_matrix': [[-1.128272697492605e-08, -1.0000000101104936, -4.476568138400694e-08, 0.0], [-0.9986295407656665, -1.128272697492605e-08, 0.05233603472888548, 0.0], [-0.05233603472888548, 4.476568138400694e-08, -0.99862955087616, 0.0], [-0.06, 0.0, 0.01, 1.0]], 'authored_optical_matrix': [[0.0, -1.0000000000000004, 2.220446049250313e-16, 0.0], [-9.992007221626409e-16, 0.0, 1.0000000000000002, 0.0], [-1.0000000000000002, -2.220446049250313e-16, -1.3322676295501878e-15, 0.0], [0.028, 4.017068566816438e-32, 0.0155141094471127, 1.0]], 'mount_physics': 'parented_massless_no_collision', 'revision': '0164268ca123fa4549fc9d2062c1fd55cf7996dc', 'model': 'ZED_XONE_GS', 'resolution': 'SVGA', 'native_resolution': [960, 600], 'source_sha256': {'exts/sl.sensor.camera/sl/sensor/camera/__init__.py': '17e0e3f6728d88c75ab3b403aff44ea431deab135a8d03b4c9d3c56eddc18c7a', 'exts/sl.sensor.camera/sl/sensor/camera/utils.py': 'aa76d1a22bbc97ab5874c3aca77afcddbffa11a9659127f54005f31bf65e5ea0', 'exts/sl.sensor.camera/sl/sensor/camera/isaaclab_utils.py': 'de40752a386b4c7b59be07fbf91d771223eabc11c6c32fecbd23ff5361b4b7c4', 'exts/sl.sensor.camera/data/usd/ZED_XONE_GS.usdc': 'c93196a2a23cef9f5422ea848309143f1b4a2b8ba04974e3ea3e88c52ced6eb7'}, 'path': 'isaac_lab_authored_usd_sdk_free'}, 'right_wrist': {'root_path': '/World/RightPiper/Geometry/world/base_link/link1/link2/link3/link4/link5/link6/flange_link/gripper_base/ZEDCamera', 'prim_path': '/World/RightPiper/Geometry/world/base_link/link1/link2/link3/link4/link5/link6/flange_link/gripper_base/ZEDCamera/base_link/ZED_XONE_GS/Camera', 'usd': '/data/vla-infrastructure/assets/zed-isaac-sim/exts/sl.sensor.camera/data/usd/ZED_XONE_GS.usdc', 'desired_optical_matrix': [[-1.128272697492605e-08, -1.0000000101104936, -4.476568138400694e-08, 0.0], [-0.9986295407656665, -1.128272697492605e-08, 0.05233603472888548, 0.0], [-0.05233603472888548, 4.476568138400694e-08, -0.99862955087616, 0.0], [-0.06, 0.0, 0.01, 1.0]], 'authored_optical_matrix': [[0.0, -1.0000000000000004, 2.220446049250313e-16, 0.0], [-9.992007221626409e-16, 0.0, 1.0000000000000002, 0.0], [-1.0000000000000002, -2.220446049250313e-16, -1.3322676295501878e-15, 0.0], [0.028, 4.017068566816438e-32, 0.0155141094471127, 1.0]], 'mount_physics': 'parented_massless_no_collision', 'revision': '0164268ca123fa4549fc9d2062c1fd55cf7996dc', 'model': 'ZED_XONE_GS', 'resolution': 'SVGA', 'native_resolution': [960, 600], 'source_sha256': {'exts/sl.sensor.camera/sl/sensor/camera/__init__.py': '17e0e3f6728d88c75ab3b403aff44ea431deab135a8d03b4c9d3c56eddc18c7a', 'exts/sl.sensor.camera/sl/sensor/camera/utils.py': 'aa76d1a22bbc97ab5874c3aca77afcddbffa11a9659127f54005f31bf65e5ea0', 'exts/sl.sensor.camera/sl/sensor/camera/isaaclab_utils.py': 'de40752a386b4c7b59be07fbf91d771223eabc11c6c32fecbd23ff5361b4b7c4', 'exts/sl.sensor.camera/data/usd/ZED_XONE_GS.usdc': 'c93196a2a23cef9f5422ea848309143f1b4a2b8ba04974e3ea3e88c52ced6eb7'}, 'path': 'isaac_lab_authored_usd_sdk_free'}, 'scene': {'root_path': '/World/RobosynDemo/SceneCamera', 'prim_path': '/World/RobosynDemo/SceneCamera/base_link/ZED_XONE_GS/Camera', 'usd': '/data/vla-infrastructure/assets/zed-isaac-sim/exts/sl.sensor.camera/data/usd/ZED_XONE_GS.usdc', 'desired_optical_matrix': [[-0.09053571053065212, -0.9958932721335501, 8.790356886834161e-08, 0.0], [0.7027523997508567, -0.06388650676576368, 0.7085603010477186, 0.0], [-0.7056503908631306, 0.06415002802456371, 0.7056502911117644, 0.0], [0.1, 0.05, 1.43, 1.0]], 'authored_optical_matrix': [[0.0, -1.0000000000000004, 2.220446049250313e-16, 0.0], [-9.992007221626409e-16, 0.0, 1.0000000000000002, 0.0], [-1.0000000000000002, -2.220446049250313e-16, -1.3322676295501878e-15, 0.0], [0.028, 4.017068566816438e-32, 0.0155141094471127, 1.0]], 'mount_physics': 'parented_massless_no_collision', 'revision': '0164268ca123fa4549fc9d2062c1fd55cf7996dc', 'model': 'ZED_XONE_GS', 'resolution': 'SVGA', 'native_resolution': [960, 600], 'source_sha256': {'exts/sl.sensor.camera/sl/sensor/camera/__init__.py': '17e0e3f6728d88c75ab3b403aff44ea431deab135a8d03b4c9d3c56eddc18c7a', 'exts/sl.sensor.camera/sl/sensor/camera/utils.py': 'aa76d1a22bbc97ab5874c3aca77afcddbffa11a9659127f54005f31bf65e5ea0', 'exts/sl.sensor.camera/sl/sensor/camera/isaaclab_utils.py': 'de40752a386b4c7b59be07fbf91d771223eabc11c6c32fecbd23ff5361b4b7c4', 'exts/sl.sensor.camera/data/usd/ZED_XONE_GS.usdc': 'c93196a2a23cef9f5422ea848309143f1b4a2b8ba04974e3ea3e88c52ced6eb7'}, 'path': 'isaac_lab_authored_usd_sdk_free'}}, 'zed_pose_readback': {'left_wrist': {'max_matrix_error': 1.734723475976807e-18, 'passed': True, 'actual_optical_matrix': [[-1.128272697492605e-08, -1.0000000101104936, -4.476568138400694e-08, 0.0], [-0.9986295407656665, -1.128272697492605e-08, 0.05233603472888548, 0.0], [-0.05233603472888548, 4.476568138400694e-08, -0.99862955087616, 0.0], [-0.06, 2.0679515313825692e-25, 0.009999999999999998, 1.0]]}, 'right_wrist': {'max_matrix_error': 1.734723475976807e-18, 'passed': True, 'actual_optical_matrix': [[-1.128272697492605e-08, -1.0000000101104936, -4.476568138400694e-08, 0.0], [-0.9986295407656665, -1.128272697492605e-08, 0.05233603472888548, 0.0], [-0.05233603472888548, 4.476568138400694e-08, -0.99862955087616, 0.0], [-0.06, 2.0679515313825692e-25, 0.009999999999999998, 1.0]]}, 'scene': {'max_matrix_error': 1.1102230246251565e-16, 'passed': True, 'actual_optical_matrix': [[-0.09053571053065212, -0.9958932721335501, 8.790356886834161e-08, 0.0], [0.7027523997508567, -0.06388650676576368, 0.7085603010477186, 0.0], [-0.7056503908631305, 0.06415002802456371, 0.7056502911117644, 0.0], [0.1, 0.05, 1.43, 1.0]]}}, 'candidate_home_used': True, 'maximum_home_error_deg_or_mm': 0.0, 'finite_state': True, 'maximum_arm_contact_force_n': {'left': 0.0, 'right': 0.0}, 'collision_free_at_home': True, 'home_tcp_world_m': {'left': [0.5789288878440857, 0.17409226298332214, 1.0264804363250732], 'right': [0.5789288878440857, -0.17409202456474304, 1.0264804363250732]}, 'home_tcp_separation_m': 0.3481842875480652, 'maximum_profile_reset_position_error_m': 0.002000272274017334, 'wrist_shapes': {}, 'scene_camera': {'rendered': False}, 'imported_prim_valid': {}, 'required_prim_valid': {'/World/RobosynDemo/Table': True, '/World/RobosynDemo/Backdrop': True, '/World/LeftPiper': True, '/World/RightPiper': True, '/World/RobosynDemo/SceneCamera': True, '/World/RobosynDemo/LeftCube': True, '/World/RobosynDemo/RightCube': True, '/World/RobosynDemo/LeftPlate': True, '/World/RobosynDemo/RightPlate': True}, 'table_collision_api': True, 'passed': True}
[3.643s] [ext: omni.warp.core-1.16.0] startup
[3.648s] [ext: isaacsim.kit.xr.teleop.bridge-1.1.4] startup
2026-10-09T13:37:35Z [5,077ms] [Warning] [omni.usd] Encountered USD Warnings but USD Diagnostics are currently muted. To view USD Warnings, please set the '/persistent/app/usd/muteUsdDiagnostics' setting to false in Preferences page.
2026-10-09T13:37:36Z [5,629ms] [Warning] [omni.rtx] Requesting texture to use texture streaming, but the service isn't available.  The texture will be created as a regular resource.
2026-10-09T13:37:39Z [8,880ms] [Warning] [omni.kit.xr.core.plugin] Do not change async rendering mode while in XR mode, this may lead to errors and crashes
2026-10-09T13:37:43Z [12,764ms] [Warning] [carb] Plugin interface for a client: omni.hydratexture.plugin was already released.
2026-10-09T13:37:43Z [12,764ms] [Warning] [carb] Plugin interface for a client: omni.hydratexture.plugin was already released.
2026-10-09T13:37:43Z [12,764ms] [Warning] [carb] Plugin interface for a client: omni.hydratexture.plugin was already released.
[12.805s] Simulation App Shutting Down
