Loading user config located at: '/data/ebulochkin/vla-runtime/isaac-isaac61/kit/data/Kit/IsaacLab/3.0/user.config.json'
2026-10-09T12:50:51Z [Info] [carb] Logging to file: /data/ebulochkin/vla-runtime/isaac-isaac61/kit/logs/Kit/IsaacLab/3.0/kit_20261009_155051.log
2026-10-09T12:50:51Z [10ms] [Warning] [omni.ext.plugin] [ext: isaaclab_experimental] Extensions config 'extension.toml' doesn't exist '/data/vla-infrastructure/isaac61_production/IsaacLab/source/isaaclab_experimental' or '/data/vla-infrastructure/isaac61_production/IsaacLab/source/isaaclab_experimental/config'
2026-10-09T12:50:51Z [10ms] [Warning] [omni.ext.plugin] [ext: isaaclab_ov] Extensions config 'extension.toml' doesn't exist '/data/vla-infrastructure/isaac61_production/IsaacLab/source/isaaclab_ov' or '/data/vla-infrastructure/isaac61_production/IsaacLab/source/isaaclab_ov/config'
2026-10-09T12:50:51Z [11ms] [Warning] [omni.ext.plugin] [ext: isaaclab_rl] Extensions config 'extension.toml' doesn't exist '/data/vla-infrastructure/isaac61_production/IsaacLab/source/isaaclab_rl' or '/data/vla-infrastructure/isaac61_production/IsaacLab/source/isaaclab_rl/config'
2026-10-09T12:50:51Z [11ms] [Warning] [omni.ext.plugin] [ext: isaaclab_teleop] Extensions config 'extension.toml' doesn't exist '/data/vla-infrastructure/isaac61_production/IsaacLab/source/isaaclab_teleop' or '/data/vla-infrastructure/isaac61_production/IsaacLab/source/isaaclab_teleop/config'
2026-10-09T12:50:51Z [15ms] [Warning] [omni.ext.plugin] [ext: isaaclab_assets] Extensions config 'extension.toml' doesn't exist '/data/vla-infrastructure/isaac61_production/IsaacLab/source/isaaclab_assets' or '/data/vla-infrastructure/isaac61_production/IsaacLab/source/isaaclab_assets/config'
2026-10-09T12:50:51Z [16ms] [Warning] [omni.ext.plugin] [ext: isaaclab_mimic] Extensions config 'extension.toml' doesn't exist '/data/vla-infrastructure/isaac61_production/IsaacLab/source/isaaclab_mimic' or '/data/vla-infrastructure/isaac61_production/IsaacLab/source/isaaclab_mimic/config'
2026-10-09T12:50:51Z [16ms] [Warning] [omni.ext.plugin] [ext: isaaclab_tasks] Extensions config 'extension.toml' doesn't exist '/data/vla-infrastructure/isaac61_production/IsaacLab/source/isaaclab_tasks' or '/data/vla-infrastructure/isaac61_production/IsaacLab/source/isaaclab_tasks/config'
2026-10-09T12:50:51Z [18ms] [Warning] [omni.ext.plugin] [ext: isaaclab_newton] Extensions config 'extension.toml' doesn't exist '/data/vla-infrastructure/isaac61_production/IsaacLab/source/isaaclab_newton' or '/data/vla-infrastructure/isaac61_production/IsaacLab/source/isaaclab_newton/config'
2026-10-09T12:50:51Z [18ms] [Warning] [omni.ext.plugin] [ext: isaaclab_ppisp] Extensions config 'extension.toml' doesn't exist '/data/vla-infrastructure/isaac61_production/IsaacLab/source/isaaclab_ppisp' or '/data/vla-infrastructure/isaac61_production/IsaacLab/source/isaaclab_ppisp/config'
2026-10-09T12:50:51Z [21ms] [Warning] [omni.ext.plugin] [ext: isaaclab_visualizers] Extensions config 'extension.toml' doesn't exist '/data/vla-infrastructure/isaac61_production/IsaacLab/source/isaaclab_visualizers' or '/data/vla-infrastructure/isaac61_production/IsaacLab/source/isaaclab_visualizers/config'
2026-10-09T12:50:51Z [23ms] [Warning] [omni.ext.plugin] [ext: isaaclab_ovphysx] Extensions config 'extension.toml' doesn't exist '/data/vla-infrastructure/isaac61_production/IsaacLab/source/isaaclab_ovphysx' or '/data/vla-infrastructure/isaac61_production/IsaacLab/source/isaaclab_ovphysx/config'
2026-10-09T12:50:51Z [25ms] [Warning] [omni.ext.plugin] [ext: isaaclab] Extensions config 'extension.toml' doesn't exist '/data/vla-infrastructure/isaac61_production/IsaacLab/source/isaaclab' or '/data/vla-infrastructure/isaac61_production/IsaacLab/source/isaaclab/config'
2026-10-09T12:50:51Z [25ms] [Warning] [omni.ext.plugin] [ext: isaaclab_contrib] Extensions config 'extension.toml' doesn't exist '/data/vla-infrastructure/isaac61_production/IsaacLab/source/isaaclab_contrib' or '/data/vla-infrastructure/isaac61_production/IsaacLab/source/isaaclab_contrib/config'
2026-10-09T12:50:51Z [25ms] [Warning] [omni.ext.plugin] [ext: isaaclab_tasks_experimental] Extensions config 'extension.toml' doesn't exist '/data/vla-infrastructure/isaac61_production/IsaacLab/source/isaaclab_tasks_experimental' or '/data/vla-infrastructure/isaac61_production/IsaacLab/source/isaaclab_tasks_experimental/config'
WARNING: All log messages before absl::InitializeLog() is called are written to STDERR
E0000 00:00:1791550251.748333 2725073 descriptor_database.cc:633] File already exists in database: grpc/health/v1/health.proto
W0000 00:00:1791550251.748358 2725073 message.cc:301] Protobuf GeneratedMessageFactory: File is already registered: grpc/health/v1/health.proto
2026-10-09T12:50:51Z [25ms] [Warning] [omni.ext.plugin] [ext: isaaclab_physx] Extensions config 'extension.toml' doesn't exist '/data/vla-infrastructure/isaac61_production/IsaacLab/source/isaaclab_physx' or '/data/vla-infrastructure/isaac61_production/IsaacLab/source/isaaclab_physx/config'
2026-10-09T12:50:51Z [312ms] [Warning] [omni.platforminfo.plugin] failed to open the default display.  Can't verify X Server version.
2026-10-09T12:50:52Z [500ms] [Warning] [carb.windowing-glfw.plugin] GLFW initialization failed.
2026-10-09T12:50:52Z [500ms] [Warning] [carb] Failed to startup plugin carb.windowing-glfw.plugin (interfaces: [carb::windowing::IGLContext v1.0],[carb::windowing::IWindowing v1.5]) (impl: carb.windowing-glfw.plugin)
2026-10-09T12:50:52Z [643ms] [Warning] [omni.rtx] Skipping unsupported non-NVIDIA GPU: Intel(R) Graphics (RPL-S)
2026-10-09T12:50:52Z [644ms] [Warning] [omni.rtx] Skipping unsupported non-NVIDIA GPU: Intel(R) Graphics (RPL-S)

|---------------------------------------------------------------------------------------------|
| Driver Version: 580.159.03    | Graphics API: Vulkan
|=============================================================================================|
| GPU | Name                             | Active | LDA | GPU Memory | Vendor-ID | LUID       |
|     |                                  |        |     |            | Device-ID | UUID       |
|     |                                  |        |     |            | Bus-ID    |            |
|---------------------------------------------------------------------------------------------|
| 0   | NVIDIA GeForce RTX 4090          | Yes: 0 |     | 24564   MB | 10de      | 0          |
|     |                                  |        |     |            | 2684      | 0b554a02.. |
|     |                                  |        |     |            | 1         |            |
|---------------------------------------------------------------------------------------------|
| 1   | Intel(R) Graphics (RPL-S)        |        |     | 23894   MB | 8086      | 0          |
|     |                                  |        |     |            | a780      | 868080a7.. |
|     |                                  |        |     |            | 0         |            |
|=============================================================================================|
| OS: 22.04.5 LTS (Jammy Jellyfish) ubuntu, Version: 22.04.5, Kernel: 6.8.0-124-generic
| Processor: 13th Gen Intel(R) Core(TM) i7-13700K
| Bare Metal Cores: 16 | Bare Metal Logical Cores: 32
| Available Cores:  24 
|---------------------------------------------------------------------------------------------|
| Total Memory (MB): 31859 | Free Memory: 22232
| Total Page/Swap (MB): 67583 | Free Page/Swap: 64446
|---------------------------------------------------------------------------------------------|
2026-10-09T12:50:52Z [1,000ms] [Warning] [omni.rtx] CPU performance profile is set to powersave. This profile sets the CPU to the lowest frequency reducing performance.
2026-10-09T12:50:52Z [1,010ms] [Warning] [omni.rtx] IOMMU is enabled.
2026-10-09T12:50:53Z [1,576ms] [Warning] [carb.windowing-glfw.plugin] GLFW initialization failed.
2026-10-09T12:50:53Z [1,576ms] [Warning] [carb] Failed to startup plugin carb.windowing-glfw.plugin (interfaces: [carb::windowing::IGLContext v1.0],[carb::windowing::IWindowing v1.5]) (impl: carb.windowing-glfw.plugin)
2026-10-09T12:50:53Z [1,649ms] [Warning] [omni.log] Source: omni.hydra was already registered.
2026-10-09T12:50:53Z [1,674ms] [Warning] [carb.windowing-glfw.plugin] GLFW initialization failed.
2026-10-09T12:50:53Z [1,674ms] [Warning] [carb] Failed to startup plugin carb.windowing-glfw.plugin (interfaces: [carb::windowing::IGLContext v1.0],[carb::windowing::IWindowing v1.5]) (impl: carb.windowing-glfw.plugin)
2026-10-09T12:50:53Z [1,675ms] [Warning] [carb.windowing-glfw.plugin] GLFW initialization failed.
2026-10-09T12:50:53Z [1,675ms] [Warning] [carb] Failed to startup plugin carb.windowing-glfw.plugin (interfaces: [carb::windowing::IGLContext v1.0],[carb::windowing::IWindowing v1.5]) (impl: carb.windowing-glfw.plugin)
[ISAACLAB] AppLauncher initialization complete
[ISAACLAB] Kit version: 110.3.0+feature.371399.00c488ae.gl
[ISAACLAB] Kit kernel:  210.3.2+release.14366.2926fc80.gl
[ISAACLAB] Kit hash:    00c488ae
[S1] loading checked configuration
[VR] profile=dual_cube_to_matching_plates physical_human_gate=required
[INFO]: Registered backend 'physx' for factory RigidObject.
[INFO]: Registered backend 'physx' for factory Articulation.
[INFO]: Registered backend 'physx' for factory ContactSensor.
2026-10-09T12:50:53Z [2,044ms] [Warning] [pxr.Semantics] pxr.Semantics is deprecated - please use Semantics instead
2026-10-09T12:50:53Z [2,117ms] [Warning] [omni.replicator.core.scripts.extension] No material configuration file, adding configuration to material settings directly.
2026-10-09T12:50:54Z [3,232ms] [Warning] [rtx.hydra] RenderDelegate : Warning /rtx/hydra/readTransformsFromFabricInRenderDelegate and geometry streaming are enabled together but this can cause issues with dynamic objects not streaming correctly due to problems in the transform update.
2026-10-09T12:50:59Z [7,426ms] [Warning] [omni.usd] Encountered USD Warnings but USD Diagnostics are currently muted. To view USD Warnings, please set the '/persistent/app/usd/muteUsdDiagnostics' setting to false in Preferences page.
2026-10-09T12:50:59Z [7,539ms] [Error] [omni.physx.tensors.plugin] CUDA error: out of memory: /builds/omniverse/physics/omni/ovruntime/source/omni.physx.tensors/plugins/gpu/CudaCommon.h: 96
2026-10-09T12:50:59Z [7,539ms] [Error] [omni.physx.tensors.plugin] Unable to allocate memory of size 671088640 for mGpuContactPairsDev
2026-10-09T12:50:59Z [7,595ms] [Error] [omni.physx.tensors.plugin] CUDA error: out of memory: /builds/omniverse/physics/omni/ovruntime/source/omni.physx.tensors/plugins/gpu/CudaKernels.cu: 1140
2026-10-09T12:50:59Z [7,595ms] [Error] [omni.physx.tensors.plugin] Failed to fetch rigid body tranforms
[INFO]: Simulation parameters for joints in /World/LeftPiper:
+---------------------------------------------------------------------------------------------------------------------------------------------------------------------+
|                                                      Simulation Joint Information (Prim path: /World/LeftPiper)                                                     |
+-------+----------------+-----------+---------+----------+-----------------+------------------+------------------+-----------------+-----------------+---------------+
| Index | Name           | Stiffness | Damping | Armature | Static Friction | Dynamic Friction | Viscous Friction | Position Limits | Velocity Limits | Effort Limits |
+-------+----------------+-----------+---------+----------+-----------------+------------------+------------------+-----------------+-----------------+---------------+
|   0   | joint1         |  400.000  |  40.000 |  0.000   |      0.000      |      0.000       |      0.000       | [-2.618, 2.618] |      5.000      |    100.000    |
|   1   | joint2         |  400.000  |  40.000 |  0.000   |      0.000      |      0.000       |      0.000       |  [0.000, 3.142] |      5.000      |    100.000    |
|   2   | joint3         |  400.000  |  40.000 |  0.000   |      0.000      |      0.000       |      0.000       | [-2.967, 0.000] |      5.000      |    100.000    |
|   3   | joint4         |  400.000  |  40.000 |  0.000   |      0.000      |      0.000       |      0.000       | [-1.553, 1.553] |      5.000      |    100.000    |
|   4   | joint5         |  400.000  |  40.000 |  0.000   |      0.000      |      0.000       |      0.000       | [-1.553, 1.553] |      5.000      |    100.000    |
|   5   | joint6         |  400.000  |  40.000 |  0.000   |      0.000      |      0.000       |      0.000       | [-2.094, 2.094] |      5.000      |    100.000    |
|   6   | gripper        |  400.000  |  40.000 |  0.000   |      0.000      |      0.000       |      0.000       |  [0.000, 0.100] |      3.000      |     2.000     |
|   7   | gripper_joint1 |   0.000   |  0.000  |  0.000   |      0.000      |      0.000       |      0.000       |  [0.000, 0.050] |      3.000      |     1.000     |
|   8   | gripper_joint2 |   0.000   |  0.000  |  0.000   |      0.000      |      0.000       |      0.000       | [-0.050, 0.000] |      3.000      |     1.000     |
+-------+----------------+-----------+---------+----------+-----------------+------------------+------------------+-----------------+-----------------+---------------+
[INFO]: Simulation parameters for joints in /World/RightPiper:
+---------------------------------------------------------------------------------------------------------------------------------------------------------------------+
|                                                     Simulation Joint Information (Prim path: /World/RightPiper)                                                     |
+-------+----------------+-----------+---------+----------+-----------------+------------------+------------------+-----------------+-----------------+---------------+
| Index | Name           | Stiffness | Damping | Armature | Static Friction | Dynamic Friction | Viscous Friction | Position Limits | Velocity Limits | Effort Limits |
+-------+----------------+-----------+---------+----------+-----------------+------------------+------------------+-----------------+-----------------+---------------+
|   0   | joint1         |  400.000  |  40.000 |  0.000   |      0.000      |      0.000       |      0.000       | [-2.618, 2.618] |      5.000      |    100.000    |
|   1   | joint2         |  400.000  |  40.000 |  0.000   |      0.000      |      0.000       |      0.000       |  [0.000, 3.142] |      5.000      |    100.000    |
|   2   | joint3         |  400.000  |  40.000 |  0.000   |      0.000      |      0.000       |      0.000       | [-2.967, 0.000] |      5.000      |    100.000    |
|   3   | joint4         |  400.000  |  40.000 |  0.000   |      0.000      |      0.000       |      0.000       | [-1.553, 1.553] |      5.000      |    100.000    |
|   4   | joint5         |  400.000  |  40.000 |  0.000   |      0.000      |      0.000       |      0.000       | [-1.553, 1.553] |      5.000      |    100.000    |
|   5   | joint6         |  400.000  |  40.000 |  0.000   |      0.000      |      0.000       |      0.000       | [-2.094, 2.094] |      5.000      |    100.000    |
|   6   | gripper        |  400.000  |  40.000 |  0.000   |      0.000      |      0.000       |      0.000       |  [0.000, 0.100] |      3.000      |     2.000     |
|   7   | gripper_joint1 |   0.000   |  0.000  |  0.000   |      0.000      |      0.000       |      0.000       |  [0.000, 0.050] |      3.000      |     1.000     |
|   8   | gripper_joint2 |   0.000   |  0.000  |  0.000   |      0.000      |      0.000       |      0.000       | [-0.050, 0.000] |      3.000      |     1.000     |
+-------+----------------+-----------+---------+----------+-----------------+------------------+------------------+-----------------+-----------------+---------------+
Traceback (most recent call last):
  File "/home/ebulochkin/vla_infrastructure/docs/experiments/20261009_live_camera_recording_30hz/deep_research/full_scene_probe.py", line 214, in <module>
    ns["main"]()
  File "/home/ebulochkin/vla_infrastructure/tools/run_isaac_s1.py", line 1125, in main
    return run_vr(
           ^^^^^^^
  File "/home/ebulochkin/vla_infrastructure/tools/isaac_vr_runtime.py", line 1460, in run_vr
    sim.reset()
  File "/data/vla-infrastructure/isaac61_production/IsaacLab/source/isaaclab/isaaclab/sim/simulation_context.py", line 769, in reset
    self.physics_manager.reset(soft)
  File "/data/vla-infrastructure/isaac61_production/IsaacLab/source/isaaclab_physx/isaaclab_physx/physics/physx_manager.py", line 487, in reset
    cls.raise_callback_exception_if_any()
  File "/data/vla-infrastructure/isaac61_production/IsaacLab/source/isaaclab_physx/isaaclab_physx/physics/physx_manager.py", line 640, in raise_callback_exception_if_any
    raise exc
  File "/data/vla-infrastructure/isaac61_production/IsaacLab/source/isaaclab/isaaclab/physics/physics_manager.py", line 603, in safe_callback_invoke
    fn(*args)
  File "/data/vla-infrastructure/isaac61_production/IsaacLab/source/isaaclab/isaaclab/assets/asset_base.py", line 441, in _invoke
    getattr(obj_ref, callback_name)(event)
  File "/data/vla-infrastructure/isaac61_production/IsaacLab/source/isaaclab/isaaclab/assets/asset_base.py", line 481, in _initialize_callback
    self._initialize_impl()
  File "/data/vla-infrastructure/isaac61_production/IsaacLab/source/isaaclab_physx/isaaclab_physx/assets/rigid_object/rigid_object.py", line 1017, in _initialize_impl
    self._create_buffers()
  File "/data/vla-infrastructure/isaac61_production/IsaacLab/source/isaaclab_physx/isaaclab_physx/assets/rigid_object/rigid_object.py", line 1032, in _create_buffers
    self._instantaneous_wrench_composer = WrenchComposer(self)
                                          ^^^^^^^^^^^^^^^^^^^^
  File "/data/vla-infrastructure/isaac61_production/IsaacLab/source/isaaclab/isaaclab/utils/wrench_composer.py", line 69, in __init__
    if hasattr(self._asset.data, "body_com_pos_w"):
       ^^^^^^^^^^^^^^^^^^^^^^^^^^^^^^^^^^^^^^^^^^^
  File "/data/vla-infrastructure/isaac61_production/IsaacLab/source/isaaclab_physx/isaaclab_physx/assets/rigid_object/rigid_object_data.py", line 747, in body_com_pos_w
    parent = self.body_com_pose_w
             ^^^^^^^^^^^^^^^^^^^^
  File "/data/vla-infrastructure/isaac61_production/IsaacLab/source/isaaclab_physx/isaaclab_physx/assets/rigid_object/rigid_object_data.py", line 408, in body_com_pose_w
    parent = self.root_com_pose_w
             ^^^^^^^^^^^^^^^^^^^^
  File "/data/vla-infrastructure/isaac61_production/IsaacLab/source/isaaclab_physx/isaaclab_physx/assets/rigid_object/rigid_object_data.py", line 319, in root_com_pose_w
    self.root_link_pose_w,
    ^^^^^^^^^^^^^^^^^^^^^
  File "/data/vla-infrastructure/isaac61_production/IsaacLab/source/isaaclab_physx/isaaclab_physx/assets/rigid_object/rigid_object_data.py", line 268, in root_link_pose_w
    self._root_link_pose_w.data = self._root_view.get_transforms().view(wp.transformf)
                                  ^^^^^^^^^^^^^^^^^^^^^^^^^^^^^^^^
  File "/data/vla-infrastructure/isaac61_production/env/lib/python3.12/site-packages/isaacsim/extscache/omni.physics.tensors-110.3.2+110.3.0.lx64.r.cp312.u7f4/omni/physics/tensors/api.py", line 3309, in get_transforms
    raise Exception("Failed to get rigid body transforms from backend")
Exception: Failed to get rigid body transforms from backend

2026-10-09T12:51:00Z [8,775ms] [Warning] [omni.usd] Unexpected reference count of 2 for UsdStage 'anon:0x17e35e10:World0.usd' while being closed in UsdContext (this may indicate it is still resident in memory).
