{
  "dataset_admissible": false,
  "source_hdf": "/data/ebulochkin/vla-runtime/live30-deep-20261009/full-cpu-poll-contention/episode/session.hdf5",
  "source_hdf_sha256": "a8788a8607c7fbfba7c7546cc5c92d8ab099286955027462144007d2d67f1bc4",
  "source_stage_sha256": "1b441b2568720220083415b9d6bbc17bf0b27a02933285629d97493a0b67076e",
  "source_manifest_sha256": "cfc3d7ba208851b162106e27709850b296bec67a673ace9bd303742d282a1ef7",
  "paths": [
    "/World/LeftPiper",
    "/World/LeftPiper/Geometry/world/base_link",
    "/World/LeftPiper/Geometry/world/base_link/link1",
    "/World/LeftPiper/Geometry/world/base_link/link1/link2",
    "/World/LeftPiper/Geometry/world/base_link/link1/link2/link3",
    "/World/LeftPiper/Geometry/world/base_link/link1/link2/link3/link4",
    "/World/LeftPiper/Geometry/world/base_link/link1/link2/link3/link4/link5",
    "/World/LeftPiper/Geometry/world/base_link/link1/link2/link3/link4/link5/link6",
    "/World/LeftPiper/Geometry/world/base_link/link1/link2/link3/link4/link5/link6/flange_link",
    "/World/LeftPiper/Geometry/world/base_link/link1/link2/link3/link4/link5/link6/flange_link/gripper_base",
    "/World/LeftPiper/Geometry/world/base_link/link1/link2/link3/link4/link5/link6/flange_link/gripper_base/gripper_link",
    "/World/LeftPiper/Geometry/world/base_link/link1/link2/link3/link4/link5/link6/flange_link/gripper_base/gripper_link1",
    "/World/LeftPiper/Geometry/world/base_link/link1/link2/link3/link4/link5/link6/flange_link/gripper_base/gripper_link2",
    "/World/RightPiper",
    "/World/RightPiper/Geometry/world/base_link",
    "/World/RightPiper/Geometry/world/base_link/link1",
    "/World/RightPiper/Geometry/world/base_link/link1/link2",
    "/World/RightPiper/Geometry/world/base_link/link1/link2/link3",
    "/World/RightPiper/Geometry/world/base_link/link1/link2/link3/link4",
    "/World/RightPiper/Geometry/world/base_link/link1/link2/link3/link4/link5",
    "/World/RightPiper/Geometry/world/base_link/link1/link2/link3/link4/link5/link6",
    "/World/RightPiper/Geometry/world/base_link/link1/link2/link3/link4/link5/link6/flange_link",
    "/World/RightPiper/Geometry/world/base_link/link1/link2/link3/link4/link5/link6/flange_link/gripper_base",
    "/World/RightPiper/Geometry/world/base_link/link1/link2/link3/link4/link5/link6/flange_link/gripper_base/gripper_link",
    "/World/RightPiper/Geometry/world/base_link/link1/link2/link3/link4/link5/link6/flange_link/gripper_base/gripper_link1",
    "/World/RightPiper/Geometry/world/base_link/link1/link2/link3/link4/link5/link6/flange_link/gripper_base/gripper_link2",
    "/World/RobosynDemo/LeftCube",
    "/World/RobosynDemo/RightCube",
    "/World/LeftPiper/Geometry/world/base_link/link1/link2/link3/link4/link5/link6/flange_link/gripper_base/ZEDCamera/base_link/ZED_XONE_GS/Camera",
    "/World/RightPiper/Geometry/world/base_link/link1/link2/link3/link4/link5/link6/flange_link/gripper_base/ZEDCamera/base_link/ZED_XONE_GS/Camera",
    "/World/RobosynDemo/SceneCamera/base_link/ZED_XONE_GS/Camera"
  ],
  "cameras": [
    "/World/LeftPiper/Geometry/world/base_link/link1/link2/link3/link4/link5/link6/flange_link/gripper_base/ZEDCamera/base_link/ZED_XONE_GS/Camera",
    "/World/RightPiper/Geometry/world/base_link/link1/link2/link3/link4/link5/link6/flange_link/gripper_base/ZEDCamera/base_link/ZED_XONE_GS/Camera",
    "/World/RobosynDemo/SceneCamera/base_link/ZED_XONE_GS/Camera"
  ],
  "roles": [
    "left_wrist",
    "right_wrist",
    "scene"
  ],
  "rigid_bodies": [
    "/World/RobosynDemo/LeftCube",
    "/World/RobosynDemo/RightCube",
    "/World/RobosynDemo/ValidationProbe",
    "/World/LeftPiper/Geometry/world/base_link",
    "/World/LeftPiper/Geometry/world/base_link/link1",
    "/World/LeftPiper/Geometry/world/base_link/link1/link2",
    "/World/LeftPiper/Geometry/world/base_link/link1/link2/link3",
    "/World/LeftPiper/Geometry/world/base_link/link1/link2/link3/link4",
    "/World/LeftPiper/Geometry/world/base_link/link1/link2/link3/link4/link5",
    "/World/LeftPiper/Geometry/world/base_link/link1/link2/link3/link4/link5/link6",
    "/World/LeftPiper/Geometry/world/base_link/link1/link2/link3/link4/link5/link6/flange_link",
    "/World/LeftPiper/Geometry/world/base_link/link1/link2/link3/link4/link5/link6/flange_link/gripper_base",
    "/World/LeftPiper/Geometry/world/base_link/link1/link2/link3/link4/link5/link6/flange_link/gripper_base/gripper_link",
    "/World/LeftPiper/Geometry/world/base_link/link1/link2/link3/link4/link5/link6/flange_link/gripper_base/gripper_link1",
    "/World/LeftPiper/Geometry/world/base_link/link1/link2/link3/link4/link5/link6/flange_link/gripper_base/gripper_link2",
    "/World/RightPiper/Geometry/world/base_link",
    "/World/RightPiper/Geometry/world/base_link/link1",
    "/World/RightPiper/Geometry/world/base_link/link1/link2",
    "/World/RightPiper/Geometry/world/base_link/link1/link2/link3",
    "/World/RightPiper/Geometry/world/base_link/link1/link2/link3/link4",
    "/World/RightPiper/Geometry/world/base_link/link1/link2/link3/link4/link5",
    "/World/RightPiper/Geometry/world/base_link/link1/link2/link3/link4/link5/link6",
    "/World/RightPiper/Geometry/world/base_link/link1/link2/link3/link4/link5/link6/flange_link",
    "/World/RightPiper/Geometry/world/base_link/link1/link2/link3/link4/link5/link6/flange_link/gripper_base",
    "/World/RightPiper/Geometry/world/base_link/link1/link2/link3/link4/link5/link6/flange_link/gripper_base/gripper_link",
    "/World/RightPiper/Geometry/world/base_link/link1/link2/link3/link4/link5/link6/flange_link/gripper_base/gripper_link1",
    "/World/RightPiper/Geometry/world/base_link/link1/link2/link3/link4/link5/link6/flange_link/gripper_base/gripper_link2"
  ],
  "excluded_dynamic_bodies": [
    "/World/RobosynDemo/ValidationProbe"
  ],
  "episode_id": "episode_000000",
  "witness": true,
  "witness_helper_sha256": "b9a05e0975c8e69ac8b49376b06ef738a4c6c138a652a1bac016693573c1d783",
  "snapshot_helper_sha256": "99270e393a480cd38ff2c5cb032c0b102b5a8b29b390fc200498b319998fb08d",
  "count": 420,
  "scene_generation": "6539baae15c011d481e783979575078eb6b35641331c8a870f8f5b73c8fd554e",
  "snapshots_sha256": "6616d98d49f7257c654a4b44759d48b9d75d2588eb82c7adf5ecec5d91c47bf0"
}
