I: Initializing Version 2.75.1-release.7540+gl.d3c5c5b8
I: Client ID: 3LYF46N5
I: ThreadId(02) hub_client::client::Client::new Launching client mode=Shared with_cleaner=false cache_path=None cache_size=None
I: ThreadId(03) launch self=Launcher { discovery_lock: RwLock { lock: RwLock { inner: File { fd: 11, path: "/tmp/hub-ebulochkin.lock", read: false, write: true } } }, mode: Shared, with_cleaner: false, config_file: "/tmp/hub-ebulochkin-3ADB1138.config.json" } cmd="hub" "--mode=shared" "--write-config" "/tmp/hub-ebulochkin-3ADB1138.config.json" "--"
I: Not using Hub: Hub not found
Warp 1.16.0 initialized:
   CUDA Toolkit 12.9, Driver 13.0
   Devices:
     "cpu"      : "x86_64"
     "cuda:0"   : "NVIDIA GeForce RTX 4090" (24 GiB, sm_89, mempool enabled)
   Kernel cache:
     /home/ebulochkin/.cache/warp/1.16.0
{
  "dataset_admissible": false,
  "live_xr_qualified": false,
  "mode": "HDF replay standalone dynamic mirror",
  "input": "/data/ebulochkin/vla-runtime/live30-deep-20261009/ovrtx-live-prepare-gpu",
  "source_hdf_sha256": "a8788a8607c7fbfba7c7546cc5c92d8ab099286955027462144007d2d67f1bc4",
  "witness": true,
  "excluded_dynamic_bodies": [
    "/World/RobosynDemo/ValidationProbe"
  ],
  "paths": [
    "/World/LeftPiper",
    "/World/LeftPiper/Geometry/world/base_link",
    "/World/LeftPiper/Geometry/world/base_link/link1",
    "/World/LeftPiper/Geometry/world/base_link/link1/link2",
    "/World/LeftPiper/Geometry/world/base_link/link1/link2/link3",
    "/World/LeftPiper/Geometry/world/base_link/link1/link2/link3/link4",
    "/World/LeftPiper/Geometry/world/base_link/link1/link2/link3/link4/link5",
    "/World/LeftPiper/Geometry/world/base_link/link1/link2/link3/link4/link5/link6",
    "/World/LeftPiper/Geometry/world/base_link/link1/link2/link3/link4/link5/link6/flange_link",
    "/World/LeftPiper/Geometry/world/base_link/link1/link2/link3/link4/link5/link6/flange_link/gripper_base",
    "/World/LeftPiper/Geometry/world/base_link/link1/link2/link3/link4/link5/link6/flange_link/gripper_base/gripper_link",
    "/World/LeftPiper/Geometry/world/base_link/link1/link2/link3/link4/link5/link6/flange_link/gripper_base/gripper_link1",
    "/World/LeftPiper/Geometry/world/base_link/link1/link2/link3/link4/link5/link6/flange_link/gripper_base/gripper_link2",
    "/World/RightPiper",
    "/World/RightPiper/Geometry/world/base_link",
    "/World/RightPiper/Geometry/world/base_link/link1",
    "/World/RightPiper/Geometry/world/base_link/link1/link2",
    "/World/RightPiper/Geometry/world/base_link/link1/link2/link3",
    "/World/RightPiper/Geometry/world/base_link/link1/link2/link3/link4",
    "/World/RightPiper/Geometry/world/base_link/link1/link2/link3/link4/link5",
    "/World/RightPiper/Geometry/world/base_link/link1/link2/link3/link4/link5/link6",
    "/World/RightPiper/Geometry/world/base_link/link1/link2/link3/link4/link5/link6/flange_link",
    "/World/RightPiper/Geometry/world/base_link/link1/link2/link3/link4/link5/link6/flange_link/gripper_base",
    "/World/RightPiper/Geometry/world/base_link/link1/link2/link3/link4/link5/link6/flange_link/gripper_base/gripper_link",
    "/World/RightPiper/Geometry/world/base_link/link1/link2/link3/link4/link5/link6/flange_link/gripper_base/gripper_link1",
    "/World/RightPiper/Geometry/world/base_link/link1/link2/link3/link4/link5/link6/flange_link/gripper_base/gripper_link2",
    "/World/RobosynDemo/LeftCube",
    "/World/RobosynDemo/RightCube",
    "/World/LeftPiper/Geometry/world/base_link/link1/link2/link3/link4/link5/link6/flange_link/gripper_base/ZEDCamera/base_link/ZED_XONE_GS/Camera",
    "/World/RightPiper/Geometry/world/base_link/link1/link2/link3/link4/link5/link6/flange_link/gripper_base/ZEDCamera/base_link/ZED_XONE_GS/Camera",
    "/World/RobosynDemo/SceneCamera/base_link/ZED_XONE_GS/Camera",
    "/LiveWitness/r0_board",
    "/LiveWitness/r0_bit0",
    "/LiveWitness/r0_bit1",
    "/LiveWitness/r0_bit2",
    "/LiveWitness/r0_bit3",
    "/LiveWitness/r0_bit4",
    "/LiveWitness/r0_bit5",
    "/LiveWitness/r0_bit6",
    "/LiveWitness/r0_bit7",
    "/LiveWitness/r0_bit8",
    "/LiveWitness/r0_bit9",
    "/LiveWitness/r0_bit10",
    "/LiveWitness/r0_bit11",
    "/LiveWitness/r0_bit12",
    "/LiveWitness/r0_bit13",
    "/LiveWitness/r0_bit14",
    "/LiveWitness/r0_bit15",
    "/LiveWitness/r1_board",
    "/LiveWitness/r1_bit0",
    "/LiveWitness/r1_bit1",
    "/LiveWitness/r1_bit2",
    "/LiveWitness/r1_bit3",
    "/LiveWitness/r1_bit4",
    "/LiveWitness/r1_bit5",
    "/LiveWitness/r1_bit6",
    "/LiveWitness/r1_bit7",
    "/LiveWitness/r1_bit8",
    "/LiveWitness/r1_bit9",
    "/LiveWitness/r1_bit10",
    "/LiveWitness/r1_bit11",
    "/LiveWitness/r1_bit12",
    "/LiveWitness/r1_bit13",
    "/LiveWitness/r1_bit14",
    "/LiveWitness/r1_bit15",
    "/LiveWitness/r2_board",
    "/LiveWitness/r2_bit0",
    "/LiveWitness/r2_bit1",
    "/LiveWitness/r2_bit2",
    "/LiveWitness/r2_bit3",
    "/LiveWitness/r2_bit4",
    "/LiveWitness/r2_bit5",
    "/LiveWitness/r2_bit6",
    "/LiveWitness/r2_bit7",
    "/LiveWitness/r2_bit8",
    "/LiveWitness/r2_bit9",
    "/LiveWitness/r2_bit10",
    "/LiveWitness/r2_bit11",
    "/LiveWitness/r2_bit12",
    "/LiveWitness/r2_bit13",
    "/LiveWitness/r2_bit14",
    "/LiveWitness/r2_bit15"
  ],
  "source_rows": 420,
  "mean_ms": 15.362497263888889,
  "wall_hz": 65.09358360314255,
  "p95_ms": 16.1148951,
  "measured_frames": 360,
  "witness_mismatch_rows": [],
  "optical_phase_all_pass": false,
  "output_path": "owned GPU NVENC; offline optical verification required",
  "notes": "Worker timing includes snapshot freezing, transforms, render and output consumption; excludes startup/artifact saves/drain; no live producer/XR.",
  "gpu_consumer": {
    "dataset_admissible": false,
    "counts": [
      420,
      420,
      420
    ],
    "max_pending": [
      3,
      3,
      3
    ],
    "drain_ms": 94.777885,
    "cuda_device_max_connections": "1",
    "errors": [],
    "synchronization": "OVRTX map producer-event wait -> clone -> NVENC copy/encode on one stream; packet ordinal ACK owns lifetime",
    "pixel_alignment_proven": false
  },
  "including_drain_hz": 63.99684964841464
}
2026-10-09T13:38:42Z [193ms] [Warning] [omni.platforminfo.plugin] failed to open the default display.  Can't verify X Server version.
2026-10-09T13:38:42Z [706ms] [Warning] [omni.rtx] CPU performance profile is set to powersave. This profile sets the CPU to the lowest frequency reducing performance.
2026-10-09T13:38:42Z [707ms] [Warning] [omni.rtx] PCIe link generation current (1) and maximum (4) for device 0 don't match.
2026-10-09T13:38:42Z [707ms] [Warning] [omni.rtx] IOMMU is enabled.
