I: Initializing Version 2.75.1-release.7540+gl.d3c5c5b8
I: Client ID: GGHTSONV
I: ThreadId(02) hub_client::client::Client::new Launching client mode=Shared with_cleaner=false cache_path=None cache_size=None
I: ThreadId(03) launch self=Launcher { discovery_lock: RwLock { lock: RwLock { inner: File { fd: 11, path: "/tmp/hub-ebulochkin.lock", read: false, write: true } } }, mode: Shared, with_cleaner: false, config_file: "/tmp/hub-ebulochkin-E8605141.config.json" } cmd="hub" "--mode=shared" "--write-config" "/tmp/hub-ebulochkin-E8605141.config.json" "--"
I: Not using Hub: Hub not found
{
  "dataset_admissible": false,
  "live_xr_qualified": false,
  "mode": "HDF replay standalone dynamic mirror",
  "input": "/data/ebulochkin/vla-runtime/live30-deep-20261009/ovrtx-live-prepare-gpu",
  "source_hdf_sha256": "a8788a8607c7fbfba7c7546cc5c92d8ab099286955027462144007d2d67f1bc4",
  "witness": true,
  "excluded_dynamic_bodies": [
    "/World/RobosynDemo/ValidationProbe"
  ],
  "paths": [
    "/World/LeftPiper",
    "/World/LeftPiper/Geometry/world/base_link",
    "/World/LeftPiper/Geometry/world/base_link/link1",
    "/World/LeftPiper/Geometry/world/base_link/link1/link2",
    "/World/LeftPiper/Geometry/world/base_link/link1/link2/link3",
    "/World/LeftPiper/Geometry/world/base_link/link1/link2/link3/link4",
    "/World/LeftPiper/Geometry/world/base_link/link1/link2/link3/link4/link5",
    "/World/LeftPiper/Geometry/world/base_link/link1/link2/link3/link4/link5/link6",
    "/World/LeftPiper/Geometry/world/base_link/link1/link2/link3/link4/link5/link6/flange_link",
    "/World/LeftPiper/Geometry/world/base_link/link1/link2/link3/link4/link5/link6/flange_link/gripper_base",
    "/World/LeftPiper/Geometry/world/base_link/link1/link2/link3/link4/link5/link6/flange_link/gripper_base/gripper_link",
    "/World/LeftPiper/Geometry/world/base_link/link1/link2/link3/link4/link5/link6/flange_link/gripper_base/gripper_link1",
    "/World/LeftPiper/Geometry/world/base_link/link1/link2/link3/link4/link5/link6/flange_link/gripper_base/gripper_link2",
    "/World/RightPiper",
    "/World/RightPiper/Geometry/world/base_link",
    "/World/RightPiper/Geometry/world/base_link/link1",
    "/World/RightPiper/Geometry/world/base_link/link1/link2",
    "/World/RightPiper/Geometry/world/base_link/link1/link2/link3",
    "/World/RightPiper/Geometry/world/base_link/link1/link2/link3/link4",
    "/World/RightPiper/Geometry/world/base_link/link1/link2/link3/link4/link5",
    "/World/RightPiper/Geometry/world/base_link/link1/link2/link3/link4/link5/link6",
    "/World/RightPiper/Geometry/world/base_link/link1/link2/link3/link4/link5/link6/flange_link",
    "/World/RightPiper/Geometry/world/base_link/link1/link2/link3/link4/link5/link6/flange_link/gripper_base",
    "/World/RightPiper/Geometry/world/base_link/link1/link2/link3/link4/link5/link6/flange_link/gripper_base/gripper_link",
    "/World/RightPiper/Geometry/world/base_link/link1/link2/link3/link4/link5/link6/flange_link/gripper_base/gripper_link1",
    "/World/RightPiper/Geometry/world/base_link/link1/link2/link3/link4/link5/link6/flange_link/gripper_base/gripper_link2",
    "/World/RobosynDemo/LeftCube",
    "/World/RobosynDemo/RightCube",
    "/World/LeftPiper/Geometry/world/base_link/link1/link2/link3/link4/link5/link6/flange_link/gripper_base/ZEDCamera/base_link/ZED_XONE_GS/Camera",
    "/World/RightPiper/Geometry/world/base_link/link1/link2/link3/link4/link5/link6/flange_link/gripper_base/ZEDCamera/base_link/ZED_XONE_GS/Camera",
    "/World/RobosynDemo/SceneCamera/base_link/ZED_XONE_GS/Camera",
    "/LiveWitness/r0_board",
    "/LiveWitness/r0_bit0",
    "/LiveWitness/r0_bit1",
    "/LiveWitness/r0_bit2",
    "/LiveWitness/r0_bit3",
    "/LiveWitness/r0_bit4",
    "/LiveWitness/r0_bit5",
    "/LiveWitness/r0_bit6",
    "/LiveWitness/r0_bit7",
    "/LiveWitness/r0_bit8",
    "/LiveWitness/r0_bit9",
    "/LiveWitness/r0_bit10",
    "/LiveWitness/r0_bit11",
    "/LiveWitness/r0_bit12",
    "/LiveWitness/r0_bit13",
    "/LiveWitness/r0_bit14",
    "/LiveWitness/r0_bit15",
    "/LiveWitness/r1_board",
    "/LiveWitness/r1_bit0",
    "/LiveWitness/r1_bit1",
    "/LiveWitness/r1_bit2",
    "/LiveWitness/r1_bit3",
    "/LiveWitness/r1_bit4",
    "/LiveWitness/r1_bit5",
    "/LiveWitness/r1_bit6",
    "/LiveWitness/r1_bit7",
    "/LiveWitness/r1_bit8",
    "/LiveWitness/r1_bit9",
    "/LiveWitness/r1_bit10",
    "/LiveWitness/r1_bit11",
    "/LiveWitness/r1_bit12",
    "/LiveWitness/r1_bit13",
    "/LiveWitness/r1_bit14",
    "/LiveWitness/r1_bit15",
    "/LiveWitness/r2_board",
    "/LiveWitness/r2_bit0",
    "/LiveWitness/r2_bit1",
    "/LiveWitness/r2_bit2",
    "/LiveWitness/r2_bit3",
    "/LiveWitness/r2_bit4",
    "/LiveWitness/r2_bit5",
    "/LiveWitness/r2_bit6",
    "/LiveWitness/r2_bit7",
    "/LiveWitness/r2_bit8",
    "/LiveWitness/r2_bit9",
    "/LiveWitness/r2_bit10",
    "/LiveWitness/r2_bit11",
    "/LiveWitness/r2_bit12",
    "/LiveWitness/r2_bit13",
    "/LiveWitness/r2_bit14",
    "/LiveWitness/r2_bit15"
  ],
  "source_rows": 420,
  "mean_ms": 25.720764283333335,
  "wall_hz": 38.87909352087119,
  "p95_ms": 26.6331032,
  "measured_frames": 360,
  "witness_mismatch_rows": [],
  "optical_phase_all_pass": true,
  "output_path": "CPU pixels with inline optical verification",
  "notes": "Worker timing includes snapshot freezing, transforms, render and output consumption; excludes startup/artifact saves/drain; no live producer/XR."
}
2026-10-09T14:20:11Z [200ms] [Warning] [omni.platforminfo.plugin] failed to open the default display.  Can't verify X Server version.
2026-10-09T14:20:12Z [724ms] [Warning] [omni.rtx] CPU performance profile is set to powersave. This profile sets the CPU to the lowest frequency reducing performance.
2026-10-09T14:20:12Z [725ms] [Warning] [omni.rtx] IOMMU is enabled.
