["/data/vla-infrastructure/core-reconcile-validation/20260919T082843.713211Z/env/bin/python", "tools/lint_docs.py", "--base", "fbdee2055efa325c352e13b321223cdf6c2f3e40"]
INDEX: 1088 entries; classification {'current': 133, 'historical': 955}
HISTORICAL PRESERVATION: PASS (925 frozen files vs fbdee2055efa325c352e13b321223cdf6c2f3e40)
KNOWN HISTORICAL INTEGRITY DEBT: UNRESOLVED; see docs/plans/DOCUMENTATION_GOVERNANCE.md. Bundle authenticity and external artifacts NOT CHECKED.
DOC GOVERNANCE CHECKS: PASS

["/data/vla-infrastructure/core-reconcile-validation/20260919T082843.713211Z/env/bin/python", "tools/lint_spec_references.py"]
SPEC REFERENCE LINT OK

["/data/vla-infrastructure/core-reconcile-validation/20260919T082843.713211Z/env/bin/python", "tools/validate_resolved_contract.py", "configs/resolved_contract.yaml"]
CONTRACT STRUCTURALLY VALID
CONTRACT SEMANTICALLY VALID
FINAL RC NOT READY
BLOCKERS: D1, G1, D2a, M1, E1, E2, E3, R0, R1, R1B, R2, D2b, DM, DQ, HIL, R3, B0

["/data/vla-infrastructure/core-reconcile-validation/20260919T082843.713211Z/env/bin/python", "tools/generate_manifest.py", "verify"]
MANIFEST OK: 110 reviewed files

["/data/vla-infrastructure/core-reconcile-validation/20260919T082843.713211Z/env/bin/ruff", "check", "/home/ebulochkin/vla_infrastructure/tools/isaac_vr_standalone.py", "/home/ebulochkin/vla_infrastructure/tools/isaac_vr_standalone_view.py", "/home/ebulochkin/vla_infrastructure/tools/isaac_vr_standalone_scene.py", "/home/ebulochkin/vla_infrastructure/tools/isaac_vr_standalone_worker.py", "/home/ebulochkin/vla_infrastructure/tools/isaac_vr_standalone_ik.py", "/home/ebulochkin/vla_infrastructure/tools/isaac_vr_live_worker.py", "/home/ebulochkin/vla_infrastructure/tools/isaac_vr_live_gpu.py", "/home/ebulochkin/vla_infrastructure/tools/isaac_vr_live_nvenc.py", "/home/ebulochkin/vla_infrastructure/tools/run_single_gpu_live_recording.py", "/home/ebulochkin/vla_infrastructure/tools/isaac_s2_runtime.py", "/home/ebulochkin/vla_infrastructure/tools/isaac_vr_injected_recording.py", "/home/ebulochkin/vla_infrastructure/tools/isaac_vr_recording.py", "/home/ebulochkin/vla_infrastructure/tests/test_isaac_vr_standalone_scene.py", "/home/ebulochkin/vla_infrastructure/tests/test_isaac_vr_standalone_owner.py", "/home/ebulochkin/vla_infrastructure/tests/test_isaac_vr_standalone_worker.py", "/home/ebulochkin/vla_infrastructure/tests/test_isaac_vr_live_media.py", "/home/ebulochkin/vla_infrastructure/docs/experiments/20261009_live_camera_recording_30hz/deep_research/live_mirror.py", "/home/ebulochkin/vla_infrastructure/docs/experiments/20261009_live_camera_recording_30hz/deep_research/verify_live_source.py", "/home/ebulochkin/vla_infrastructure/docs/experiments/20261009_live_camera_recording_30hz/deep_research/optical_witness.py", "/home/ebulochkin/vla_infrastructure/docs/experiments/20261009_live_camera_recording_30hz/meaningful_episode/export_preview.py", "/home/ebulochkin/vla_infrastructure/docs/experiments/20261009_live_camera_recording_30hz/temporal_physics/run_physics_pair.py", "/home/ebulochkin/vla_infrastructure/docs/experiments/20261009_live_camera_recording_30hz/temporal_physics/sitecustomize.py", "/home/ebulochkin/vla_infrastructure/docs/experiments/20261009_live_camera_recording_30hz/temporal_physics/analyze_latency.py", "/home/ebulochkin/vla_infrastructure/docs/experiments/20261009_live_camera_recording_30hz/temporal_physics/test_mesh_freshness.py", "/home/ebulochkin/vla_infrastructure/docs/experiments/20261009_live_camera_recording_30hz/temporal_physics/mesh_freshness.py", "/home/ebulochkin/vla_infrastructure/docs/experiments/20261009_live_camera_recording_30hz/temporal_physics/compare_physics.py", "/home/ebulochkin/vla_infrastructure/tests/test_isaac_vr_live_source_queue.py", "/home/ebulochkin/vla_infrastructure/docs/experiments/20261009_live_camera_recording_30hz/single_gpu/check_repository.py"]
All checks passed!

["/data/vla-infrastructure/core-reconcile-validation/20260919T082843.713211Z/env/bin/python", "-m", "pytest", "-q", "tests/test_docs_governance.py", "tests/test_validator_baseline.py", "tests/test_validator_negative.py", "tests/test_manifest.py", "tests/test_isaac_vr_recording.py", "tests/test_isaac_vr_injected_recording.py", "tests/test_isaac_s2_recording_runtime.py", "tests/test_isaac_vr_recording_contract.py", "tests/test_isaac_s2_processor.py", "tests/test_isaac_s2_upstream.py", "tests/test_isaac_vr_config.py", "tests/test_isaac_vr_camera_rendering.py", "tests/test_temporal_recording_path.py", "tests/test_isaac_vr_live_media.py", "tests/test_isaac_vr_live_source_queue.py", "tests/test_isaac_vr_standalone_owner.py", "tests/test_isaac_vr_standalone_scene.py", "tests/test_isaac_vr_standalone_worker.py"]
........................................................................ [ 20%]
........................................................................ [ 40%]
........................................................................ [ 60%]
...................................ssssssssssssssssssssssssssss......... [ 80%]
...........................................................ssssssssss    [100%]
319 passed, 38 skipped in 14.52s

["git", "diff", "--check", "--", ".", ":(exclude)**/*.log"]

["git", "diff", "--cached", "--check", "--", ".", ":(exclude)**/*.log"]
docs/experiments/20261009_live_camera_recording_30hz/temporal_physics/temporal_audit/clock-codegraph.txt:17: trailing whitespace.
+2	
docs/experiments/20261009_live_camera_recording_30hz/temporal_physics/temporal_audit/clock-codegraph.txt:21: trailing whitespace.
+6	
docs/experiments/20261009_live_camera_recording_30hz/temporal_physics/temporal_audit/clock-codegraph.txt:23: trailing whitespace.
+8	
docs/experiments/20261009_live_camera_recording_30hz/temporal_physics/temporal_audit/clock-codegraph.txt:27: trailing whitespace.
+12	
docs/experiments/20261009_live_camera_recording_30hz/temporal_physics/temporal_audit/clock-codegraph.txt:28: trailing whitespace.
+13	
docs/experiments/20261009_live_camera_recording_30hz/temporal_physics/temporal_audit/clock-codegraph.txt:31: trailing whitespace.
+16	
docs/experiments/20261009_live_camera_recording_30hz/temporal_physics/temporal_audit/clock-codegraph.txt:35: trailing whitespace.
+20	
docs/experiments/20261009_live_camera_recording_30hz/temporal_physics/temporal_audit/clock-codegraph.txt:49: trailing whitespace.
+34	
docs/experiments/20261009_live_camera_recording_30hz/temporal_physics/temporal_audit/clock-codegraph.txt:55: trailing whitespace.
+40	
docs/experiments/20261009_live_camera_recording_30hz/temporal_physics/temporal_audit/clock-codegraph.txt:64: trailing whitespace.
+49	
docs/experiments/20261009_live_camera_recording_30hz/temporal_physics/temporal_audit/clock-codegraph.txt:73: trailing whitespace.
+58	
docs/experiments/20261009_live_camera_recording_30hz/temporal_physics/temporal_audit/clock-codegraph.txt:82: trailing whitespace.
+67	
docs/experiments/20261009_live_camera_recording_30hz/temporal_physics/temporal_audit/clock-codegraph.txt:91: trailing whitespace.
+76	
docs/experiments/20261009_live_camera_recording_30hz/temporal_physics/temporal_audit/clock-codegraph.txt:92: trailing whitespace.
+77	
docs/experiments/20261009_live_camera_recording_30hz/temporal_physics/temporal_audit/clock-codegraph.txt:95: trailing whitespace.
+80	
docs/experiments/20261009_live_camera_recording_30hz/temporal_physics/temporal_audit/clock-codegraph.txt:101: trailing whitespace.
+86	
docs/experiments/20261009_live_camera_recording_30hz/temporal_physics/temporal_audit/clock-codegraph.txt:107: trailing whitespace.
+92	
docs/experiments/20261009_live_camera_recording_30hz/temporal_physics/temporal_audit/clock-codegraph.txt:121: trailing whitespace.
+106	
docs/experiments/20261009_live_camera_recording_30hz/temporal_physics/temporal_audit/clock-codegraph.txt:159: trailing whitespace.
+9	
docs/experiments/20261009_live_camera_recording_30hz/temporal_physics/temporal_audit/clock-codegraph.txt:169: trailing whitespace.
+18	
docs/experiments/20261009_live_camera_recording_30hz/temporal_physics/temporal_audit/clock-codegraph.txt:171: trailing whitespace.
+20	
docs/experiments/20261009_live_camera_recording_30hz/temporal_physics/temporal_audit/clock-codegraph.txt:174: trailing whitespace.
+23	
docs/experiments/20261009_live_camera_recording_30hz/temporal_physics/temporal_audit/clock-codegraph.txt:175: trailing whitespace.
+24	
docs/experiments/20261009_live_camera_recording_30hz/temporal_physics/temporal_audit/clock-codegraph.txt:178: trailing whitespace.
+27	
docs/experiments/20261009_live_camera_recording_30hz/temporal_physics/temporal_audit/clock-codegraph.txt:205: trailing whitespace.
+54	
docs/experiments/20261009_live_camera_recording_30hz/temporal_physics/temporal_audit/clock-codegraph.txt:208: trailing whitespace.
+57	
docs/experiments/20261009_live_camera_recording_30hz/temporal_physics/temporal_audit/clock-codegraph.txt:218: trailing whitespace.
+67	
docs/experiments/20261009_live_camera_recording_30hz/temporal_physics/temporal_audit/clock-codegraph.txt:220: trailing whitespace.
+69	
docs/experiments/20261009_live_camera_recording_30hz/temporal_physics/temporal_audit/clock-codegraph.txt:226: trailing whitespace.
+76	
docs/experiments/20261009_live_camera_recording_30hz/temporal_physics/temporal_audit/clock-codegraph.txt:234: trailing whitespace.
+84	
docs/experiments/20261009_live_camera_recording_30hz/temporal_physics/temporal_audit/clock-codegraph.txt:238: trailing whitespace.
+88	
docs/experiments/20261009_live_camera_recording_30hz/temporal_physics/temporal_audit/clock-codegraph.txt:282: trailing whitespace.
+145	
docs/experiments/20261009_live_camera_recording_30hz/temporal_physics/temporal_audit/clock-codegraph.txt:299: trailing whitespace.
+171	
docs/experiments/20261009_live_camera_recording_30hz/temporal_physics/temporal_audit/clock-codegraph.txt:321: trailing whitespace.
+193	
docs/experiments/20261009_live_camera_recording_30hz/temporal_physics/temporal_audit/clock-codegraph.txt:324: trailing whitespace.
+196	
docs/experiments/20261009_live_camera_recording_30hz/temporal_physics/temporal_audit/clock-codegraph.txt:331: trailing whitespace.
+203	
docs/experiments/20261009_live_camera_recording_30hz/temporal_physics/temporal_audit/clock-codegraph.txt:334: trailing whitespace.
+206	
docs/experiments/20261009_live_camera_recording_30hz/temporal_physics/temporal_audit/clock-codegraph.txt:349: trailing whitespace.
+240	
docs/experiments/20261009_live_camera_recording_30hz/temporal_physics/temporal_audit/clock-codegraph.txt:381: trailing whitespace.
+272	
docs/experiments/20261009_live_camera_recording_30hz/temporal_physics/temporal_audit/codegraph.txt:29: trailing whitespace.
+96	
docs/experiments/20261009_live_camera_recording_30hz/temporal_physics/temporal_audit/codegraph.txt:30: trailing whitespace.
+97	
docs/experiments/20261009_live_camera_recording_30hz/temporal_physics/temporal_audit/codegraph.txt:190: trailing whitespace.
+257	
docs/experiments/20261009_live_camera_recording_30hz/temporal_physics/temporal_audit/codegraph.txt:218: trailing whitespace.
+362	
docs/experiments/20261009_live_camera_recording_30hz/temporal_physics/temporal_audit/codegraph.txt:219: trailing whitespace.
+363	
docs/experiments/20261009_live_camera_recording_30hz/temporal_physics/temporal_audit/codegraph.txt:223: trailing whitespace.
+367	
docs/experiments/20261009_live_camera_recording_30hz/temporal_physics/temporal_audit/codegraph.txt:233: trailing whitespace.
+377	
docs/experiments/20261009_live_camera_recording_30hz/temporal_physics/temporal_audit/codegraph.txt:234: trailing whitespace.
+378	
docs/experiments/20261009_live_camera_recording_30hz/temporal_physics/temporal_audit/codegraph.txt:241: trailing whitespace.
+432	
docs/experiments/20261009_live_camera_recording_30hz/temporal_physics/temporal_audit/codegraph.txt:254: trailing whitespace.
+445	
docs/experiments/20261009_live_camera_recording_30hz/temporal_physics/temporal_audit/codegraph.txt:267: trailing whitespace.
+458	
docs/experiments/20261009_live_camera_recording_30hz/temporal_physics/temporal_audit/codegraph.txt:307: trailing whitespace.
+498	
docs/experiments/20261009_live_camera_recording_30hz/temporal_physics/temporal_audit/codegraph.txt:315: trailing whitespace.
+738	
docs/experiments/20261009_live_camera_recording_30hz/temporal_physics/temporal_audit/codegraph.txt:319: trailing whitespace.
+742	
docs/experiments/20261009_live_camera_recording_30hz/temporal_physics/temporal_audit/codegraph.txt:320: trailing whitespace.
+743	
docs/experiments/20261009_live_camera_recording_30hz/temporal_physics/temporal_audit/codegraph.txt:326: trailing whitespace.
+2297	
docs/experiments/20261009_live_camera_recording_30hz/temporal_physics/temporal_audit/codegraph.txt:327: trailing whitespace.
+2298	
docs/experiments/20261009_live_camera_recording_30hz/temporal_physics/temporal_audit/codegraph.txt:367: trailing whitespace.
+521	
docs/experiments/20261009_live_camera_recording_30hz/temporal_physics/temporal_audit/codegraph.txt:376: trailing whitespace.
+534	
docs/experiments/20261009_live_camera_recording_30hz/temporal_physics/temporal_audit/codegraph.txt:383: trailing whitespace.
+633	
docs/experiments/20261009_live_camera_recording_30hz/temporal_physics/temporal_audit/codegraph.txt:393: trailing whitespace.
+643	
docs/experiments/20261009_live_camera_recording_30hz/temporal_physics/temporal_audit/codegraph.txt:402: trailing whitespace.
+652	
docs/experiments/20261009_live_camera_recording_30hz/temporal_physics/temporal_audit/codegraph.txt:425: trailing whitespace.
+81	
docs/experiments/20261009_live_camera_recording_30hz/temporal_physics/temporal_audit/codegraph.txt:436: trailing whitespace.
+206	
docs/experiments/20261009_live_camera_recording_30hz/temporal_physics/temporal_audit/codegraph.txt:457: trailing whitespace.
+227	
docs/experiments/20261009_live_camera_recording_30hz/temporal_physics/temporal_audit/codegraph.txt:467: trailing whitespace.
+70	
docs/experiments/20261009_live_camera_recording_30hz/temporal_physics/temporal_audit/codegraph.txt:471: trailing whitespace.
+74	
docs/experiments/20261009_live_camera_recording_30hz/temporal_physics/temporal_audit/codegraph.txt:483: trailing whitespace.
+91	
docs/experiments/20261009_live_camera_recording_30hz/temporal_physics/temporal_audit/master-s2.diff:8: trailing whitespace.
+ 
docs/experiments/20261009_live_camera_recording_30hz/temporal_physics/temporal_audit/master-s2.diff:25: trailing whitespace.
+ 
docs/experiments/20261009_live_camera_recording_30hz/temporal_physics/temporal_audit/master.diff:121: trailing whitespace.
+ 

