WARNING: All log messages before absl::InitializeLog() is called are written to STDERR
E0000 00:00:1791546810.334689 2648017 descriptor_database.cc:633] File already exists in database: grpc/health/v1/health.proto
W0000 00:00:1791546810.334720 2648017 message.cc:301] Protobuf GeneratedMessageFactory: File is already registered: grpc/health/v1/health.proto
2026-10-09T11:53:30Z [Info] [carb] Logging to file: /data/vla-infrastructure/isaac61_production/env/lib/python3.12/site-packages/isaacsim/kit/logs/Kit/Isaac-Sim Zero Delay/6.1/kit_20261009_145330.log
[0.161s] [ext: omni.assets.plugins-0.0.0] startup
[0.162s] [ext: omni.blobkey-1.1.2] startup
[0.162s] [ext: omni.kit.async_engine-0.0.3] startup
[0.234s] [ext: omni.client.lib-1.1.1] startup
[0.242s] [ext: omni.client-1.3.0] startup
[0.245s] [ext: omni.protobuf.lib-1.0.1] startup
[0.246s] [ext: omni.grpc.lib-1.0.0] startup
[0.249s] [ext: omni.metrics.core-0.0.3] startup
[0.250s] [ext: omni.datastore-0.0.0] startup
[0.250s] [ext: omni.gpu_foundation.shadercache.vulkan-1.0.0] startup
[0.252s] [ext: omni.hsscclient-1.1.4] startup
[0.252s] [ext: omni.stats-1.0.1] startup
[0.253s] [ext: omni.ujitso.default-1.0.0] startup
[0.256s] [ext: omni.gpu_foundation-0.0.0] startup
[0.453s] [ext: carb.windowing.plugins-1.0.1] startup
[0.453s] [ext: omni.kit.renderer.init-1.0.1] startup
2026-10-09T11:53:30Z [444ms] [Warning] [omni.platforminfo.plugin] failed to open the default display.  Can't verify X Server version.
2026-10-09T11:53:30Z [761ms] [Warning] [omni.rtx] Skipping unsupported non-NVIDIA GPU: Intel(R) Graphics (RPL-S)
2026-10-09T11:53:30Z [762ms] [Warning] [omni.rtx] Skipping unsupported non-NVIDIA GPU: Intel(R) Graphics (RPL-S)

|---------------------------------------------------------------------------------------------|
| Driver Version: 580.159.03    | Graphics API: Vulkan
|=============================================================================================|
| GPU | Name                             | Active | LDA | GPU Memory | Vendor-ID | LUID       |
|     |                                  |        |     |            | Device-ID | UUID       |
|     |                                  |        |     |            | Bus-ID    |            |
|---------------------------------------------------------------------------------------------|
| 0   | NVIDIA GeForce RTX 4090          | Yes: 0 |     | 24564   MB | 10de      | 0          |
|     |                                  |        |     |            | 2684      | 0b554a02.. |
|     |                                  |        |     |            | 1         |            |
|---------------------------------------------------------------------------------------------|
| 1   | Intel(R) Graphics (RPL-S)        |        |     | 23894   MB | 8086      | 0          |
|     |                                  |        |     |            | a780      | 868080a7.. |
|     |                                  |        |     |            | 0         |            |
|=============================================================================================|
| OS: 22.04.5 LTS (Jammy Jellyfish) ubuntu, Version: 22.04.5, Kernel: 6.8.0-124-generic
| Processor: 13th Gen Intel(R) Core(TM) i7-13700K
| Bare Metal Cores: 16 | Bare Metal Logical Cores: 32
| Available Cores:  24 
|---------------------------------------------------------------------------------------------|
| Total Memory (MB): 31859 | Free Memory: 27316
| Total Page/Swap (MB): 67583 | Free Page/Swap: 64436
|---------------------------------------------------------------------------------------------|
2026-10-09T11:53:31Z [1,001ms] [Warning] [omni.rtx] CPU performance profile is set to powersave. This profile sets the CPU to the lowest frequency reducing performance.
2026-10-09T11:53:31Z [1,009ms] [Warning] [omni.rtx] IOMMU is enabled.
[1.151s] [ext: omni.kit.pipapi-0.0.0] startup
[1.151s] [ext: omni.kit.telemetry-0.5.2] startup
[1.169s] [ext: omni.kit.loop-isaac-1.6.2] startup
[1.170s] [ext: omni.kit.test-2.1.1] startup
[1.211s] [ext: omni.materialx.libs-1.0.9] startup
[1.218s] [ext: omni.gpucompute.plugins-0.0.0] startup
[1.218s] [ext: omni.usd.config-1.0.8] startup
[1.221s] [ext: omni.usd.libs-1.0.3] startup
[1.304s] [ext: omni.iray.libs-0.0.1] startup
[1.308s] [ext: omni.mdl-57.0.6] startup
[1.370s] [ext: omni.mdl.neuraylib-0.2.22] startup
[1.371s] [ext: omni.kit.usd.mdl-1.1.11] startup
[1.458s] [ext: omni.appwindow-1.2.2] startup
[1.459s] [ext: omni.kit.renderer.core-1.3.1] startup
2026-10-09T11:53:31Z [1,440ms] [Warning] [carb.windowing-glfw.plugin] GLFW initialization failed.
2026-10-09T11:53:31Z [1,440ms] [Warning] [carb] Failed to startup plugin carb.windowing-glfw.plugin (interfaces: [carb::windowing::IGLContext v1.0],[carb::windowing::IWindowing v1.5]) (impl: carb.windowing-glfw.plugin)
[1.485s] [ext: omni.kit.renderer.capture-2.0.1] startup
[1.487s] [ext: omni.kit.renderer.imgui-2.1.0] startup
2026-10-09T11:53:31Z [1,459ms] [Warning] [carb.windowing-glfw.plugin] GLFW initialization failed.
2026-10-09T11:53:31Z [1,459ms] [Warning] [carb] Failed to startup plugin carb.windowing-glfw.plugin (interfaces: [carb::windowing::IGLContext v1.0],[carb::windowing::IWindowing v1.5]) (impl: carb.windowing-glfw.plugin)
2026-10-09T11:53:31Z [1,460ms] [Warning] [carb.windowing-glfw.plugin] GLFW initialization failed.
2026-10-09T11:53:31Z [1,460ms] [Warning] [carb] Failed to startup plugin carb.windowing-glfw.plugin (interfaces: [carb::windowing::IGLContext v1.0],[carb::windowing::IWindowing v1.5]) (impl: carb.windowing-glfw.plugin)
[1.528s] [ext: omni.ui-3.3.1] startup
[1.534s] [ext: omni.kit.mainwindow-1.0.4] startup
[1.535s] [ext: carb.audio-0.1.0] startup
[1.537s] [ext: omni.uiaudio-1.0.0] startup
[1.538s] [ext: omni.kit.uiapp-0.0.0] startup
[1.538s] [ext: omni.usd.schema.metrics.assembler-110.1.0] startup
[1.540s] [ext: omni.usd.schema.audio-0.0.1] startup
[1.542s] [ext: omni.usd_resolver-1.0.0] startup
[1.544s] [ext: omni.usd.core-1.10.10] startup
[1.546s] [ext: omni.metropolis.schema-0.0.3] startup
[1.547s] [ext: isaacsim.anim.robot.schema-0.1.1] startup
[1.547s] [ext: isaacsim.common-6.2.0] startup
[1.548s] [ext: omni.usd.schema.anim-0.0.1] startup
[1.561s] [ext: omni.usd.schema.geospatial-0.0.1] startup
[1.562s] [ext: omni.usd.schema.omnigraph-1.0.1] startup
[1.566s] [ext: omni.usd.schema.semantics-0.0.0] startup
[1.568s] [ext: omni.activity.core-1.0.4] startup
[1.568s] [ext: omni.cubric-0.1.0] startup
[1.569s] [ext: omni.graph.exec-0.9.6] startup
[1.569s] [ext: omni.hydra.scene_delegate-0.3.5] startup
[1.571s] [ext: usdrt.scenegraph-7.6.3] startup
[1.588s] [ext: omni.hydra.usdrt_delegate-7.5.2] startup
[1.592s] [ext: omni.inspect-1.0.2] startup
[1.593s] [ext: omni.kit.actions.core-1.2.0] startup
[1.595s] [ext: omni.kit.audiodeviceenum-1.0.2] startup
[1.595s] [ext: omni.kit.commands-1.5.0] startup
[1.597s] [ext: omni.kit.exec.core-0.13.6] startup
[1.598s] [ext: omni.kit.usd_undo-0.1.8] startup
[1.598s] [ext: omni.kit.window.popup_dialog-2.0.26] startup
[1.601s] [ext: omni.kit.widget.connection_manager-1.0.3] startup
[1.604s] [ext: omni.timeline-1.1.0] startup
[1.606s] [ext: omni.usd-1.18.0] startup
[2.044s] [ext: omni.graph.core-3.1.5] startup
[2.047s] [ext: omni.kit.notification_manager-1.0.16] startup
[2.049s] [ext: isaacsim.core.deprecation_manager-0.4.4] startup
[2.049s] [ext: isaacsim.replicator.agent.schema-0.1.1] startup
[2.050s] [ext: isaacsim.robot.schema-7.0.2] startup
[2.059s] [ext: isaacsim.robot_motion.schema-0.2.2] startup
[2.060s] [ext: omni.anim.behavior.schema-110.3.0] startup
[2.062s] [ext: omni.anim.graph.schema-110.3.0] startup
[2.067s] [ext: omni.anim.navigation.schema-110.3.0] startup
[2.069s] [ext: omni.behavior.tree.schema-110.3.0] startup
[2.070s] [ext: omni.kit.asset_converter-6.0.5] startup
2026-10-09T11:53:32Z [2,040ms] [Warning] [asset_converter_native_bindings._bootstrap] A different OpenUSD (pxr) build was already imported from /data/vla-infrastructure/isaac61_production/env/lib/python3.12/site-packages/isaacsim/extscache/omni.usd.schema.omnigraph-1.0.1+00c488ae.lx64.r.cp312/pxr before usd-convert-asset loaded. The host pxr bindings will remain in use rather than reloading the bundled OpenUSD at /data/vla-infrastructure/isaac61_production/env/lib/python3.12/site-packages/isaacsim/extscache/omni.kit.asset_converter-6.0.5+110.1.1.lx64.r.cp312.u7f4/asset_converter_native_bindings/libs/lib/python/pxr, /data/vla-infrastructure/isaac61_production/env/lib/python3.12/site-packages/isaacsim/extscache/omni.kit.asset_converter-6.0.5+110.1.1.lx64.r.cp312.u7f4/asset_converter_native_bindings/libs/python/pxr. Mixing USD builds in one process can cause ABI and singleton conflicts; prefer importing usd_convert_asset first, or run the converter in a separate process/venv when mixing unrelated USD builds.
[2.079s] [ext: omni.usd.schema.flow-110.0.0] startup
[2.080s] [ext: omni.usd.schema.newton-1.4.0] startup
[2.080s] [ext: omni.usd.schema.mujoco-1.1.4] startup
[2.080s] [ext: omni.usd.schema.omni_dome_light-1.0.0] startup
[2.081s] [ext: omni.usd.schema.omni_lens_distortion-1.0.0] startup
[2.081s] [ext: omni.usd.schema.omni_projectors-1.0.0] startup
[2.081s] [ext: omni.usd.schema.omni_sensors-0.0.0] startup
[2.087s] [ext: omni.usd.schema.omniscripting-1.0.1] startup
[2.090s] [ext: omni.usd.schema.physical_lighting-0.1.0] startup
[2.092s] [ext: omni.usd.schema.physx-110.3.2] startup
[2.114s] [ext: omni.usd.schema.render_settings.rtx-1.0.3] startup
[2.116s] [ext: omni.usd.schema.usd_particle_field-1.0.0] startup
[2.117s] [ext: isaacsim.core.version-2.2.1] startup
[2.118s] [ext: omni.kit.menu.core-1.3.0] startup
[2.118s] [ext: omni.kit.menu.utils-2.2.8] startup
[2.123s] [ext: isaacsim.app.about-2.3.2] startup
[2.126s] [ext: isaacsim.asset.transformer-6.1.0] startup
[2.129s] [ext: omni.scene.optimizer.core-110.2.1] startup
[2.172s] [ext: isaacsim.asset.importer.utils-1.9.1] startup
[2.176s] [ext: omni.convexdecomposition-110.3.2] startup
[2.178s] [ext: omni.physics-110.3.2] startup
[2.179s] [ext: omni.physx.gpu-110.3.2] startup
[2.180s] [ext: omni.physx.foundation-110.3.2] startup
[2.181s] [ext: omni.usdphysics-110.3.2] startup
[2.182s] [ext: omni.physx.cooking-110.3.2] startup
[2.183s] [ext: omni.physx-110.3.2] startup
[2.190s] [ext: omni.physics.physx-110.3.2] startup
[2.191s] [ext: isaacsim.asset.exporter.urdf-2.2.6] startup
[2.196s] [ext: omni.kit.clipboard-1.1.1] startup
[2.197s] [ext: omni.kit.usd.layers-2.7.2] startup
[2.202s] [ext: omni.kit.widget.context_menu-1.5.0] startup
[2.203s] [ext: omni.kit.context_menu-1.10.0] startup
[2.204s] [ext: omni.kit.helper.file_utils-0.1.10] startup
[2.205s] [ext: omni.kit.widget.nucleus_info-2.0.2] startup
[2.205s] [ext: omni.kit.search_core-1.0.8] startup
[2.205s] [ext: omni.kit.widget.path_field-2.0.13] startup
[2.206s] [ext: omni.kit.widget.browser_bar-2.0.11] startup
[2.206s] [ext: omni.kit.widget.filebrowser-2.14.0] startup
[2.209s] [ext: omni.kit.widget.nucleus_connector-2.4.0] startup
[2.209s] [ext: omni.kit.widget.options_menu-1.1.7] startup
[2.211s] [ext: omni.kit.widget.options_button-1.0.3] startup
[2.211s] [ext: omni.kit.widget.search_delegate-1.0.10] startup
[2.212s] [ext: omni.ui.scene-2.0.4] startup
[2.214s] [ext: omni.kit.window.filepicker-3.0.14] startup
[2.227s] [ext: omni.kit.window.file_importer-1.1.22] startup
[2.228s] [ext: omni.kit.material.library-3.1.7] startup
[2.231s] [ext: isaacsim.asset.transformer.rules-1.7.18] startup
[2.246s] [ext: omni.usdex.libs-2.3.0] startup
[2.251s] [ext: isaacsim.asset.importer.mjcf-3.12.1] startup
[2.253s] [ext: omni.kit.primitive.mesh-1.1.1] startup
[2.254s] [ext: omni.kit.stage_template.core-1.1.23] startup
[2.254s] [ext: omni.kit.stage_templates-2.0.3] startup
[2.256s] [ext: omni.usd.metrics.assembler-110.1.2] startup
[2.258s] [ext: omni.warp.core-1.16.0] startup
[2.379s] [ext: isaacsim.core.experimental.utils-0.23.0] startup
[2.380s] [ext: isaacsim.asset.importer.urdf-3.11.10] startup
[2.384s] [ext: omni.physics.stageupdate-110.3.2] startup
[2.386s] [ext: omni.physics.tensors-110.3.2] startup
[2.388s] [ext: omni.physx.tensors-110.3.2] startup
[2.391s] [ext: isaacsim.core.simulation_manager-1.17.1] startup
[2.399s] [ext: isaacsim.storage.native-1.11.0] startup
[2.400s] [ext: omni.usd.metrics.assembler.physics-110.3.2] startup
[2.401s] [ext: isaacsim.core.utils-4.1.9] startup
[2.403s] [ext: isaacsim.core.prims-0.11.7] startup
[3.187s] [ext: isaacsim.core.api-5.3.2] startup
[3.191s] [ext: isaacsim.core.cloner-1.7.5] startup
[3.191s] [ext: isaacsim.test.docstring-1.3.2] startup
[3.194s] [ext: isaacsim.core.experimental.prims-1.10.8] startup
[3.206s] [ext: isaacsim.core.experimental.primdata-0.3.6] startup
[3.207s] [ext: omni.graph.tools-1.81.0] startup
[3.221s] [ext: omni.graph-1.142.5] startup
[3.245s] [ext: isaacsim.core.experimental.actuators-0.1.6] startup
[3.255s] [ext: isaacsim.core.experimental.materials-0.10.0] startup
[3.258s] [ext: isaacsim.core.experimental.objects-0.9.0] startup
[3.320s] [ext: omni.hydra.engine.stats-1.0.5] startup
[3.322s] [ext: omni.hydra.rtx.shadercache.vulkan-1.0.0] startup
[3.322s] [ext: omni.index.libs-392300.961.0] startup
[3.322s] [ext: omni.index-1.0.1] startup
[3.323s] [ext: omni.ujitso.client-0.0.0] startup
[3.323s] [ext: omni.usd.schema.playback-1.1.0] startup
[3.324s] [ext: omni.volume-0.5.2] startup
[3.328s] [ext: omni.hydra.rtx-1.0.4] startup
2026-10-09T11:53:33Z [3,309ms] [Warning] [omni.log] Source: omni.hydra was already registered.
[3.352s] [ext: omni.kit.hydra_texture-1.6.2] startup
[3.355s] [ext: omni.kit.raycast.query-1.2.0] startup
[3.359s] [ext: omni.kit.viewport.legacy_gizmos-1.0.24] startup
[3.361s] [ext: omni.kit.viewport.registry-104.0.6] startup
[3.362s] [ext: omni.kit.viewport.scene_camera_model-1.0.7] startup
[3.365s] [ext: omni.kit.widget.viewport-110.0.0] startup
[3.368s] [ext: omni.kit.window.drop_support-1.0.8] startup
[3.369s] [ext: omni.kit.viewport.window-110.0.1] startup
[3.381s] [ext: omni.kit.viewport.utility-2.1.0] startup
[3.382s] [ext: isaacsim.core.rendering_manager-0.5.1] startup
[3.389s] [ext: omni.graph.action_core-1.1.9] startup
[3.391s] [ext: omni.graph.action_nodes_core-2.11.0] startup
[3.393s] [ext: omni.graph.action_nodes-2.11.0] startup
[3.412s] [ext: omni.graph.action-2.10.2] startup
[3.413s] [ext: omni.graph.image.core-0.6.1] startup
[3.414s] [ext: omni.graph.image.nodes-1.3.2] startup
[3.415s] [ext: omni.graph.nodes_core-2.11.0] startup
[3.419s] [ext: omni.graph.nodes-2.12.0] startup
[3.424s] [ext: omni.kit.hotkeys.core-1.4.0] startup
[3.425s] [ext: omni.kit.property.adapter.core-1.1.1] startup
[3.427s] [ext: omni.kit.property.adapter.usd-1.0.6] startup
[3.428s] [ext: omni.kit.widget.filter-1.1.8] startup
[3.428s] [ext: omni.kit.widget.highlight_label-1.0.3] startup
[3.429s] [ext: omni.kit.widget.searchfield-1.1.8] startup
[3.430s] [ext: omni.kit.window.file_exporter-1.0.38] startup
[3.431s] [ext: omni.kit.widget.stage-4.6.5] startup
[3.438s] [ext: omni.kit.window.content_browser_registry-0.0.6] startup
[3.439s] [ext: omni.kit.window.file-2.0.15] startup
[3.441s] [ext: omni.kit.window.content_browser-3.1.12] startup
[3.449s] [ext: omni.kit.window.property-1.15.2] startup
[3.458s] [ext: omni.kit.property.usd-4.9.14] startup
[3.465s] [ext: omni.graph.scriptnode-2.10.2] startup
[3.472s] [ext: omni.kit.widget.searchable_combobox-1.0.7] startup
[3.473s] [ext: omni.kit.widget.settings-2.0.1] startup
[3.474s] [ext: omni.kit.window.preferences-1.8.5] startup
[3.477s] [ext: omni.kit.viewport.menubar.core-110.0.3] startup
[3.485s] [ext: omni.syntheticdata-0.6.17] startup
[3.507s] [ext: omni.replicator.nv-1.1.6] startup
[3.512s] [ext: omni.videoencoding-0.2.1] startup
[3.513s] [ext: omni.replicator.core-1.13.36] startup
2026-10-09T11:53:33Z [3,490ms] [Warning] [pxr.Semantics] pxr.Semantics is deprecated - please use Semantics instead
2026-10-09T11:53:33Z [3,536ms] [Warning] [omni.replicator.core.scripts.extension] No material configuration file, adding configuration to material settings directly.
[3.664s] [ext: isaacsim.core.nodes-5.10.13] startup
[3.688s] [ext: isaacsim.core.throttling-2.3.7] startup
[3.690s] [ext: omni.kit.manipulator.viewport-107.0.1] startup
[3.691s] [ext: omni.graph.visualization.nodes-2.1.4] startup
[3.701s] [ext: omni.kit.window.extensions-1.5.16] startup
[3.705s] [ext: isaacsim.gui.components-1.8.9] startup
[3.708s] [ext: isaacsim.robot.surface_gripper-3.6.3] startup
[3.717s] [ext: isaacsim.robot.manipulators-3.4.5] startup
[3.725s] [ext: isaacsim.robot_motion.lula-4.1.4] startup
[3.731s] [ext: isaacsim.robot_motion.motion_generation-8.2.9] startup
[3.736s] [ext: isaacsim.cortex.framework-1.0.20] startup
[3.737s] [ext: isaacsim.cortex.behaviors-2.0.18] startup
[3.739s] [ext: isaacsim.examples.base-1.3.4] startup
[3.741s] [ext: omni.kit.widget.zoombar-1.0.7] startup
[3.742s] [ext: omni.kit.browser.core-2.3.18] startup
[3.745s] [ext: omni.kit.browser.folder.core-2.0.3] startup
[3.748s] [ext: omni.kit.widget.stage_icons-1.0.8] startup
[3.749s] [ext: omni.kit.window.stage-2.6.1] startup
[3.752s] [ext: omni.kit.menu.stage-1.2.7] startup
[3.753s] [ext: omni.kit.usd.collect-3.0.6] startup
[3.755s] [ext: omni.kit.widget.prompt-1.0.7] startup
[3.756s] [ext: omni.kit.tool.collect-2.2.19] startup
[3.757s] [ext: isaacsim.examples.browser-0.3.4] startup
[3.759s] [ext: omni.kit.search.files-1.0.4] startup
[3.760s] [ext: omni.kit.widget.calendar-1.0.9] startup
[3.761s] [ext: omni.kit.widget.extended_searchfield-1.0.31] startup
[3.767s] [ext: omni.simready.content.browser-0.3.8] startup
[3.828s] [ext: isaacsim.gui.content_browser-0.5.1] startup
[3.830s] [ext: omni.kit.selection-0.1.6] startup
[3.831s] [ext: isaacsim.gui.menu-2.10.12] startup
[3.837s] [ext: isaacsim.gui.property-1.6.4] startup
[3.842s] [ext: omni.kit.viewport.actions-110.1.0] startup
[3.845s] [ext: omni.kit.viewport.menubar.display-110.0.0] startup
[3.846s] [ext: isaacsim.gui.sensors.icon-2.2.4] startup
[3.849s] [ext: omni.behavior.scripting.core-110.3.0] startup
[3.851s] [ext: isaacsim.replicator.behavior-1.6.2] startup
[3.854s] [ext: isaacsim.replicator.experimental.domain_randomization-1.2.10] startup
[3.867s] [ext: isaacsim.replicator.domain_randomization-1.2.3] startup
[3.919s] [ext: isaacsim.replicator.writers-1.5.6] startup
[3.935s] [ext: isaacsim.robot.experimental.wheeled_robots-0.2.14] startup
[3.950s] [ext: isaacsim.robot_motion.experimental.motion_generation-7.1.2] startup
[3.956s] [ext: isaacsim.robot.policy.examples-7.2.0] startup
[5.148s] [ext: isaacsim.robot.wheeled_robots-5.2.5] startup
[5.151s] [ext: isaacsim.robot.wheeled_robots.nodes-0.1.12] startup
[5.166s] [ext: isaacsim.robot_motion.controllers-0.3.2] startup
[5.172s] [ext: isaacsim.robot_motion.cumotion-1.4.0] startup
[5.180s] [ext: omni.kit.numpy.common-0.1.3] startup
[5.181s] [ext: omni.rtx.spg-0.4.0] startup
[5.185s] [ext: omni.sensors.nv.camera-1.0.0] startup
[5.189s] [ext: isaacsim.sensors.camera-1.7.13] startup
[5.205s] [ext: isaacsim.sensors.experimental.physics-3.3.0] startup
[5.211s] [ext: omni.sensors.net-1.0.1] startup
[5.213s] [ext: omni.sensors.nv.common-3.0.0] startup
[5.221s] [ext: omni.sensors.nv.materials-2.0.0] startup
[5.224s] [ext: omni.sensors.nv.acoustic-3.0.0] startup
[5.226s] [ext: omni.sensors.nv.ids-2.0.1] startup
[5.227s] [ext: omni.sensors.nv.lidar-3.0.0] startup
[5.230s] [ext: omni.sensors.nv.radar-3.0.0] startup
[5.233s] [ext: isaacsim.sensors.experimental.rtx-1.9.0] startup
[5.413s] [ext: isaacsim.sensors.physics.nodes-1.6.2] startup
[5.419s] [ext: isaacsim.util.debug_draw-3.2.6] startup
[5.423s] [ext: isaacsim.sensors.physx-2.5.7] startup
[5.430s] [ext: isaacsim.sensors.rtx-15.17.5] startup
[5.439s] [ext: isaacsim.simulation_app-2.19.0] startup
[5.439s] [ext: omni.anim.curve.core-1.6.1] startup
[5.446s] [ext: omni.graph.ui_nodes-2.11.1] startup
[5.466s] [ext: omni.kit.manipulator.camera-110.1.0] startup
[5.468s] [ext: omni.kit.manipulator.selector-1.1.4] startup
[5.469s] [ext: omni.kit.manipulator.transform-107.0.1] startup
[5.472s] [ext: omni.kit.widget.toolbar-2.1.0] startup
[5.476s] [ext: omni.kit.manipulator.tool.snap-1.5.15] startup
[5.479s] [ext: omni.kit.viewport.manipulator.transform-107.0.4] startup
[5.480s] [ext: omni.kit.manipulator.prim.core-108.0.2] startup
[5.484s] [ext: omni.kit.manipulator.prim.usd-107.0.3] startup
[5.486s] [ext: omni.kit.manipulator.prim-108.0.0] startup
[5.486s] [ext: omni.kit.manipulator.selection-110.0.0] startup
[5.487s] [ext: omni.kit.menu.create-2.0.2] startup
[5.488s] [ext: omni.kit.property.audio-1.0.18] startup
[5.491s] [ext: omni.kit.property.camera-1.0.14] startup
[5.492s] [ext: omni.kit.property.geometry-2.1.2] startup
[5.494s] [ext: omni.kit.property.light-1.0.16] startup
[5.524s] [ext: omni.kit.property.material-1.14.10] startup
[5.528s] [ext: omni.kit.property.render-1.2.2] startup
[5.530s] [ext: omni.kit.property.transform-1.6.12] startup
[5.533s] [ext: omni.kit.property.bundle-1.5.2] startup
[5.534s] [ext: omni.kit.usdz_export-1.1.1] startup
[5.536s] [ext: omni.kit.tool.asset_importer-6.0.2] startup
[5.540s] [ext: omni.kit.ui.actions-1.0.5] startup
[5.542s] [ext: omni.kit.viewport.menubar.camera-107.0.14] startup
[5.545s] [ext: omni.kit.viewport.menubar.lighting-107.3.2] startup
[5.548s] [ext: omni.kit.viewport.menubar.render-110.1.1] startup
[5.550s] [ext: omni.kit.viewport.menubar.settings-110.0.1] startup
[5.553s] [ext: omni.kit.window.console-1.1.10] startup
[5.556s] [ext: omni.kit.window.status_bar-0.1.11] startup
[5.558s] [ext: omni.kit.window.toolbar-3.0.3] startup
[5.560s] [ext: omni.ocio-0.1.1] startup
[5.561s] [ext: omni.physx.commands-110.3.2] startup
[5.564s] [ext: omni.replicator.replicator_yaml-2.0.12] startup
[5.572s] [ext: omni.rtx.window.settings-0.8.2] startup
[5.576s] [ext: omni.rtx.settings.core-0.7.1] startup
[5.578s] [ext: omni.usd.metrics.assembler.ui-110.1.1] startup
[5.583s] [ext: semantics.schema.editor-2.0.2] startup
[5.585s] [ext: semantics.schema.property-2.0.2] startup
[5.586s] [ext: omni.kit.menu.common-2.0.2] startup
[5.587s] [ext: isaacsim.exp.base-6.1.0] startup
[5.587s] [ext: isaacsim.exp.base.zero_delay-6.1.0] startup
[5.589s] Simulation App Starting
[6.670s] Simulation App Startup Complete
[6.676s] app ready
Starting kit application with the following args:  ['/data/vla-infrastructure/isaac61_production/env/lib/python3.12/site-packages/isaacsim/exts/isaacsim.simulation_app/isaacsim/simulation_app/simulation_app.py', '/data/vla-infrastructure/isaac61_production/env/lib/python3.12/site-packages/isaacsim/apps/isaacsim.exp.base.zero_delay.kit', '--/app/tokens/exe-path=/data/vla-infrastructure/isaac61_production/env/lib/python3.12/site-packages/isaacsim/kit', '--/persistent/app/viewport/displayOptions=3094', '--/rtx/materialDb/syncLoads=True', '--/rtx/hydra/materialSyncLoads=True', '--/omni/kit/plugin/syncUsdLoads=True', '--/app/renderer/resolution/width=960', '--/app/renderer/resolution/height=600', '--/app/window/width=1440', '--/app/window/height=900', '--/renderer/multiGpu/enabled=True', '--/app/fastShutdown=True', '--/app/installSignalHandlers=0', '--ext-folder', '/data/vla-infrastructure/isaac61_production/env/lib/python3.12/site-packages/isaacsim/exts', '--ext-folder', '/data/vla-infrastructure/isaac61_production/env/lib/python3.12/site-packages/isaacsim/apps', '--/physics/cudaDevice=0', '--/plugins/carb.tasking.plugin/threadCount=16', '--/plugins/omni.tbb.globalcontrol/maxThreadCount=16', '--portable', '--no-window', '--/app/window/hideUi=1']
Passing the following args to the base kit application:  ['--output', '/data/ebulochkin/vla-runtime/live30-20261009/native-zero-delay', '--frames', '300', '--warmup', '60', '--zero-delay']
Warp 1.16.0 initialized:
   CUDA Toolkit 12.9, Driver 13.0
   Devices:
     "cpu"      : "x86_64"
     "cuda:0"   : "NVIDIA GeForce RTX 4090" (24 GiB, sm_89, mempool enabled)
   Kernel cache:
     /home/ebulochkin/.cache/warp/1.16.0
completed 1 render/encode bundles
completed 101 render/encode bundles
completed 201 render/encode bundles
completed 301 render/encode bundles
2026-10-09T11:53:45Z [15,360ms] [Warning] [carb] Plugin interface for a client: omni.hydratexture.plugin was already released.
2026-10-09T11:53:45Z [15,360ms] [Warning] [carb] Plugin interface for a client: omni.hydratexture.plugin was already released.
2026-10-09T11:53:45Z [15,360ms] [Warning] [carb] Plugin interface for a client: omni.hydratexture.plugin was already released.
[15.440s] Simulation App Shutting Down
