["/data/vla-infrastructure/core-reconcile-validation/20260919T082843.713211Z/env/bin/python", "tools/lint_docs.py", "--base", "bc6d6a387b195025fded5c954fea8954e667c73c"]
INDEX: 1046 entries; classification {'current': 122, 'historical': 924}
HISTORICAL PRESERVATION: PASS (819 frozen files vs bc6d6a387b195025fded5c954fea8954e667c73c)
KNOWN HISTORICAL INTEGRITY DEBT: UNRESOLVED; see docs/plans/DOCUMENTATION_GOVERNANCE.md. Bundle authenticity and external artifacts NOT CHECKED.
DOC GOVERNANCE CHECKS: PASS

["/data/vla-infrastructure/core-reconcile-validation/20260919T082843.713211Z/env/bin/python", "tools/lint_spec_references.py"]
SPEC REFERENCE LINT OK

["/data/vla-infrastructure/core-reconcile-validation/20260919T082843.713211Z/env/bin/python", "tools/validate_resolved_contract.py", "configs/resolved_contract.yaml"]
CONTRACT STRUCTURALLY VALID
CONTRACT SEMANTICALLY VALID
FINAL RC NOT READY
BLOCKERS: D1, G1, D2a, M1, E1, E2, E3, R0, R1, R1B, R2, D2b, DM, DQ, HIL, R3, B0

["/data/vla-infrastructure/core-reconcile-validation/20260919T082843.713211Z/env/bin/python", "tools/generate_manifest.py", "verify"]
MANIFEST OK: 110 reviewed files

["/data/vla-infrastructure/core-reconcile-validation/20260919T082843.713211Z/env/bin/ruff", "check", "/home/ebulochkin/vla_infrastructure/tools/isaac_vr_standalone.py", "/home/ebulochkin/vla_infrastructure/tools/isaac_vr_standalone_view.py", "/home/ebulochkin/vla_infrastructure/tools/isaac_vr_standalone_scene.py", "/home/ebulochkin/vla_infrastructure/tools/isaac_vr_standalone_worker.py", "/home/ebulochkin/vla_infrastructure/tools/isaac_vr_standalone_ik.py", "/home/ebulochkin/vla_infrastructure/tools/isaac_vr_live_worker.py", "/home/ebulochkin/vla_infrastructure/tools/isaac_vr_live_gpu.py", "/home/ebulochkin/vla_infrastructure/tools/isaac_vr_live_nvenc.py", "/home/ebulochkin/vla_infrastructure/tools/run_single_gpu_live_recording.py", "/home/ebulochkin/vla_infrastructure/tools/isaac_s2_runtime.py", "/home/ebulochkin/vla_infrastructure/tools/isaac_vr_injected_recording.py", "/home/ebulochkin/vla_infrastructure/tools/isaac_vr_recording.py", "/home/ebulochkin/vla_infrastructure/tests/test_isaac_vr_standalone_scene.py", "/home/ebulochkin/vla_infrastructure/tests/test_isaac_vr_standalone_owner.py", "/home/ebulochkin/vla_infrastructure/tests/test_isaac_vr_standalone_worker.py", "/home/ebulochkin/vla_infrastructure/tests/test_isaac_vr_live_media.py", "/home/ebulochkin/vla_infrastructure/docs/experiments/20261009_live_camera_recording_30hz/deep_research/live_mirror.py", "/home/ebulochkin/vla_infrastructure/docs/experiments/20261009_live_camera_recording_30hz/deep_research/verify_live_source.py", "/home/ebulochkin/vla_infrastructure/docs/experiments/20261009_live_camera_recording_30hz/deep_research/optical_witness.py", "/home/ebulochkin/vla_infrastructure/docs/experiments/20261009_live_camera_recording_30hz/meaningful_episode/export_preview.py", "/home/ebulochkin/vla_infrastructure/docs/experiments/20261009_live_camera_recording_30hz/single_gpu/check_repository.py"]
All checks passed!

["/data/vla-infrastructure/core-reconcile-validation/20260919T082843.713211Z/env/bin/python", "-m", "pytest", "-q", "tests/test_docs_governance.py", "tests/test_validator_baseline.py", "tests/test_validator_negative.py", "tests/test_manifest.py", "tests/test_isaac_vr_recording.py", "tests/test_isaac_vr_injected_recording.py", "tests/test_isaac_s2_recording_runtime.py", "tests/test_isaac_vr_recording_contract.py", "tests/test_isaac_s2_processor.py", "tests/test_isaac_s2_upstream.py", "tests/test_isaac_vr_config.py", "tests/test_isaac_vr_camera_rendering.py", "tests/test_temporal_recording_path.py", "tests/test_isaac_vr_live_media.py", "tests/test_isaac_vr_standalone_owner.py", "tests/test_isaac_vr_standalone_scene.py", "tests/test_isaac_vr_standalone_worker.py"]
........................................................................ [ 20%]
........................................................................ [ 41%]
........................................................................ [ 62%]
...................................ssssssssssssssssssssssssssss......... [ 83%]
................................................ssssssssss               [100%]
308 passed, 38 skipped in 12.91s

["git", "diff", "--check", "--", ".", ":(exclude)**/*.log"]

["git", "diff", "--cached", "--check", "--", ".", ":(exclude)**/*.log"]

