Loading user config located at: '/data/ebulochkin/vla-runtime/isaac-isaac61/kit/data/Kit/IsaacLab/3.0/user.config.json'
2026-10-06T18:59:38Z [Info] [carb] Logging to file: /data/ebulochkin/vla-runtime/isaac-isaac61/kit/logs/Kit/IsaacLab/3.0/kit_20261006_215938.log
2026-10-06T18:59:38Z [2ms] [Warning] [omni.ext.plugin] [ext: isaaclab_teleop] Extensions config 'extension.toml' doesn't exist '/data/vla-infrastructure/isaac61_production/IsaacLab/source/isaaclab_teleop' or '/data/vla-infrastructure/isaac61_production/IsaacLab/source/isaaclab_teleop/config'
2026-10-06T18:59:38Z [3ms] [Warning] [omni.ext.plugin] [ext: isaaclab_tasks] Extensions config 'extension.toml' doesn't exist '/data/vla-infrastructure/isaac61_production/IsaacLab/source/isaaclab_tasks' or '/data/vla-infrastructure/isaac61_production/IsaacLab/source/isaaclab_tasks/config'
2026-10-06T18:59:38Z [3ms] [Warning] [omni.ext.plugin] [ext: isaaclab] Extensions config 'extension.toml' doesn't exist '/data/vla-infrastructure/isaac61_production/IsaacLab/source/isaaclab' or '/data/vla-infrastructure/isaac61_production/IsaacLab/source/isaaclab/config'
2026-10-06T18:59:38Z [3ms] [Warning] [omni.ext.plugin] [ext: isaaclab_assets] Extensions config 'extension.toml' doesn't exist '/data/vla-infrastructure/isaac61_production/IsaacLab/source/isaaclab_assets' or '/data/vla-infrastructure/isaac61_production/IsaacLab/source/isaaclab_assets/config'
2026-10-06T18:59:38Z [3ms] [Warning] [omni.ext.plugin] [ext: isaaclab_newton] Extensions config 'extension.toml' doesn't exist '/data/vla-infrastructure/isaac61_production/IsaacLab/source/isaaclab_newton' or '/data/vla-infrastructure/isaac61_production/IsaacLab/source/isaaclab_newton/config'
2026-10-06T18:59:38Z [3ms] [Warning] [omni.ext.plugin] [ext: isaaclab_mimic] Extensions config 'extension.toml' doesn't exist '/data/vla-infrastructure/isaac61_production/IsaacLab/source/isaaclab_mimic' or '/data/vla-infrastructure/isaac61_production/IsaacLab/source/isaaclab_mimic/config'
2026-10-06T18:59:38Z [3ms] [Warning] [omni.ext.plugin] [ext: isaaclab_ov] Extensions config 'extension.toml' doesn't exist '/data/vla-infrastructure/isaac61_production/IsaacLab/source/isaaclab_ov' or '/data/vla-infrastructure/isaac61_production/IsaacLab/source/isaaclab_ov/config'
2026-10-06T18:59:38Z [3ms] [Warning] [omni.ext.plugin] [ext: isaaclab_ovphysx] Extensions config 'extension.toml' doesn't exist '/data/vla-infrastructure/isaac61_production/IsaacLab/source/isaaclab_ovphysx' or '/data/vla-infrastructure/isaac61_production/IsaacLab/source/isaaclab_ovphysx/config'
2026-10-06T18:59:38Z [3ms] [Warning] [omni.ext.plugin] [ext: isaaclab_physx] Extensions config 'extension.toml' doesn't exist '/data/vla-infrastructure/isaac61_production/IsaacLab/source/isaaclab_physx' or '/data/vla-infrastructure/isaac61_production/IsaacLab/source/isaaclab_physx/config'
2026-10-06T18:59:38Z [6ms] [Warning] [omni.ext.plugin] [ext: isaaclab_tasks_experimental] Extensions config 'extension.toml' doesn't exist '/data/vla-infrastructure/isaac61_production/IsaacLab/source/isaaclab_tasks_experimental' or '/data/vla-infrastructure/isaac61_production/IsaacLab/source/isaaclab_tasks_experimental/config'
2026-10-06T18:59:38Z [6ms] [Warning] [omni.ext.plugin] [ext: isaaclab_contrib] Extensions config 'extension.toml' doesn't exist '/data/vla-infrastructure/isaac61_production/IsaacLab/source/isaaclab_contrib' or '/data/vla-infrastructure/isaac61_production/IsaacLab/source/isaaclab_contrib/config'
2026-10-06T18:59:38Z [6ms] [Warning] [omni.ext.plugin] [ext: isaaclab_experimental] Extensions config 'extension.toml' doesn't exist '/data/vla-infrastructure/isaac61_production/IsaacLab/source/isaaclab_experimental' or '/data/vla-infrastructure/isaac61_production/IsaacLab/source/isaaclab_experimental/config'
2026-10-06T18:59:38Z [6ms] [Warning] [omni.ext.plugin] [ext: isaaclab_rl] Extensions config 'extension.toml' doesn't exist '/data/vla-infrastructure/isaac61_production/IsaacLab/source/isaaclab_rl' or '/data/vla-infrastructure/isaac61_production/IsaacLab/source/isaaclab_rl/config'
2026-10-06T18:59:38Z [7ms] [Warning] [omni.ext.plugin] [ext: isaaclab_visualizers] Extensions config 'extension.toml' doesn't exist '/data/vla-infrastructure/isaac61_production/IsaacLab/source/isaaclab_visualizers' or '/data/vla-infrastructure/isaac61_production/IsaacLab/source/isaaclab_visualizers/config'
WARNING: All log messages before absl::InitializeLog() is called are written to STDERR
E0000 00:00:1791313178.207088 2111574 descriptor_database.cc:633] File already exists in database: grpc/health/v1/health.proto
W0000 00:00:1791313178.207108 2111574 message.cc:301] Protobuf GeneratedMessageFactory: File is already registered: grpc/health/v1/health.proto
2026-10-06T18:59:38Z [7ms] [Warning] [omni.ext.plugin] [ext: isaaclab_ppisp] Extensions config 'extension.toml' doesn't exist '/data/vla-infrastructure/isaac61_production/IsaacLab/source/isaaclab_ppisp' or '/data/vla-infrastructure/isaac61_production/IsaacLab/source/isaaclab_ppisp/config'
[0.045s] [ext: omni.assets.plugins-0.0.0] startup
[0.046s] [ext: omni.blobkey-1.1.2] startup
[0.046s] [ext: omni.kit.async_engine-0.0.3] startup
[0.084s] [ext: omni.client.lib-1.1.1] startup
[0.091s] [ext: omni.client-1.3.0] startup
[0.094s] [ext: omni.protobuf.lib-1.0.1] startup
[0.094s] [ext: omni.grpc.lib-1.0.0] startup
[0.098s] [ext: omni.metrics.core-0.0.3] startup
[0.098s] [ext: omni.datastore-0.0.0] startup
[0.098s] [ext: omni.gpu_foundation.shadercache.vulkan-1.0.0] startup
[0.100s] [ext: omni.hsscclient-1.1.4] startup
[0.100s] [ext: omni.stats-1.0.1] startup
[0.108s] [ext: omni.ujitso.default-1.0.0] startup
[0.111s] [ext: omni.gpu_foundation-0.0.0] startup
[0.278s] [ext: carb.windowing.plugins-1.0.1] startup
[0.278s] [ext: omni.kit.renderer.init-1.0.1] startup
2026-10-06T18:59:38Z [273ms] [Warning] [omni.platforminfo.plugin] failed to open the default display.  Can't verify X Server version.
2026-10-06T18:59:38Z [388ms] [Warning] [carb.windowing-glfw.plugin] GLFW initialization failed.
2026-10-06T18:59:38Z [388ms] [Warning] [carb] Failed to startup plugin carb.windowing-glfw.plugin (interfaces: [carb::windowing::IGLContext v1.0],[carb::windowing::IWindowing v1.5]) (impl: carb.windowing-glfw.plugin)
2026-10-06T18:59:38Z [453ms] [Warning] [omni.rtx] Skipping unsupported non-NVIDIA GPU: Intel(R) Graphics (RPL-S)
2026-10-06T18:59:38Z [453ms] [Warning] [omni.rtx] Skipping unsupported non-NVIDIA GPU: Intel(R) Graphics (RPL-S)

|---------------------------------------------------------------------------------------------|
| Driver Version: 580.159.03    | Graphics API: Vulkan
|=============================================================================================|
| GPU | Name                             | Active | LDA | GPU Memory | Vendor-ID | LUID       |
|     |                                  |        |     |            | Device-ID | UUID       |
|     |                                  |        |     |            | Bus-ID    |            |
|---------------------------------------------------------------------------------------------|
| 0   | NVIDIA GeForce RTX 4090          | Yes: 0 |     | 24564   MB | 10de      | 0          |
|     |                                  |        |     |            | 2684      | 0b554a02.. |
|     |                                  |        |     |            | 1         |            |
|---------------------------------------------------------------------------------------------|
| 1   | Intel(R) Graphics (RPL-S)        |        |     | 23894   MB | 8086      | 0          |
|     |                                  |        |     |            | a780      | 868080a7.. |
|     |                                  |        |     |            | 0         |            |
|=============================================================================================|
| OS: 22.04.5 LTS (Jammy Jellyfish) ubuntu, Version: 22.04.5, Kernel: 6.8.0-124-generic
| Processor: 13th Gen Intel(R) Core(TM) i7-13700K
| Bare Metal Cores: 16 | Bare Metal Logical Cores: 32
| Available Cores:  24 
|---------------------------------------------------------------------------------------------|
| Total Memory (MB): 31859 | Free Memory: 26342
| Total Page/Swap (MB): 67583 | Free Page/Swap: 64191
|---------------------------------------------------------------------------------------------|
2026-10-06T18:59:38Z [679ms] [Warning] [omni.rtx] CPU performance profile is set to powersave. This profile sets the CPU to the lowest frequency reducing performance.
2026-10-06T18:59:38Z [680ms] [Warning] [omni.rtx] IOMMU is enabled.
[0.820s] [ext: omni.kit.pipapi-0.0.0] startup
[0.821s] [ext: omni.kit.telemetry-0.5.2] startup
[0.843s] [ext: omni.kit.loop-isaac-1.6.2] startup
[0.844s] [ext: omni.kit.test-2.1.1] startup
[0.872s] [ext: omni.materialx.libs-1.0.9] startup
[0.877s] [ext: omni.gpucompute.plugins-0.0.0] startup
[0.878s] [ext: omni.usd.config-1.0.8] startup
[0.880s] [ext: omni.usd.libs-1.0.3] startup
[0.951s] [ext: omni.iray.libs-0.0.1] startup
[0.955s] [ext: omni.mdl-57.0.6] startup
[0.967s] [ext: omni.mdl.neuraylib-0.2.22] startup
[0.968s] [ext: omni.kit.usd.mdl-1.1.11] startup
[1.040s] [ext: omni.appwindow-1.2.2] startup
[1.041s] [ext: omni.kit.renderer.core-1.3.1] startup
2026-10-06T18:59:39Z [1,024ms] [Warning] [carb.windowing-glfw.plugin] GLFW initialization failed.
2026-10-06T18:59:39Z [1,024ms] [Warning] [carb] Failed to startup plugin carb.windowing-glfw.plugin (interfaces: [carb::windowing::IGLContext v1.0],[carb::windowing::IWindowing v1.5]) (impl: carb.windowing-glfw.plugin)
[1.064s] [ext: omni.kit.renderer.capture-2.0.1] startup
[1.066s] [ext: omni.kit.renderer.imgui-2.1.0] startup
2026-10-06T18:59:39Z [1,040ms] [Warning] [carb.windowing-glfw.plugin] GLFW initialization failed.
2026-10-06T18:59:39Z [1,040ms] [Warning] [carb] Failed to startup plugin carb.windowing-glfw.plugin (interfaces: [carb::windowing::IGLContext v1.0],[carb::windowing::IWindowing v1.5]) (impl: carb.windowing-glfw.plugin)
2026-10-06T18:59:39Z [1,041ms] [Warning] [carb.windowing-glfw.plugin] GLFW initialization failed.
2026-10-06T18:59:39Z [1,041ms] [Warning] [carb] Failed to startup plugin carb.windowing-glfw.plugin (interfaces: [carb::windowing::IGLContext v1.0],[carb::windowing::IWindowing v1.5]) (impl: carb.windowing-glfw.plugin)
[1.108s] [ext: omni.ui-3.3.1] startup
[1.115s] [ext: omni.kit.mainwindow-1.0.4] startup
[1.116s] [ext: carb.audio-0.1.0] startup
[1.118s] [ext: omni.uiaudio-1.0.0] startup
[1.119s] [ext: omni.kit.uiapp-0.0.0] startup
[1.119s] [ext: omni.usd.schema.metrics.assembler-110.1.0] startup
[1.121s] [ext: omni.usd.schema.anim-0.0.1] startup
[1.134s] [ext: omni.usd.schema.audio-0.0.1] startup
[1.136s] [ext: omni.usd.schema.geospatial-0.0.1] startup
[1.138s] [ext: omni.usd.schema.semantics-0.0.0] startup
[1.139s] [ext: omni.activity.core-1.0.4] startup
[1.140s] [ext: omni.cubric-0.1.0] startup
[1.140s] [ext: omni.graph.exec-0.9.6] startup
[1.141s] [ext: omni.usd_resolver-1.0.0] startup
[1.143s] [ext: omni.usd.core-1.10.10] startup
[1.145s] [ext: omni.hydra.scene_delegate-0.3.5] startup
[1.148s] [ext: usdrt.scenegraph-7.6.3] startup
[1.165s] [ext: omni.hydra.usdrt_delegate-7.5.2] startup
[1.170s] [ext: omni.kit.actions.core-1.2.0] startup
[1.171s] [ext: omni.kit.audiodeviceenum-1.0.2] startup
[1.172s] [ext: omni.kit.commands-1.5.0] startup
[1.174s] [ext: omni.kit.exec.core-0.13.6] startup
[1.175s] [ext: omni.kit.usd_undo-0.1.8] startup
[1.175s] [ext: omni.kit.window.popup_dialog-2.0.26] startup
[1.177s] [ext: omni.kit.widget.connection_manager-1.0.3] startup
[1.181s] [ext: omni.timeline-1.1.0] startup
[1.182s] [ext: omni.usd-1.18.0] startup
[1.225s] [ext: omni.kit.asset_converter-6.0.5] startup
2026-10-06T18:59:39Z [1,198ms] [Warning] [asset_converter_native_bindings._bootstrap] A different OpenUSD (pxr) build was already imported from /data/vla-infrastructure/isaac61_production/env/lib/python3.12/site-packages/isaacsim/extscache/omni.usd.schema.anim-0.0.1+00c488ae.lx64.r.cp312/pxr before usd-convert-asset loaded. The host pxr bindings will remain in use rather than reloading the bundled OpenUSD at /data/vla-infrastructure/isaac61_production/env/lib/python3.12/site-packages/isaacsim/extscache/omni.kit.asset_converter-6.0.5+110.1.1.lx64.r.cp312.u7f4/asset_converter_native_bindings/libs/lib/python/pxr, /data/vla-infrastructure/isaac61_production/env/lib/python3.12/site-packages/isaacsim/extscache/omni.kit.asset_converter-6.0.5+110.1.1.lx64.r.cp312.u7f4/asset_converter_native_bindings/libs/python/pxr. Mixing USD builds in one process can cause ABI and singleton conflicts; prefer importing usd_convert_asset first, or run the converter in a separate process/venv when mixing unrelated USD builds.
[1.234s] [ext: omni.usd.schema.newton-1.4.0] startup
[1.234s] [ext: omni.usd.schema.mujoco-1.1.4] startup
[1.235s] [ext: omni.usd.schema.omni_dome_light-1.0.0] startup
[1.236s] [ext: omni.usd.schema.omni_projectors-1.0.0] startup
[1.236s] [ext: omni.usd.schema.omni_sensors-0.0.0] startup
[1.241s] [ext: omni.usd.schema.omnigraph-1.0.1] startup
[1.246s] [ext: omni.usd.schema.physical_lighting-0.1.0] startup
[1.248s] [ext: omni.usd.schema.physx-110.3.2] startup
[1.269s] [ext: omni.usd.schema.render_settings.rtx-1.0.3] startup
[1.271s] [ext: omni.usd.schema.usd_particle_field-1.0.0] startup
[1.272s] [ext: omni.kit.clipboard-1.1.1] startup
[1.272s] [ext: omni.kit.menu.core-1.3.0] startup
[1.273s] [ext: omni.kit.usd.layers-2.7.2] startup
[1.278s] [ext: omni.kit.widget.context_menu-1.5.0] startup
[1.279s] [ext: omni.kit.context_menu-1.10.0] startup
[1.280s] [ext: omni.kit.helper.file_utils-0.1.10] startup
[1.282s] [ext: omni.kit.hotkeys.core-1.4.0] startup
[1.284s] [ext: omni.kit.menu.utils-2.2.8] startup
[1.287s] [ext: omni.kit.notification_manager-1.0.16] startup
[1.288s] [ext: omni.kit.stage_template.core-1.1.23] startup
[1.288s] [ext: omni.kit.widget.path_field-2.0.13] startup
[1.289s] [ext: omni.kit.widget.browser_bar-2.0.11] startup
[1.289s] [ext: omni.kit.widget.filebrowser-2.14.0] startup
[1.292s] [ext: omni.kit.widget.options_menu-1.1.7] startup
[1.294s] [ext: omni.kit.widget.filter-1.1.8] startup
[1.294s] [ext: omni.kit.widget.nucleus_connector-2.4.0] startup
[1.294s] [ext: omni.kit.widget.options_button-1.0.3] startup
[1.295s] [ext: omni.kit.widget.prompt-1.0.7] startup
[1.295s] [ext: omni.kit.widget.searchfield-1.1.8] startup
[1.296s] [ext: omni.ui.scene-2.0.4] startup
[1.299s] [ext: omni.kit.window.filepicker-3.0.14] startup
[1.309s] [ext: omni.kit.window.file_exporter-1.0.38] startup
[1.310s] [ext: omni.kit.widget.stage-4.6.5] startup
[1.316s] [ext: omni.kit.window.content_browser_registry-0.0.6] startup
[1.316s] [ext: omni.kit.window.drop_support-1.0.8] startup
[1.316s] [ext: omni.kit.window.file_importer-1.1.22] startup
[1.317s] [ext: omni.kit.window.file-2.0.15] startup
[1.318s] [ext: omni.kit.window.content_browser-3.1.12] startup
[1.325s] [ext: omni.kit.widget.layers-1.9.3] startup
[1.332s] [ext: omni.inspect-1.0.2] startup
[1.333s] [ext: omni.graph.core-3.1.5] startup
[1.335s] [ext: isaacsim.core.deprecation_manager-0.4.4] startup
[1.336s] [ext: isaacsim.core.version-2.2.1] startup
[1.337s] [ext: omni.graph.tools-1.81.0] startup
[1.350s] [ext: omni.graph-1.142.5] startup
[1.374s] [ext: omni.graph.action_core-1.1.9] startup
[1.376s] [ext: omni.graph.action_nodes_core-2.11.0] startup
[1.378s] [ext: omni.graph.action_nodes-2.11.0] startup
[1.398s] [ext: omni.graph.action-2.10.2] startup
[1.399s] [ext: omni.hydra.engine.stats-1.0.5] startup
[1.402s] [ext: omni.hydra.rtx.shadercache.vulkan-1.0.0] startup
[1.403s] [ext: omni.index.libs-392300.961.0] startup
[1.403s] [ext: omni.index-1.0.1] startup
[1.403s] [ext: omni.ujitso.client-0.0.0] startup
[1.403s] [ext: omni.usd.schema.playback-1.1.0] startup
[1.404s] [ext: omni.volume-0.5.2] startup
[1.408s] [ext: omni.hydra.rtx-1.0.4] startup
2026-10-06T18:59:39Z [1,394ms] [Warning] [omni.log] Source: omni.hydra was already registered.
[1.436s] [ext: omni.kit.hydra_texture-1.6.2] startup
[1.439s] [ext: omni.kit.manipulator.viewport-107.0.1] startup
[1.441s] [ext: omni.kit.material.library-3.1.7] startup
[1.446s] [ext: omni.kit.raycast.query-1.2.0] startup
[1.451s] [ext: omni.kit.viewport.legacy_gizmos-1.0.24] startup
[1.453s] [ext: omni.kit.viewport.registry-104.0.6] startup
[1.453s] [ext: omni.kit.viewport.scene_camera_model-1.0.7] startup
[1.457s] [ext: omni.kit.widget.viewport-110.0.0] startup
[1.459s] [ext: omni.kit.viewport.window-110.0.1] startup
[1.469s] [ext: omni.kit.viewport.utility-2.1.0] startup
[1.470s] [ext: omni.graph.visualization.nodes-2.1.4] startup
[1.485s] [ext: omni.kit.property.adapter.core-1.1.1] startup
[1.487s] [ext: omni.kit.property.adapter.usd-1.0.6] startup
[1.488s] [ext: omni.kit.widget.highlight_label-1.0.3] startup
[1.488s] [ext: omni.kit.window.property-1.15.2] startup
[1.502s] [ext: omni.kit.property.usd-4.9.14] startup
[1.509s] [ext: omni.kit.widget.text_editor-1.1.1] startup
[1.510s] [ext: omni.kit.window.extensions-1.5.16] startup
[1.513s] [ext: omni.physics-110.3.2] startup
[1.515s] [ext: isaacsim.gui.components-1.8.9] startup
[1.519s] [ext: isaacsim.simulation_app-2.19.0] startup
[1.519s] [ext: isaacsim.storage.native-1.11.0] startup
[1.521s] [ext: omni.kit.primitive.mesh-1.1.1] startup
[1.523s] [ext: omni.kit.stage_templates-2.0.3] startup
[1.524s] [ext: omni.anim.curve.core-1.6.1] startup
[1.531s] [ext: omni.convexdecomposition-110.3.2] startup
[1.533s] [ext: omni.graph.image.core-0.6.1] startup
[1.534s] [ext: omni.graph.image.nodes-1.3.2] startup
[1.534s] [ext: omni.graph.nodes_core-2.11.0] startup
[1.539s] [ext: omni.graph.nodes-2.12.0] startup
[1.544s] [ext: omni.graph.scriptnode-2.10.2] startup
[1.562s] [ext: omni.graph.ui_nodes-2.11.1] startup
[1.584s] [ext: omni.kit.manipulator.camera-110.1.0] startup
[1.587s] [ext: omni.kit.manipulator.selector-1.1.4] startup
[1.588s] [ext: omni.kit.widget.searchable_combobox-1.0.7] startup
[1.588s] [ext: omni.kit.widget.settings-2.0.1] startup
[1.590s] [ext: omni.kit.window.preferences-1.8.5] startup
[1.593s] [ext: omni.kit.manipulator.transform-107.0.1] startup
[1.596s] [ext: omni.kit.widget.toolbar-2.1.0] startup
[1.600s] [ext: omni.kit.manipulator.tool.snap-1.5.15] startup
[1.603s] [ext: omni.kit.viewport.manipulator.transform-107.0.4] startup
[1.604s] [ext: omni.kit.manipulator.prim.core-108.0.2] startup
[1.608s] [ext: omni.kit.manipulator.prim.usd-107.0.3] startup
[1.609s] [ext: omni.kit.manipulator.prim-108.0.0] startup
[1.609s] [ext: omni.kit.manipulator.selection-110.0.0] startup
[1.610s] [ext: omni.kit.menu.create-2.0.2] startup
[1.612s] [ext: omni.kit.widget.stage_icons-1.0.8] startup
[1.612s] [ext: omni.kit.window.stage-2.6.1] startup
[1.615s] [ext: omni.kit.menu.stage-1.2.7] startup
[1.616s] [ext: omni.kit.property.audio-1.0.18] startup
[1.619s] [ext: omni.kit.property.camera-1.0.14] startup
[1.620s] [ext: omni.kit.property.geometry-2.1.2] startup
[1.622s] [ext: omni.kit.property.light-1.0.16] startup
[1.651s] [ext: omni.kit.property.material-1.14.10] startup
[1.655s] [ext: omni.kit.property.render-1.2.2] startup
[1.657s] [ext: omni.kit.property.transform-1.6.12] startup
[1.659s] [ext: omni.kit.property.bundle-1.5.2] startup
[1.661s] [ext: omni.kit.stagerecorder.core-110.0.14] startup
[1.664s] [ext: omni.kit.stagerecorder.ui-110.0.2] startup
[1.666s] [ext: omni.kit.stagerecorder.bundle-110.0.2] startup
[1.666s] [ext: omni.kit.usd.collect-3.0.6] startup
[1.668s] [ext: omni.kit.usdz_export-1.1.1] startup
[1.671s] [ext: omni.kit.tool.asset_importer-6.0.2] startup
[1.675s] [ext: omni.kit.tool.collect-2.2.19] startup
[1.676s] [ext: omni.kit.ui.actions-1.0.5] startup
[1.681s] [ext: omni.kit.viewport.actions-110.1.0] startup
[1.684s] [ext: omni.kit.viewport.menubar.core-110.0.3] startup
[1.694s] [ext: omni.kit.viewport.menubar.camera-107.0.14] startup
[1.697s] [ext: omni.kit.viewport.menubar.display-110.0.0] startup
[1.699s] [ext: omni.kit.viewport.menubar.lighting-107.3.2] startup
[1.700s] [ext: omni.kit.viewport.menubar.render-110.1.1] startup
[1.702s] [ext: omni.kit.viewport.menubar.settings-110.0.1] startup
[1.705s] [ext: omni.kit.window.console-1.1.10] startup
[1.707s] [ext: omni.kit.window.script_editor-2.0.10] startup
[1.709s] [ext: omni.kit.window.status_bar-0.1.11] startup
[1.711s] [ext: omni.kit.window.toolbar-3.0.3] startup
[1.713s] [ext: omni.ocio-0.1.1] startup
[1.714s] [ext: omni.physx.gpu-110.3.2] startup
[1.714s] [ext: omni.physx.foundation-110.3.2] startup
[1.716s] [ext: omni.usdphysics-110.3.2] startup
[1.717s] [ext: omni.physx.cooking-110.3.2] startup
[1.720s] [ext: omni.physx-110.3.2] startup
[1.728s] [ext: omni.physics.physx-110.3.2] startup
[1.730s] [ext: omni.physics.stageupdate-110.3.2] startup
[1.731s] [ext: omni.physics.tensors-110.3.2] startup
[1.735s] [ext: omni.physx.fabric-110.3.2] startup
[1.737s] [ext: omni.physx.tensors-110.3.2] startup
[1.740s] [ext: omni.rtx.window.settings-0.8.2] startup
[1.743s] [ext: omni.rtx.settings.core-0.7.1] startup
[1.745s] [ext: omni.usd.metrics.assembler-110.1.2] startup
[1.748s] [ext: omni.usWarning: Possible version incompatibility. Attempting to load omni::fabric::IStageReaderWriter with version v0.16 against v0.14.
d.metrics.assembler.ui-110.1.1] startup
[1.753s] [ext: omni.kit.menu.common-2.0.2] startup
[1.754s] [ext: isaaclab.python-3.0.0] startup
[1.754s] [ext: omni.fabric.commands-2.0.0] startup
[1.756s] [ext: omni.kit.scene_view.xr-1.0.4] startup
[1.760s] [ext: omni.kit.scene_view.xr_utils-1.0.2] startup
[1.764s] [ext: omni.ui_query-1.1.12] startup
[1.765s] [ext: omni.kit.ui_test-1.5.3] startup
[1.766s] [ext: omni.kit.xr.core-109.1.0] startup
2026-10-06T18:59:39Z [1,741ms] [Warning] [omni.usd] HydraEngineManager::findEngineUidImpl - can't find hydra engine for name: 'rtx', index: 4294967295, context ptr: 0x24c7b140
[1.794s] [ext: omni.kit.xr.system.openxr-109.1.0] startup
[1.799s] [ext: omni.kit.xr.ui.window.viewport-109.0.0] startup
[1.802s] [ext: omni.kit.xr.ui.window.profile-109.0.0] startup
[1.809s] [ext: omni.syntheticdata-0.6.17] startup
[1.838s] [ext: omni.replicator.nv-1.1.6] startup
[1.843s] [ext: omni.videoencoding-0.2.1] startup
[1.844s] [ext: omni.replicator.core-1.13.36] startup
2026-10-06T18:59:39Z [1,824ms] [Warning] [pxr.Semantics] pxr.Semantics is deprecated - please use Semantics instead
2026-10-06T18:59:40Z [1,872ms] [Warning] [omni.replicator.core.scripts.extension] No material configuration file, adding configuration to material settings directly.
[2.135s] [ext: isaaclab.python.xr.openxr-3.0.0] startup
[2.135s] [ext: isaacsim.core.experimental.utils-0.23.0] startup
[2.136s] [ext: omni.usdex.libs-2.3.0] startup
[2.143s] [ext: isaacsim.core.simulation_manager-1.17.1] startup
[2.153s] [ext: isaacsim.test.docstring-1.3.2] startup
[2.156s] [ext: isaacsim.core.experimental.prims-1.10.8] startup
[2.166s] [ext: isaacsim.core.experimental.primdata-0.3.6] startup
[2.169s] [ext: isaacsim.replicator.episode_recorder-0.1.6] startup
[2.174s] Simulation App Starting
2026-10-06T18:59:40Z [2,211ms] [Warning] [carb.audio.device] audio device is misconfigured or broken {deviceIndex = 0, name = 'default'} (The device is likely misconfigured, check your $HOME/.asoundrc)
2026-10-06T18:59:40Z [2,211ms] [Warning] [carb.audio.output] failed to retrieve the capabilities for device 0 {result = eDeviceLost (2)}
2026-10-06T18:59:40Z [2,211ms] [Warning] [carb.audio.context] failed to set the requested output during context creation.  Using a null streamer instead {result = eDeviceLost (2)}
2026-10-06T18:59:40Z [2,715ms] [Warning] [rtx.hydra] RenderDelegate : Warning /rtx/hydra/readTransformsFromFabricInRenderDelegate and geometry streaming are enabled together but this can cause issues with dynamic objects not streaming correctly due to problems in the transform update.
[2.854s] Simulation App Startup Complete
[2.924s] app ready
[ISAACLAB] AppLauncher initialization complete
[ISAACLAB] Kit version: 110.3.0+feature.371399.00c488ae.gl
[ISAACLAB] Kit kernel:  210.3.2+release.14366.2926fc80.gl
[ISAACLAB] Kit hash:    00c488ae
[S1] loading checked configuration
[VR] profile=dual_cube_to_matching_plates physical_human_gate=required
[INFO]: Registered backend 'physx' for factory RigidObject.
[INFO]: Registered backend 'physx' for factory Articulation.
[INFO]: Registered backend 'physx' for factory ContactSensor.
[INFO]: Simulation parameters for joints in /World/LeftPiper:
+---------------------------------------------------------------------------------------------------------------------------------------------------------------------+
|                                                      Simulation Joint Information (Prim path: /World/LeftPiper)                                                     |
+-------+----------------+-----------+---------+----------+-----------------+------------------+------------------+-----------------+-----------------+---------------+
| Index | Name           | Stiffness | Damping | Armature | Static Friction | Dynamic Friction | Viscous Friction | Position Limits | Velocity Limits | Effort Limits |
+-------+----------------+-----------+---------+----------+-----------------+------------------+------------------+-----------------+-----------------+---------------+
|   0   | joint1         |  400.000  |  40.000 |  0.000   |      0.000      |      0.000       |      0.000       | [-2.618, 2.618] |      5.000      |    100.000    |
|   1   | joint2         |  400.000  |  40.000 |  0.000   |      0.000      |      0.000       |      0.000       |  [0.000, 3.142] |      5.000      |    100.000    |
|   2   | joint3         |  400.000  |  40.000 |  0.000   |      0.000      |      0.000       |      0.000       | [-2.967, 0.000] |      5.000      |    100.000    |
|   3   | joint4         |  400.000  |  40.000 |  0.000   |      0.000      |      0.000       |      0.000       | [-1.553, 1.553] |      5.000      |    100.000    |
|   4   | joint5         |  400.000  |  40.000 |  0.000   |      0.000      |      0.000       |      0.000       | [-1.553, 1.553] |      5.000      |    100.000    |
|   5   | joint6         |  400.000  |  40.000 |  0.000   |      0.000      |      0.000       |      0.000       | [-2.094, 2.094] |      5.000      |    100.000    |
|   6   | gripper        |  400.000  |  40.000 |  0.000   |      0.000      |      0.000       |      0.000       |  [0.000, 0.100] |      3.000      |     2.000     |
|   7   | gripper_joint1 |   0.000   |  0.000  |  0.000   |      0.000      |      0.000       |      0.000       |  [0.000, 0.050] |      3.000      |     1.000     |
|   8   | gripper_joint2 |   0.000   |  0.000  |  0.000   |      0.000      |      0.000       |      0.000       | [-0.050, 0.000] |      3.000      |     1.000     |
+-------+----------------+-----------+---------+----------+-----------------+------------------+------------------+-----------------+-----------------+---------------+
[INFO]: Simulation parameters for joints in /World/RightPiper:
+---------------------------------------------------------------------------------------------------------------------------------------------------------------------+
|                                                     Simulation Joint Information (Prim path: /World/RightPiper)                                                     |
+-------+----------------+-----------+---------+----------+-----------------+------------------+------------------+-----------------+-----------------+---------------+
| Index | Name           | Stiffness | Damping | Armature | Static Friction | Dynamic Friction | Viscous Friction | Position Limits | Velocity Limits | Effort Limits |
+-------+----------------+-----------+---------+----------+-----------------+------------------+------------------+-----------------+-----------------+---------------+
|   0   | joint1         |  400.000  |  40.000 |  0.000   |      0.000      |      0.000       |      0.000       | [-2.618, 2.618] |      5.000      |    100.000    |
|   1   | joint2         |  400.000  |  40.000 |  0.000   |      0.000      |      0.000       |      0.000       |  [0.000, 3.142] |      5.000      |    100.000    |
|   2   | joint3         |  400.000  |  40.000 |  0.000   |      0.000      |      0.000       |      0.000       | [-2.967, 0.000] |      5.000      |    100.000    |
|   3   | joint4         |  400.000  |  40.000 |  0.000   |      0.000      |      0.000       |      0.000       | [-1.553, 1.553] |      5.000      |    100.000    |
|   4   | joint5         |  400.000  |  40.000 |  0.000   |      0.000      |      0.000       |      0.000       | [-1.553, 1.553] |      5.000      |    100.000    |
|   5   | joint6         |  400.000  |  40.000 |  0.000   |      0.000      |      0.000       |      0.000       | [-2.094, 2.094] |      5.000      |    100.000    |
|   6   | gripper        |  400.000  |  40.000 |  0.000   |      0.000      |      0.000       |      0.000       |  [0.000, 0.100] |      3.000      |     2.000     |
|   7   | gripper_joint1 |   0.000   |  0.000  |  0.000   |      0.000      |      0.000       |      0.000       |  [0.000, 0.050] |      3.000      |     1.000     |
|   8   | gripper_joint2 |   0.000   |  0.000  |  0.000   |      0.000      |      0.000       |      0.000       | [-0.050, 0.000] |      3.000      |     1.000     |
+-------+----------------+-----------+---------+----------+-----------------+------------------+------------------+-----------------+-----------------+---------------+
/home/ebulochkin/vla_infrastructure/.worktrees/vr-recording-ui/tools/isaac_vr_runtime.py:969: UserWarning: PhysX does not return a total contact force. This is a known limitation in PhysX and we are fixing it for the next release. Returning 'net_normal_forces_w'.
  float(np.linalg.norm(_cpu(sensor.data.net_forces_w), axis=-1).max(initial=0.0))
[DEMO] validation={'observation_capture': None, 'camera_rendering': 'usd_prims_only', 'camera_prim_valid': {'left_wrist': True, 'right_wrist': True, 'scene': True}, 'zed_mounts': {'left_wrist': {'root_path': '/World/LeftPiper/Geometry/world/base_link/link1/link2/link3/link4/link5/link6/flange_link/gripper_base/ZEDCamera', 'prim_path': '/World/LeftPiper/Geometry/world/base_link/link1/link2/link3/link4/link5/link6/flange_link/gripper_base/ZEDCamera/base_link/ZED_XONE_GS/Camera', 'usd': '/data/vla-infrastructure/assets/zed-isaac-sim/exts/sl.sensor.camera/data/usd/ZED_XONE_GS.usdc', 'desired_optical_matrix': [[-1.128272697492605e-08, -1.0000000101104936, -4.476568138400694e-08, 0.0], [-0.9986295407656665, -1.128272697492605e-08, 0.05233603472888548, 0.0], [-0.05233603472888548, 4.476568138400694e-08, -0.99862955087616, 0.0], [-0.06, 0.0, 0.01, 1.0]], 'authored_optical_matrix': [[0.0, -1.0000000000000004, 2.220446049250313e-16, 0.0], [-9.992007221626409e-16, 0.0, 1.0000000000000002, 0.0], [-1.0000000000000002, -2.220446049250313e-16, -1.3322676295501878e-15, 0.0], [0.028, 4.017068566816438e-32, 0.0155141094471127, 1.0]], 'mount_physics': 'parented_massless_no_collision', 'revision': '0164268ca123fa4549fc9d2062c1fd55cf7996dc', 'model': 'ZED_XONE_GS', 'resolution': 'SVGA', 'native_resolution': [960, 600], 'source_sha256': {'exts/sl.sensor.camera/sl/sensor/camera/__init__.py': '17e0e3f6728d88c75ab3b403aff44ea431deab135a8d03b4c9d3c56eddc18c7a', 'exts/sl.sensor.camera/sl/sensor/camera/utils.py': 'aa76d1a22bbc97ab5874c3aca77afcddbffa11a9659127f54005f31bf65e5ea0', 'exts/sl.sensor.camera/sl/sensor/camera/isaaclab_utils.py': 'de40752a386b4c7b59be07fbf91d771223eabc11c6c32fecbd23ff5361b4b7c4', 'exts/sl.sensor.camera/data/usd/ZED_XONE_GS.usdc': 'c93196a2a23cef9f5422ea848309143f1b4a2b8ba04974e3ea3e88c52ced6eb7'}, 'path': 'isaac_lab_authored_usd_sdk_free'}, 'right_wrist': {'root_path': '/World/RightPiper/Geometry/world/base_link/link1/link2/link3/link4/link5/link6/flange_link/gripper_base/ZEDCamera', 'prim_path': '/World/RightPiper/Geometry/world/base_link/link1/link2/link3/link4/link5/link6/flange_link/gripper_base/ZEDCamera/base_link/ZED_XONE_GS/Camera', 'usd': '/data/vla-infrastructure/assets/zed-isaac-sim/exts/sl.sensor.camera/data/usd/ZED_XONE_GS.usdc', 'desired_optical_matrix': [[-1.128272697492605e-08, -1.0000000101104936, -4.476568138400694e-08, 0.0], [-0.9986295407656665, -1.128272697492605e-08, 0.05233603472888548, 0.0], [-0.05233603472888548, 4.476568138400694e-08, -0.99862955087616, 0.0], [-0.06, 0.0, 0.01, 1.0]], 'authored_optical_matrix': [[0.0, -1.0000000000000004, 2.220446049250313e-16, 0.0], [-9.992007221626409e-16, 0.0, 1.0000000000000002, 0.0], [-1.0000000000000002, -2.220446049250313e-16, -1.3322676295501878e-15, 0.0], [0.028, 4.017068566816438e-32, 0.0155141094471127, 1.0]], 'mount_physics': 'parented_massless_no_collision', 'revision': '0164268ca123fa4549fc9d2062c1fd55cf7996dc', 'model': 'ZED_XONE_GS', 'resolution': 'SVGA', 'native_resolution': [960, 600], 'source_sha256': {'exts/sl.sensor.camera/sl/sensor/camera/__init__.py': '17e0e3f6728d88c75ab3b403aff44ea431deab135a8d03b4c9d3c56eddc18c7a', 'exts/sl.sensor.camera/sl/sensor/camera/utils.py': 'aa76d1a22bbc97ab5874c3aca77afcddbffa11a9659127f54005f31bf65e5ea0', 'exts/sl.sensor.camera/sl/sensor/camera/isaaclab_utils.py': 'de40752a386b4c7b59be07fbf91d771223eabc11c6c32fecbd23ff5361b4b7c4', 'exts/sl.sensor.camera/data/usd/ZED_XONE_GS.usdc': 'c93196a2a23cef9f5422ea848309143f1b4a2b8ba04974e3ea3e88c52ced6eb7'}, 'path': 'isaac_lab_authored_usd_sdk_free'}, 'scene': {'root_path': '/World/RobosynDemo/SceneCamera', 'prim_path': '/World/RobosynDemo/SceneCamera/base_link/ZED_XONE_GS/Camera', 'usd': '/data/vla-infrastructure/assets/zed-isaac-sim/exts/sl.sensor.camera/data/usd/ZED_XONE_GS.usdc', 'desired_optical_matrix': [[-0.09053571053065212, -0.9958932721335501, 8.790356886834161e-08, 0.0], [0.7027523997508567, -0.06388650676576368, 0.7085603010477186, 0.0], [-0.7056503908631306, 0.06415002802456371, 0.7056502911117644, 0.0], [0.1, 0.05, 1.43, 1.0]], 'authored_optical_matrix': [[0.0, -1.0000000000000004, 2.220446049250313e-16, 0.0], [-9.992007221626409e-16, 0.0, 1.0000000000000002, 0.0], [-1.0000000000000002, -2.220446049250313e-16, -1.3322676295501878e-15, 0.0], [0.028, 4.017068566816438e-32, 0.0155141094471127, 1.0]], 'mount_physics': 'parented_massless_no_collision', 'revision': '0164268ca123fa4549fc9d2062c1fd55cf7996dc', 'model': 'ZED_XONE_GS', 'resolution': 'SVGA', 'native_resolution': [960, 600], 'source_sha256': {'exts/sl.sensor.camera/sl/sensor/camera/__init__.py': '17e0e3f6728d88c75ab3b403aff44ea431deab135a8d03b4c9d3c56eddc18c7a', 'exts/sl.sensor.camera/sl/sensor/camera/utils.py': 'aa76d1a22bbc97ab5874c3aca77afcddbffa11a9659127f54005f31bf65e5ea0', 'exts/sl.sensor.camera/sl/sensor/camera/isaaclab_utils.py': 'de40752a386b4c7b59be07fbf91d771223eabc11c6c32fecbd23ff5361b4b7c4', 'exts/sl.sensor.camera/data/usd/ZED_XONE_GS.usdc': 'c93196a2a23cef9f5422ea848309143f1b4a2b8ba04974e3ea3e88c52ced6eb7'}, 'path': 'isaac_lab_authored_usd_sdk_free'}}, 'zed_pose_readback': {'left_wrist': {'max_matrix_error': 1.734723475976807e-18, 'passed': True, 'actual_optical_matrix': [[-1.128272697492605e-08, -1.0000000101104936, -4.476568138400694e-08, 0.0], [-0.9986295407656665, -1.128272697492605e-08, 0.05233603472888548, 0.0], [-0.05233603472888548, 4.476568138400694e-08, -0.99862955087616, 0.0], [-0.06, 2.0679515313825692e-25, 0.009999999999999998, 1.0]]}, 'right_wrist': {'max_matrix_error': 1.734723475976807e-18, 'passed': True, 'actual_optical_matrix': [[-1.128272697492605e-08, -1.0000000101104936, -4.476568138400694e-08, 0.0], [-0.9986295407656665, -1.128272697492605e-08, 0.05233603472888548, 0.0], [-0.05233603472888548, 4.476568138400694e-08, -0.99862955087616, 0.0], [-0.06, 2.0679515313825692e-25, 0.009999999999999998, 1.0]]}, 'scene': {'max_matrix_error': 1.1102230246251565e-16, 'passed': True, 'actual_optical_matrix': [[-0.09053571053065212, -0.9958932721335501, 8.790356886834161e-08, 0.0], [0.7027523997508567, -0.06388650676576368, 0.7085603010477186, 0.0], [-0.7056503908631305, 0.06415002802456371, 0.7056502911117644, 0.0], [0.1, 0.05, 1.43, 1.0]]}}, 'candidate_home_used': True, 'maximum_home_error_deg_or_mm': 8.281654473307754e-09, 'finite_state': True, 'maximum_arm_contact_force_n': {'left': 0.0, 'right': 0.0}, 'collision_free_at_home': True, 'home_tcp_world_m': {'left': [0.5789287686347961, 0.1740923523902893, 1.0264804363250732], 'right': [0.5789287090301514, -0.1740923523902893, 1.0264804363250732]}, 'home_tcp_separation_m': 0.3481847047805837, 'maximum_profile_reset_position_error_m': 0.002000272274017334, 'wrist_shapes': {}, 'scene_camera': {'rendered': False}, 'imported_prim_valid': {}, 'required_prim_valid': {'/World/RobosynDemo/Table': True, '/World/RobosynDemo/Backdrop': True, '/World/LeftPiper': True, '/World/RightPiper': True, '/World/RobosynDemo/SceneCamera': True, '/World/RobosynDemo/LeftCube': True, '/World/RobosynDemo/RightCube': True, '/World/RobosynDemo/LeftPlate': True, '/World/RobosynDemo/RightPlate': True}, 'table_collision_api': True, 'passed': True}
[S2] CloudXR 6.2.1 profile=cloudxrjs kit_xr_bridge=True
{"event": "human_recording_state", "state": "waiting", "buttons": {"start": "X", "stop": "Y", "save": "X", "discard": "B", "success": "X", "failure": "Y", "incomplete": "B"}}
[INFO]: CloudXR auto-launch skipped (ISAACLAB_CXR_SKIP_AUTOLAUNCH=1)
[INFO]: XR enabled changed to: True
[INFO]: Enabled /xr/profile/ar/enabled via carb.settings
[INFO]: OpenXR handles not yet available (waiting for XR session); IsaacTeleop session creation deferred
[INFO]: Required extensions: ['XR_KHR_convert_timespec_time', 'XR_NVX1_action_context', 'XR_NV_opaque_data_channel']
[INFO]: Required extensions: ['XR_KHR_convert_timespec_time', 'XR_NVX1_action_context', 'XR_NV_opaque_data_channel']
LOG in xrCreateInstance: Instance created
	createInfo->applicationInfo.applicationName: IsaacLab
	createInfo->applicationInfo.applicationVersion: 1
	createInfo->applicationInfo.engineName: Omniverse Kit XR
	createInfo->applicationInfo.engineVersion: 110003
	createInfo->applicationInfo.apiVersion: 1.1.53
	appinfo.detected.engine.name: Omniverse
	appinfo.detected.engine.version: 0.0.0
	quirks.disable_vulkan_format_depth: false
	quirks.disable_vulkan_format_depth_stencil: false
	quirks.disable_quad_views: true
	quirks.no_validation_error_in_create_ref_space: true
	quirks.skip_end_session: false
	quirks.parallel_views: false
	quirks.no_texture_source_alpha: false

LOG in xrGetSystem: System has quad views but it is not allowed to expose them.
LOG in xrGetSystem: Selected devices
	Head: 'Head Device'
	Eyes: '<none>'
	Left: 'Quest Touch Plus Left'
	Right: 'Quest Touch Plus Right'
	Gamepad: '<none>'
	Hand-Tracking Left (unobstructed): 'Head Device'
	Hand-Tracking Right (unobstructed): 'Head Device'
	Hand-Tracking Left (conforming): '<none>'
	Hand-Tracking Right (conforming): '<none>'
XR_ERROR_FORM_FACTOR_UNSUPPORTED: xrGetSystem(getInfo->formFactor) no matching system (given: 2, first: 1)
LOG in xrCreateVulkanInstanceKHR: Creation of VkInstance:
	result: VK_SUCCESS
	vulkanInstance: 0x7d9fbcf5a910
	extensions:
		VK_KHR_external_fence_capabilities
		VK_KHR_external_memory_capabilities
		VK_KHR_external_semaphore_capabilities
		VK_KHR_get_physical_device_properties2
		VK_EXT_debug_utils
LOG in xrGetVulkanGraphicsDeviceKHR: Creation of VkDevice:
	result: VK_SUCCESS
	vulkanDevice: 0x7d9fbcc0cfd0
	vulkanInstance: 0x7d9fbcf5a910
	external_fence_fd: true
	external_semaphore_fd: true
	timelineSemaphore: true
	extensions:
		VK_KHR_dedicated_allocation
		VK_KHR_external_fence
		VK_KHR_external_memory
		VK_KHR_external_semaphore
		VK_KHR_get_memory_requirements2
		VK_KHR_external_memory_fd
		VK_EXT_depth_range_unrestricted
		VK_KHR_external_semaphore_fd
		VK_KHR_external_fence_fd
		VK_KHR_image_format_list
		VK_KHR_timeline_semaphore
{"epoch": 1, "event": "demo_xr_navigation_frame_applied", "monotonic_ns": 3539553378565007, "recenter": false, "recenter_ack": null, "world_T_physical": [[2.220446049250313e-16, 0.0, -1.0, -0.05000000074505806], [-1.0, 0.0, -2.220446049250313e-16, 0.0], [0.0, 1.0, 0.0, -0.10000000149011612], [0.0, 0.0, 0.0, 1.0]]}
[INFO]: Acquired OpenXR handles from Kit XR bridge
2026-10-06T18:59:43Z [5,206ms] [Warning] [omni.usd] Encountered USD Warnings but USD Diagnostics are currently muted. To view USD Warnings, please set the '/persistent/app/usd/muteUsdDiagnostics' setting to false in Preferences page.
2026-10-06T18:59:43Z [5,824ms] [Warning] [omni.rtx] Requesting texture to use texture streaming, but the service isn't available.  The texture will be created as a regular resource.
[6.999s] [ext: omni.warp.core-1.16.0] startup
[7.003s] [ext: isaacsim.kit.xr.teleop.bridge-1.1.4] startup
2026-10-06T18:59:45Z [7,160ms] [Warning] [carb.windowing-glfw.plugin] GLFW initialization failed.
2026-10-06T18:59:45Z [7,160ms] [Warning] [carb] Failed to startup plugin carb.windowing-glfw.plugin (interfaces: [carb::windowing::IGLContext v1.0],[carb::windowing::IWindowing v1.5]) (impl: carb.windowing-glfw.plugin)
2026-10-06T18:59:45Z [7,163ms] [Warning] [carb.windowing-glfw.plugin] GLFW initialization failed.
2026-10-06T18:59:45Z [7,163ms] [Warning] [carb] Failed to startup plugin carb.windowing-glfw.plugin (interfaces: [carb::windowing::IGLContext v1.0],[carb::windowing::IWindowing v1.5]) (impl: carb.windowing-glfw.plugin)
2026-10-06T18:59:45Z [7,248ms] [Warning] [isaaclab_teleop.session_lifecycle] Teleop workstation check: 1 requirement(s) below the recommended spec
See https://isaac-sim.github.io/IsaacLab/develop/source/how-to/cloudxr_teleoperation.html

  [  ok] CPU single-thread   1.14 of reference                       (need >= 0.80 of reference)
  [  ok] CPU governor        powersave                               (need performance (or single-thread >= 0.80))
  [  ok] CPU boost clock     5.0 GHz                                 (need >= 4.0 GHz)
  [  ok] CPU physical cores  16                                      (need >= 8)
  [  ok] GPU memory          25 GB (cuda:0 NVIDIA GeForce RTX 4090)  (need >= 24 GB)
  [  ok] GPU architecture    compute 8.9                             (need >= compute 8.9)
  [  ok] NVIDIA driver       580.159.03                              (need >= 580)
  [WARN] System memory       31 GiB                                  (need >= 60 GiB)
  [  ok] CPU architecture    x86_64                                  (need x86_64 or AMD64)
DeviceIOSession: Creating session with 2 trackers
ControllerTracker initialized (left + right) with action context
[INFO]: IsaacTeleop session started: IsaacLabTeleop
{"environment_reset": false, "event": "demo_xr_navigation_retargeters_rebased", "monotonic_ns": 3539553380357173, "session_running": true, "step": 130}
{"event": "human_recording_state", "state": "recording", "demo_id": "d8afd25f5f1149f3af137faff58458f2", "input": "start"}
{"committed_frames": 1281, "discarded_observations": 1, "episode_id": "episode_000000", "event": "recording_episode_sealed", "outcome": "aborted", "output_dir": "/data/ebulochkin/vla-runtime/isaac-isaac61/recordings/20261006T185931122784Z-record-dual_cube_to_matching_plates-hud-off", "reason": "environment_reset_requested", "rejections": {"environment_reset_requested": 1}, "run_id": "1093db28-4c77-4022-a681-6ab01f59e41b", "session_id": "35c18677-c5d6-4111-bcaf-9f23b0e8d5f5", "source_profile": "isaac_human_vr_offline_rgb_v2"}
{"event": "human_recording_state", "state": "recording", "demo_id": "4cb3c310cbd34e2b87fc75ae2bb18a6d", "input": "start"}
{"committed_frames": 304, "discarded_observations": 0, "episode_id": "episode_000000", "event": "recording_episode_sealed", "outcome": "operator_stopped", "output_dir": "/data/ebulochkin/vla-runtime/isaac-isaac61/recordings/20261006T185931122784Z-record-dual_cube_to_matching_plates-hud-off-4cb3c310cbd34e2b87fc75ae2bb18a6d-episode_000000", "reason": "explicit_stop", "rejections": {}, "run_id": "1093db28-4c77-4022-a681-6ab01f59e41b", "session_id": "537692b3-fb84-40a0-bf04-c1611447f870", "source_profile": "isaac_human_vr_offline_rgb_v2"}
{"event": "human_recording_state", "state": "review", "demo_id": "4cb3c310cbd34e2b87fc75ae2bb18a6d", "input": "stop"}
{"event": "human_recording_state", "state": "waiting", "demo_id": null, "input": "discard"}
{"event": "human_recording_state", "state": "recording", "demo_id": "e7847a6cd8e6450da8b922f47254ba40", "input": "start"}
{"committed_frames": 836, "discarded_observations": 0, "episode_id": "episode_000000", "event": "recording_episode_sealed", "outcome": "operator_stopped", "output_dir": "/data/ebulochkin/vla-runtime/isaac-isaac61/recordings/20261006T185931122784Z-record-dual_cube_to_matching_plates-hud-off-e7847a6cd8e6450da8b922f47254ba40-episode_000000", "reason": "explicit_stop", "rejections": {}, "run_id": "1093db28-4c77-4022-a681-6ab01f59e41b", "session_id": "2b577167-599c-4ebe-9655-d97deb98a947", "source_profile": "isaac_human_vr_offline_rgb_v2"}
{"event": "human_recording_state", "state": "review", "demo_id": "e7847a6cd8e6450da8b922f47254ba40", "input": "stop"}
{"event": "human_recording_state", "state": "classify_outcome", "demo_id": "e7847a6cd8e6450da8b922f47254ba40", "input": "save"}
{"event": "human_recording_state", "state": "waiting", "demo_id": null, "input": "success"}
[INFO]: IsaacTeleop session ended
{"event": "s2_stop_requested", "reason": "keyboard_interrupt", "step": 9636}
{"cameras": {"left_wrist": "960x600 uint8 RGB HWC", "right_wrist": "960x600 uint8 RGB HWC", "strictly_advanced_bimanual_frames": 0, "valid_bimanual_frames": 9214}, "environment": {"cloudxr": "6.2.1", "cloudxr_profile": "cloudxrjs", "isaac_lab_commit": "0c2e2c64e51922d088b695d72ffe03faa5c6b95d", "isaac_lab_package": "17.0.2", "isaac_lab_release": "release/3.0.0", "isaac_sim": "6.1.0.0", "isaaclab_teleop": "0.9.0", "isaacteleop": "1.4.98rc1", "kit_xr_bridge": true, "python": "3.12.13"}, "execution": {"control_hz": 26.96264858504903, "control_steps": 9636, "physics_hz": 107.85059434019612, "saturated_frames": 191, "stopped_by_user": true, "tracking_valid_frames": {"left": 3779, "right": 3779}, "wall_seconds": 357.3832878326066}, "gate": "S2", "human_recording": {"demo_id": null, "error": null, "saved_index_root": "/data/ebulochkin/vla-runtime/isaac-isaac61/recordings/saved_demos", "state": "waiting"}, "mode": "run", "passed": false, "physical_human_gate": "required_not_implied_by_runtime_smoke", "processor": {"clutch": "independent squeeze > 0.5; release discards one delta", "gripper": "independent analog trigger [0,1] maps linearly and monotonically from 0.1 m open to 0.0 m closed", "revision": "piper_x_isaac_s2_bimanual_relative_v3", "sensitivity": {"center": {"rotation_scale": 4.0, "translation_scale": 4.0}, "control_mode": "slider", "input_control": "thumbstick_x", "input_range": [-1.0, 1.0], "mapping": "Piecewise linear and clamped; left is slower, center keeps the previous normal speed, right is faster.", "maximum": {"rotation_scale": 6.0, "translation_scale": 6.0}, "minimum": {"rotation_scale": 2.0, "translation_scale": 2.0}, "quest_control": "each controller's own horizontal thumbstick axis", "scope": "independent per arm"}, "source_timestamp_threshold": null, "tracking_recovery": "unusable pose invalidates upstream SE(3) baseline and smoothing; first recovered frame emits zero delta"}, "recording": {"committed_frames": 836, "discarded_observations": 0, "episode_id": "episode_000000", "outcome": "operator_stopped", "output_dir": "/data/ebulochkin/vla-runtime/isaac-isaac61/recordings/20261006T185931122784Z-record-dual_cube_to_matching_plates-hud-off-e7847a6cd8e6450da8b922f47254ba40-episode_000000", "reason": "explicit_stop", "rejections": {}, "run_id": "1093db28-4c77-4022-a681-6ab01f59e41b", "session_id": "2b577167-599c-4ebe-9655-d97deb98a947", "source_profile": "isaac_human_vr_offline_rgb_v2"}, "recording_episodes": [{"committed_frames": 1281, "discarded_observations": 1, "episode_id": "episode_000000", "outcome": "aborted", "output_dir": "/data/ebulochkin/vla-runtime/isaac-isaac61/recordings/20261006T185931122784Z-record-dual_cube_to_matching_plates-hud-off", "reason": "environment_reset_requested", "rejections": {"environment_reset_requested": 1}, "run_id": "1093db28-4c77-4022-a681-6ab01f59e41b", "session_id": "35c18677-c5d6-4111-bcaf-9f23b0e8d5f5", "source_profile": "isaac_human_vr_offline_rgb_v2"}, {"committed_frames": 304, "discarded_observations": 0, "episode_id": "episode_000000", "outcome": "operator_stopped", "output_dir": "/data/ebulochkin/vla-runtime/isaac-isaac61/recordings/20261006T185931122784Z-record-dual_cube_to_matching_plates-hud-off-4cb3c310cbd34e2b87fc75ae2bb18a6d-episode_000000", "reason": "explicit_stop", "rejections": {}, "run_id": "1093db28-4c77-4022-a681-6ab01f59e41b", "session_id": "537692b3-fb84-40a0-bf04-c1611447f870", "source_profile": "isaac_human_vr_offline_rgb_v2"}, {"committed_frames": 836, "discarded_observations": 0, "episode_id": "episode_000000", "outcome": "operator_stopped", "output_dir": "/data/ebulochkin/vla-runtime/isaac-isaac61/recordings/20261006T185931122784Z-record-dual_cube_to_matching_plates-hud-off-e7847a6cd8e6450da8b922f47254ba40-episode_000000", "reason": "explicit_stop", "rejections": {}, "run_id": "1093db28-4c77-4022-a681-6ab01f59e41b", "session_id": "2b577167-599c-4ebe-9655-d97deb98a947", "source_profile": "isaac_human_vr_offline_rgb_v2"}], "runtime_path": "Quest -> CloudXR/isaacteleop -> isaaclab_teleop -> one ControllersSource -> S2 processor -> DifferentialIKController -> accepted S1 native actuation", "session": {"action_frames": 9085, "demo_backdrop_toggle_smoke_met": true, "demo_display_toggle_smoke_met": true, "demo_recenter_smoke_met": true, "require_physical_tracking": true, "require_session": true, "single_controller_source": true, "started_ever": true}, "status": "failed", "xr_presentation": {"anchor_pos_m": [-0.05, 0.0, -0.1], "anchor_rot_xyzw": [0.0, 0.0, -0.7071067811865475, 0.7071067811865476], "authoritative_scene_geometry_changed": false, "controller_transform_source": "XRCore.get_physical_to_virtual_world_transform", "near_plane_m": 0.1, "selected_vr_scene_geometry_applied": true}}
[INFO]: XR enabled changed to: False
[INFO]: IsaacTeleop session torn down after external XR shutdown
XR_ERROR_VALIDATION_FAILURE: xrWaitFrame(frameState->type == 0)
[S2] owned CloudXR stopped before Kit fast shutdown
2026-10-06T19:01:56Z [138,054ms] [Warning] [carb.windowing-glfw.plugin] GLFW initialization failed.
2026-10-06T19:01:56Z [138,054ms] [Warning] [carb] Failed to startup plugin carb.windowing-glfw.plugin (interfaces: [carb::windowing::IGLContext v1.0],[carb::windowing::IWindowing v1.5]) (impl: carb.windowing-glfw.plugin)
2026-10-06T19:01:56Z [138,057ms] [Warning] [carb.windowing-glfw.plugin] GLFW initialization failed.
2026-10-06T19:01:56Z [138,057ms] [Warning] [carb] Failed to startup plugin carb.windowing-glfw.plugin (interfaces: [carb::windowing::IGLContext v1.0],[carb::windowing::IWindowing v1.5]) (impl: carb.windowing-glfw.plugin)
[365.046s] Simulation App Shutting Down
